06-18 07:18:29.829  3724  3724 I AudioFlinger: openOutput() this 0x7958709040, module 10 Device AUDIO_DEVICE_OUT_SPEAKER, @:, SamplingRate 48000, Format 0x000001, Channels 0x3, flags 0xa
06-18 07:18:29.829  3158  3272 I bt_btif_sock_rfcomm: system/btif/src/btif_sock_rfc.cc:398 btsock_rfc_listen: Adding listening socket service_name: com.sony.songpal.tandem - channel: -1
06-18 07:18:29.829  3158  3360 I bt_btif_sock_rfcomm: system/btif/src/btif_sock_rfc.cc:999 jv_dm_cback: handling event:BTA_JV_GET_SCN_EVT, slot_id:5
06-18 07:18:29.829  3158  3360 I bt_btif_sock_rfcomm: system/btif/src/btif_sock_rfc.cc:999 jv_dm_cback: handling event:BTA_JV_CREATE_RECORD_EVT, slot_id:5
06-18 07:18:29.830  3158  3360 I bt_bta_dm: system/bta/dm/bta_dm_act.cc:1084 bta_dm_set_eir: Generating extended inquiry response packet EIR
06-18 07:18:29.830  3158  3360 W rfcomm_port_utils: system/stack/rfcomm/port_utils.cc:289 port_find_mcb: not found, bd_addr:ff:ff:ff:ff:ff:ff
06-18 07:18:29.830  3158  3360 I bt_port_api: system/stack/rfcomm/port_api.cc:224 RFCOMM_CreateConnectionWithSecurity: bd_addr=ff:ff:ff:ff:ff:ff, scn=8, is_server=true, mtu=990, uuid=0x0, dlci=16, signal_state=0xb, p_port=0x7bb390aad8
06-18 07:18:29.830  3158  3360 I bt_btif_sock_rfcomm: system/btif/src/btif_sock_rfc.cc:951 rfcomm_cback: handling BTA_JV_RFCOMM_START_EVT, slot_id:5
06-18 07:18:29.830  3158  3360 I bt_btif_sock_rfcomm: system/btif/src/btif_sock_rfc.cc:640 on_srv_rfc_listen_started: listening for RFCOMM socket connections for device: 00:00:00:00:00:00, scn: 8, app_uid: 10649, id: 5
06-18 07:18:29.830  7935  8551 D CompatChangeReporter: Compat change id reported: 311402873; UID 10649; state: ENABLED
06-18 07:18:29.831  7935  8551 D CompatChangeReporter: Compat change id reported: 323349338; UID 10649; state: ENABLED
06-18 07:18:29.831  7935  8551 W JobInfo : Job 'com.sony.songpal/.localplayer.mediadb.provider.MediaScannerJobService#1800' has a deadline with no functional constraints. The deadline won't improve job execution latency. Consider removing the deadline.
06-18 07:18:29.835  3592  3878 D BluetoothSocket: bindListen(), SocketState: INIT, mPfd: {ParcelFileDescriptor: java.io.FileDescriptor@aa34072}
06-18 07:18:29.836  3592  3878 D BluetoothSocket: bindListen(), Create LocalSocket
06-18 07:18:29.844  3592  3878 D BluetoothSocket: bindListen(), new LocalSocket.getInputStream()
06-18 07:18:29.844  3592  3878 D BluetoothSocket: bindListen(), readInt mSocketIS: android.net.LocalSocketImpl$SocketInputStream@1ba1940
06-18 07:18:29.845  3592  3878 D BluetoothSocket: bindListen(): channel=8, mPort=-1
06-18 07:18:29.845  3592  3878 D BluetoothSocket: accept(), timeout (ms):-1
06-18 07:18:29.847  3747  3789 D audio_hw_primary: device-adev_open_output_stream: enter: io_handle (13), sample_rate(48000) channel_mask(0x3) format(0x1) framecount(0) devices(0x2) flags(0xa)
06-18 07:18:29.847  3747  3789 I secril_interface: proxy-getInstance: created RILClient Interface Instance!
06-18 07:18:29.856  3747  3789 D secril_interface: SecRilOpen: Succeeded in getting RIL AudioClient Interface!
06-18 07:18:29.856  3747  3789 D secril_interface: SecRilOpen: Succeeded in opening RIL AudioClient!
06-18 07:18:29.857  3747  3789 D RILClient: Connect_RILD: socket allocated 13
06-18 07:18:29.857  3747  3789 D RILClient: Connect_RILD: Success to connect
06-18 07:18:29.857  3747  3789 D secril_interface: SecRilOpen: RIL Client is connected with RIL
06-18 07:18:29.857  3747  3789 D audio_hw_primary: device-adev_open_output_stream: initialized Voice Manager!
06-18 07:18:29.857  3747  3789 I audio_hw_primary: device-adev_open_output_stream: requested to open Primary playback stream
06-18 07:18:29.857  3747  3789 I audio_hw_proxy_9810: proxy-proxy_create_playback_stream: opened Proxy Stream(primary_out)
06-18 07:18:29.857  3747  3789 I audio_hw_primary: primary_out-adev_open_output_stream: transited to Standby
06-18 07:18:29.857  3747  3789 I audio_hw_primary: device-adev_open_output_stream: opened primary_out stream
06-18 07:18:29.857  3747  3789 D audio_hw_primary: primary_out-out_update_source_metadata: called, but not implemented yet
06-18 07:18:29.857  3747  3789 D audio_hw_primary: primary_out-out_update_source_metadata: This stream has 1 tracks
06-18 07:18:29.859 11877 13799 W AiAiEcho: LyftNotificationParser Ridesharing ETA not enabled
06-18 07:18:29.859 11877 13799 I AiAiEcho: SmartspaceNotificationPredictor no parser can handle this notification or notification is invalid
06-18 07:18:29.860  3747  3789 D audio_hw_primary: 1 Track has Usage(0), Content Type(0), Gain(0.000000)
06-18 07:18:29.864  3724  3724 I AudioFlinger: operator(): Using 3000 ms as standby time
06-18 07:18:29.869  3724  3724 I AudioFlinger: HAL output buffer size 960 frames, normal sink buffer size 960 frames
06-18 07:18:29.871  3724  3724 W FactoryHal: hasAidlHalService android.hardware.audio.effect.IFactory/default: false
06-18 07:18:29.872  4340  4340 I hwservicemanager: getTransport: Cannot find entry android.hardware.audio.effect@7.1::IEffectsFactory/default in either framework or device VINTF manifest.
06-18 07:18:29.874  3724  3724 W FactoryHal: hasAidlHalService android.hardware.audio.core.IModule/default: false
06-18 07:18:29.919  3747  3789 I DlbDlbEffect: getDescriptor(uuid=6AB06DA4-C516-4611-8166-452799218539, pDescriptor=0xe6780c10)
06-18 07:18:29.919  3747  3789 I DlbDlbEffect: getDescriptor() Returning descriptor for DAX3_S_3.5.5.0_r1
06-18 07:18:29.919  3724  3724 I BufferProvider: found effect "Multichannel Downmix To Stereo" from The Android Open Source Project
06-18 07:18:29.923  3724  3724 D AudioFlinger: Failed to add event callback
06-18 07:18:29.924  3724  3915 I AudioFlinger: AudioFlinger's thread 0x7ba4751790 tid=3915 ready to run
06-18 07:18:29.925  3724  3915 W AudioFlinger: no wake lock to update, system not ready yet
06-18 07:18:29.926  6647  6647 I WifiHAL : Creating message to get link statistics; iface = 17
06-18 07:18:29.929  3747  3747 D audio_hw_primary: device-adev_set_voice_volume: set volume to (0.000000)
06-18 07:18:29.932  3724  3724 W AudioFlinger: moveEffects() AUDIO_SESSION_OUTPUT_MIX not found in orphans, checking other mix
06-18 07:18:29.932  3724  3724 W AudioFlinger: moveEffects() bad srcIo 0
06-18 07:18:29.932  3724  3724 I APM::AudioPolicyEngine: getDevicesForStrategyInt no device found for strategy 8
06-18 07:18:29.940  6647  6647 E WifiHAL : handleResponse: null data
06-18 07:18:29.940  7935  8318 E WifiStaIfaceAidlImpl: getLinkLayerStats failed with service-specific exception: android.os.ServiceSpecificException:  (code 9)
06-18 07:18:29.971  6647  6647 D WifiHAL : Start debug command: mType GET_FEATURE
06-18 07:18:29.971  6647  6647 I WifiHAL : CreateRequest mType = GET_FEATURE
06-18 07:18:29.971  6647  6647 D WifiHAL : In DebugCommand::handleResponse, mType:GET_FEATURE
06-18 07:18:29.971  6647  6647 D WifiHAL : len = 4, expected len = 4
06-18 07:18:29.973  7935  8318 I HalDevMgr: bestIfaceCreationProposal is null, requestIface=STA, existingIface=[name=wlan0 type=STA]
06-18 07:18:29.973  3724  3915 W AudioFlinger: no wake lock to update, system not ready yet
06-18 07:18:29.974  3747  3747 D audio_hw_primary: primary_out-out_set_parameters: enter with param = routing=2
06-18 07:18:29.974  3747  3747 I audio_hw_primary: primary_out-out_set_parameters: requested to change route from speaker to speaker
06-18 07:18:29.974  3747  3747 V audio_hw_primary: primary_out-out_set_parameters: real routing is not needed
06-18 07:18:29.974  3724  3915 D AudioFlinger: updateHalSupportedLatencyModes_l: thread(13) status -38 supported latency modes: { }
06-18 07:18:29.975  3747  3747 D audio_hw_primary: primary_out-out_update_source_metadata: called, but not implemented yet
06-18 07:18:29.976  3724  3724 I AudioFlinger: openOutput() this 0x7958709040, module 10 Device AUDIO_DEVICE_OUT_SPEAKER, @:, SamplingRate 48000, Format 0x000001, Channels 0x3, flags 0x4
06-18 07:18:29.976  3747  3747 D audio_hw_primary: device-adev_open_output_stream: enter: io_handle (21), sample_rate(48000) channel_mask(0x3) format(0x1) framecount(0) devices(0x2) flags(0x4)
06-18 07:18:29.976  3747  3747 I audio_hw_primary: device-adev_open_output_stream: requested to open Fast playback stream
06-18 07:18:29.977  3747  3747 I audio_hw_proxy_9810: proxy-proxy_create_playback_stream: opened Proxy Stream(fast_out)
06-18 07:18:29.977  3747  3747 I audio_hw_primary: fast_out-adev_open_output_stream: transited to Standby
06-18 07:18:29.977  3747  3747 I audio_hw_primary: device-adev_open_output_stream: opened fast_out stream
06-18 07:18:29.977  3747  3747 D audio_hw_primary: fast_out-out_update_source_metadata: called, but not implemented yet
06-18 07:18:29.977  3747  3747 D audio_hw_primary: fast_out-out_update_source_metadata: This stream has 1 tracks
06-18 07:18:29.977  3747  3747 D audio_hw_primary: 1 Track has Usage(0), Content Type(0), Gain(0.000000)
06-18 07:18:29.978  3724  3724 I AudioFlinger: HAL output buffer size 192 frames, normal sink buffer size 960 frames
06-18 07:18:29.979  3724  3724 W libutils.threads: Thread (this=0x7ba44eb3c0): getTid() is undefined before run()
06-18 07:18:29.980  3724  3724 D AudioFlinger: Failed to add event callback
06-18 07:18:29.981  3724  3931 I AudioFlinger: AudioFlinger's thread 0x7ba46d2790 tid=3931 ready to run
06-18 07:18:29.981  3724  3931 W AudioFlinger: no wake lock to update, system not ready yet
06-18 07:18:29.983  3724  3724 I APM::AudioPolicyEngine: getDevicesForStrategyInt no device found for strategy 8
06-18 07:18:30.007  3724  3931 W AudioFlinger: no wake lock to update, system not ready yet
06-18 07:18:30.008  3747  3747 D audio_hw_primary: fast_out-out_set_parameters: enter with param = routing=2
06-18 07:18:30.008  3747  3747 I audio_hw_primary: fast_out-out_set_parameters: requested to change route from speaker to speaker
06-18 07:18:30.008  3747  3747 D audio_hw_primary: fast_out-out_set_parameters: adev->current_devices = 2
06-18 07:18:30.008  3747  3747 V audio_hw_primary: fast_out-out_set_parameters: real routing is not needed
06-18 07:18:30.008  3724  3931 D AudioFlinger: updateHalSupportedLatencyModes_l: thread(21) status -38 supported latency modes: { }
06-18 07:18:30.008  3747  3747 D audio_hw_primary: fast_out-out_update_source_metadata: called, but not implemented yet
06-18 07:18:30.010  3747  3747 D audio_hw_primary: device-adev_open_input_stream: enter: io_handle (14), sample_rate(48000) channel_mask(0xc) format(0x1) framecount(0) devices(0x80000004) flags(0) sources(1)
06-18 07:18:30.010  3747  3747 I audio_hw_primary: device-adev_open_input_stream: requested to open Primay capture stream
06-18 07:18:30.010  3747  3747 I audio_hw_proxy_9810: proxy-proxy_create_capture_stream: set PRIMARY config Stream(primary_in)
06-18 07:18:30.010  3747  3747 I audio_hw_proxy_9810: proxy-proxy_create_capture_stream: opened Proxy Stream(primary_in)
06-18 07:18:30.010  3747  3747 I audio_hw_primary: primary_in-adev_open_input_stream: transited to Standby
06-18 07:18:30.010  3747  3747 I audio_hw_primary: device-adev_open_input_stream: opened primary_in stream
06-18 07:18:30.010  3747  3747 D audio_hw_primary: primary_in-in_update_sink_metadata: called, but not implemented yet
06-18 07:18:30.010  3747  3747 D audio_hw_primary: primary_in-in_update_sink_metadata: This stream has 1 tracks
06-18 07:18:30.010  3747  3747 D audio_hw_primary: 1 Track has Source(1), Gain(1.000000)
06-18 07:18:30.013  3724  3933 I AudioFlinger: AudioFlinger's thread 0x7ba4493a38 tid=3933 ready to run
06-18 07:18:30.014  3724  3933 W AudioFlinger: no wake lock to update, system not ready yet
06-18 07:18:30.016  3724  3933 W AudioFlinger: no wake lock to update, system not ready yet
06-18 07:18:30.016  3747  3747 I audio_hw_primary: device-adev_close_input_stream: enter
06-18 07:18:30.016  3747  3747 I audio_hw_primary: primary_in-adev_close_input_stream: try to close capture stream
06-18 07:18:30.017  3747  3747 I audio_hw_primary: primary_in-adev_close_input_stream: closed capture stream
06-18 07:18:30.017  7935  7935 I notification_enqueue: [10659,24412,com.maxmpz.equalizer,1,NULL,0,Notification(channel=peq-1 shortcut=null contentView=null vibrate=null sound=null defaults=0 flags=FOREGROUND_SERVICE|LOCAL_ONLY color=0x00000000 actions=2 vis=SECRET),1,1]
06-18 07:18:30.024  3724  3724 W DeviceHalHidl: getSoundDoseInterface service android.hardware.audio.sounddose.ISoundDoseFactory/default doesn't exist
06-18 07:18:30.024  3724  3724 W MelReporter: activateHalSoundDoseComputation: HAL cannot provide sound dose interface for module bluetooth
06-18 07:18:30.024  3724  3724 W AudioFlinger: loadHwModule() sound dose reporting is not available
06-18 07:18:30.025  3724  3724 I AudioFlinger: loadHwModule() Loaded bluetooth audio interface, handle 18
06-18 07:18:30.028  3724  3724 W DeviceHalHidl: getSoundDoseInterface service android.hardware.audio.sounddose.ISoundDoseFactory/default doesn't exist
06-18 07:18:30.029  3724  3724 W MelReporter: activateHalSoundDoseComputation: HAL cannot provide sound dose interface for module usb
06-18 07:18:30.029  3724  3724 W AudioFlinger: loadHwModule() sound dose reporting is not available
06-18 07:18:30.029  3724  3724 I AudioFlinger: loadHwModule() Loaded usb audio interface, handle 26
06-18 07:18:30.034  3747  3747 I r_submix: adev_open(name=audio_hw_if)
06-18 07:18:30.034  3724  3724 W DeviceHalHidl: getSoundDoseInterface service android.hardware.audio.sounddose.ISoundDoseFactory/default doesn't exist
06-18 07:18:30.034  3724  3724 W MelReporter: activateHalSoundDoseComputation: HAL cannot provide sound dose interface for module r_submix
06-18 07:18:30.034  3724  3724 W AudioFlinger: loadHwModule() sound dose reporting is not available
06-18 07:18:30.035  3747  3747 I r_submix: adev_init_check()
06-18 07:18:30.035  3724  3724 I AudioFlinger: loadHwModule() Loaded r_submix audio interface, handle 34
06-18 07:18:30.035  3747  3789 D r_submix: adev_open_input_stream(addr=0)
06-18 07:18:30.035  3747  3789 I r_submix: adev_open_input_stream(): about to create pipe at index 9, rate 48000, pipe size 4096
06-18 07:18:30.035  3747  3789 D r_submix: submix_audio_device_create_pipe_l(addr=0, idx=9)
06-18 07:18:30.035  3747  3789 D r_submix:   now using address 0 for route 9
06-18 07:18:30.037  3724  3935 I AudioFlinger: AudioFlinger's thread 0x7ba4493a38 tid=3935 ready to run
06-18 07:18:30.037  3747  3789 I r_submix: in_standby()
06-18 07:18:30.037  3724  3935 W AudioFlinger: no wake lock to update, system not ready yet
06-18 07:18:30.037  3747  3789 I r_submix: in_standby()
06-18 07:18:30.038  3724  3935 W AudioFlinger: no wake lock to update, system not ready yet
06-18 07:18:30.038  3747  3789 D r_submix: adev_close_input_stream()
06-18 07:18:30.038  3747  3789 D r_submix: submix_audio_device_release_pipe_l(idx=9) addr=0
06-18 07:18:30.038  3747  3789 D r_submix: submix_audio_device_destroy_pipe_l(): pipe destroyed
06-18 07:18:30.040  3724  3724 I APM::AudioPolicyEngine: getDevicesForStrategyInt no device found for strategy 8
06-18 07:18:30.042  3724  3724 W FactoryHal: hasAidlHalService android.hardware.audio.effect.IFactory/default: false
06-18 07:18:30.043  4340  4340 I hwservicemanager: getTransport: Cannot find entry android.hardware.audio.effect@7.1::IEffectsFactory/default in either framework or device VINTF manifest.
06-18 07:18:30.046  3724  3724 W FactoryHal: hasAidlHalService android.hardware.audio.core.IModule/default: false
06-18 07:18:30.057  3724  3724 I audioserver_main: main: AudioPolicy created
06-18 07:18:30.057  3724  3724 D AudioSystem: onNewService: media.audio_policy service obtained 0x7a58708f10
06-18 07:18:30.057  3724  3724 I audioserver_main: main: AudioSystem ready
06-18 07:18:30.059  7217  8484 W AudioAnalytics: onAudioServerStart: (key=audio.policy) AudioPolicy ctor after uncaught failure, mStartCount:13 mStopCount:12 uptimeMs:397.109009 loadTimeMs:395.194092
06-18 07:18:30.059  7935  9021 D AudioSystem: onNewServiceWithAdapter: media.audio_flinger service obtained 0x7c7425fe80
06-18 07:18:30.059 24412 24535 D AudioSystem: onNewServiceWithAdapter: media.audio_flinger service obtained 0x7c74136820
06-18 07:18:30.060 10564  3721 D AudioSystem: onNewServiceWithAdapter: media.audio_flinger service obtained 0x7c74292d30
06-18 07:18:30.063  7935  8465 W Binder  : Outgoing transactions from this process must be FLAG_ONEWAY
06-18 07:18:30.063  7935  8465 W Binder  : java.lang.Throwable
06-18 07:18:30.063  7935  8465 W Binder  : 	at android.os.BinderProxy.transact(BinderProxy.java:560)
06-18 07:18:30.063  7935  8465 W Binder  : 	at android.media.IAudioPolicyService$Stub$Proxy.setEnableHardening(IAudioPolicyService.java:4103)
06-18 07:18:30.063  7935  8465 W Binder  : 	at com.android.server.audio.DefaultAudioPolicyFacade.setEnableHardening(DefaultAudioPolicyFacade.java:83)
06-18 07:18:30.063  7935  8465 W Binder  : 	at com.android.server.audio.AudioService.lambda$new$0(AudioService.java:1444)
06-18 07:18:30.063  7935  8465 W Binder  : 	at com.android.server.audio.AudioService.$r8$lambda$gYS_-oND_F_IUnw9rtMzdkx_HBY(AudioService.java:0)
06-18 07:18:30.063  7935  8465 W Binder  : 	at com.android.server.audio.AudioService$$ExternalSyntheticLambda35.run(R8$$SyntheticClass:0)
06-18 07:18:30.063  7935  8465 W Binder  : 	at com.android.server.audio.DefaultAudioPolicyFacade.$r8$lambda$-AKBXD_jGFn8nzWEFdnCSYP_kCg(DefaultAudioPolicyFacade.java:91)
06-18 07:18:30.063  7935  8465 W Binder  : 	at com.android.server.audio.DefaultAudioPolicyFacade$$ExternalSyntheticLambda2.accept(R8$$SyntheticClass:0)
06-18 07:18:30.063  7935  8465 W Binder  : 	at com.android.server.audio.ServiceHolder.$r8$lambda$FyV02pxhdgnfX1I6jqJTZEz-NV4(ServiceHolder.java:208)
06-18 07:18:30.063  7935  8465 W Binder  : 	at com.android.server.audio.ServiceHolder$$ExternalSyntheticLambda2.run(R8$$SyntheticClass:0)
06-18 07:18:30.063  7935  8465 W Binder  : 	at java.util.concurrent.Executors$RunnableAdapter.call(Executors.java:520)
06-18 07:18:30.063  7935  8465 W Binder  : 	at java.util.concurrent.FutureTask.run(FutureTask.java:317)
06-18 07:18:30.063  7935  8465 W Binder  : 	at java.util.concurrent.ScheduledThreadPoolExecutor$ScheduledFutureTask.run(ScheduledThreadPoolExecutor.java:348)
06-18 07:18:30.063  7935  8465 W Binder  : 	at java.util.concurrent.ThreadPoolExecutor.runWorker(ThreadPoolExecutor.java:1154)
06-18 07:18:30.063  7935  8465 W Binder  : 	at java.util.concurrent.ThreadPoolExecutor$Worker.run(ThreadPoolExecutor.java:652)
06-18 07:18:30.063  7935  8465 W Binder  : 	at java.lang.Thread.run(Thread.java:1563)
06-18 07:18:30.064 10564 11422 D AudioSystem: getService: IAudioFlingerService retrieved: 0x7c941e4610  IAudioFlinger cached: 0x7c74292d30
06-18 07:18:30.065  3724  3831 E audioserver: Function: createFromTrustedUidNoPackage Line: 41 Failed result (Status(-5, EX_ILLEGAL_STATE): 'NPC::validatedUidPackagePair: controller never populated by system_server')
06-18 07:18:30.065  3724  3831 E AudioFlinger: Function: createTrack Line: 1065 Failed result (Status(-5, EX_ILLEGAL_STATE): 'NPC::validatedUidPackagePair: controller never populated by system_server')
06-18 07:18:30.065 10564 11422 E AudioTrack: createTrack_l(24): AudioFlinger could not create track, status: -38 output 0
06-18 07:18:30.066 10564 11422 W AudioTrack: restoreTrack_l(24): failed status -38, retries 10
06-18 07:18:30.066  7935 12215 D AudioSystem: onNewService: media.audio_policy service obtained 0x7c943f6890
06-18 07:18:30.067  7786  7828 I pixel-thermal: ac:50.1 raw data: ac:50100 
06-18 07:18:30.068  8928  9303 D AudioSystem: onNewService: media.audio_policy service obtained 0x7c941a4150
06-18 07:18:30.068 24412 24535 D AudioSystem: onNewService: media.audio_policy service obtained 0x7c94181330
06-18 07:18:30.068 10442 14157 D AudioSystem: onNewService: media.audio_policy service obtained 0x7c945e4350
06-18 07:18:30.069  8928  8928 D AudioSystem: getService: IAudioPolicyService retrieved: 0x7c941a4150  cached: 0x7c941a4150
06-18 07:18:30.069 10442 10972 D AudioSystem: getService: IAudioPolicyService retrieved: 0x7c945e4350  cached: 0x7c945e4350
06-18 07:18:30.070  3724  3837 E AudioPolicyInterfaceImpl: mustAnonymizeBluetoothAddress: error: Status(-5, EX_ILLEGAL_STATE): 'NPC::checkPermission: controller never populated by system_server'
06-18 07:18:30.070  3724  3940 E AudioPolicyInterfaceImpl: mustAnonymizeBluetoothAddress: error: Status(-5, EX_ILLEGAL_STATE): 'NPC::checkPermission: controller never populated by system_server'
06-18 07:18:30.070  7935  9056 D AudioSystem: getService: IAudioPolicyService retrieved: 0x7c943f6890  cached: 0x7c943f6890
06-18 07:18:30.070  7935  8494 D AudioSystem: getService: IAudioPolicyService retrieved: 0x7c943f6890  cached: 0x7c943f6890
06-18 07:18:30.070  7935  8225 D AudioSystem: getService: IAudioPolicyService retrieved: 0x7c943f6890  cached: 0x7c943f6890
06-18 07:18:30.070  7935  8467 D AudioSystem: getService: IAudioPolicyService retrieved: 0x7c943f6890  cached: 0x7c943f6890
06-18 07:18:30.070  3724  3941 E AudioPolicyInterfaceImpl: mustAnonymizeBluetoothAddress: error: Status(-5, EX_ILLEGAL_STATE): 'NPC::checkPermission: controller never populated by system_server'
06-18 07:18:30.071  7935  8474 D AudioSystem: getService: IAudioPolicyService retrieved: 0x7c943f6890  cached: 0x7c943f6890
06-18 07:18:30.072  3724  3943 I CaptureStateNotifier: Registering a listener
06-18 07:18:30.073  3724  3724 I audioserver_main: main: initialization done in 718.900 ms, joining thread pool
06-18 07:18:30.074  3724  3943 E AudioPolicyInterfaceImpl: mustAnonymizeBluetoothAddress: error: Status(-5, EX_ILLEGAL_STATE): 'NPC::checkPermission: controller never populated by system_server'
06-18 07:18:30.074  3724  3944 E AudioPolicyInterfaceImpl: mustAnonymizeBluetoothAddress: error: Status(-5, EX_ILLEGAL_STATE): 'NPC::checkPermission: controller never populated by system_server'
06-18 07:18:30.074  7935  8225 W libbinder.Binder: Binder transaction to android.media.IAudioService code 146 took 1331ms. Data bytes: 188 Reply bytes: 4 Flags: 16
06-18 07:18:30.074  7935  8466 D BluetoothA2dp: getCodecStatus(XX:XX:XX:XX:70:8C)
06-18 07:18:30.075  3158  3158 I bluetooth-a2dp: system/btif/src/btif_a2dp_source.cc:555 btif_a2dp_source_allow_low_latency_audio: allowed=false
06-18 07:18:30.075  7935  8465 I AS.AudioService: Controller start task complete
06-18 07:18:30.075  3158  3360 I BTAudioClientAIDL: system/audio_hal_interface/aidl/a2dp/client_interface_aidl.cc:321 SetAllowedLatencyModes: Latency mode allowed: FREE
06-18 07:18:30.075  3158  3360 I BTAudioClientAIDL: system/audio_hal_interface/aidl/a2dp/client_interface_aidl.cc:327 SetAllowedLatencyModes: Latency mode allowed: false
06-18 07:18:30.075  3747  3773 I BTAudioProviderStub: setLowLatencyModeAllowed - allowed 0
06-18 07:18:30.077  7935  8225 I AS.AudioService: BluetoothActiveDeviceChanged for A2DP, device update XX:XX:XX:XX:70:8C -> XX:XX:XX:XX:70:8C
06-18 07:18:30.078 24412 24725 D AudioSystem: getService: IAudioPolicyService retrieved: 0x7c94181330  cached: 0x7c94181330
06-18 07:18:30.081 10442 10442 W hbox:interactor: Long monitor contention with owner AudioPortEventHandler (10972) at int android.media.AudioManager.updateAudioPortCache(java.util.ArrayList, java.util.ArrayList, java.util.ArrayList)(AudioManager.java:8008) waiters=0 in int android.media.AudioManager.updateAudioPortCache(java.util.ArrayList, java.util.ArrayList, java.util.ArrayList) for 595ms
06-18 07:18:30.081 10442 10442 I dvm_lock_sample: [com.google.android.googlequickse,1,main,595,AudioManager.java,7925,int android.media.AudioManager.updateAudioPortCache(java.util.ArrayList, java.util.ArrayList, java.util.ArrayList),-,8008,int android.media.AudioManager.updateAudioPortCache(java.util.ArrayList, java.util.ArrayList, java.util.ArrayList),100]
06-18 07:18:30.082  7935  8469 W system_server: Long monitor contention with owner binder:7935_C (9056) at void com.android.server.audio.AudioService$VolumeStreamState.applyAllVolumes()(AudioService.java:10374) waiters=0 in int com.android.server.audio.AudioService$VolumeStreamState.getIndex(int) for 1.310s
06-18 07:18:30.082  7935  8469 I dvm_lock_sample: [system_server,1,AudioService,1310,AudioService.java,10537,int com.android.server.audio.AudioService$VolumeStreamState.getIndex(int),-,10374,void com.android.server.audio.AudioService$VolumeStreamState.applyAllVolumes(),100]
06-18 07:18:30.082  7935  8466 E AS.AudioDeviceInventory: invalid null DeviceInfo in onBluetoothDeviceConfigChange
06-18 07:18:30.082  7935  8469 I AS.AudioService: Audioserver started.
06-18 07:18:30.082  7935  8466 D BluetoothA2dp: getCodecStatus(XX:XX:XX:XX:70:8C)
06-18 07:18:30.082 10442 10442 I acpk    : (REDACTED) onAudioRouteChange called in DeviceLifecycleManagerDelegate, current state is: %s
06-18 07:18:30.083 10442 10442 I acpk    : (REDACTED) onAudioRouteChange: Route: %s; isBluetooth: %b; isUsb: %b; isLocal: %b;
06-18 07:18:30.083  7935  9056 W libbinder.Binder: Binder transaction to android.media.IAudioService code 146 took 1387ms. Data bytes: 144 Reply bytes: 4 Flags: 16
06-18 07:18:30.083  7935  8466 E AS.AudioDeviceInventory: invalid null DeviceInfo in onBluetoothDeviceConfigChange
06-18 07:18:30.084  7935  8466 I AS.AudioDeviceInventory: setBluetoothActiveDevice called from MSG_L_BT_ACTIVE_DEVICE_CHANGE_EXTBtDeviceInfo: device=XX:XX:XX:XX:70:8C state=2 prof=2 supprNoisy=true volume=13 isLeOutput=false eventSource=AudioService audioSystemDevice=128 musicDevice=0 isDeviceSwitch=false
06-18 07:18:30.084  3158  3537 I BluetoothUtils: Dual mode enable state is: false
06-18 07:18:30.084  7935  8466 D BluetoothA2dp: getCodecStatus(XX:XX:XX:XX:70:8C)
06-18 07:18:30.084  3158  3230 W droid.bluetooth: Long monitor contention with owner BluetoothActiveDeviceManager (3537) at boolean com.android.bluetooth.btservice.ActiveDeviceManager.setA2dpActiveDevice(android.bluetooth.BluetoothDevice, boolean)(ActiveDeviceManager.java:1077) waiters=0 in void com.android.bluetooth.btservice.ActiveDeviceManager.dump(java.io.PrintWriter) for 1.035s
06-18 07:18:30.084  3158  3230 I dvm_lock_sample: [com.android.bluetooth,0,binder:3158_1,1035,ActiveDeviceManager.java,1515,void com.android.bluetooth.btservice.ActiveDeviceManager.dump(java.io.PrintWriter),-,1077,boolean com.android.bluetooth.btservice.ActiveDeviceManager.setA2dpActiveDevice(android.bluetooth.BluetoothDevice, boolean),100]
06-18 07:18:30.084  3158  3230 I BluetoothUtils: Dual mode enable state is: false
06-18 07:18:30.086  7935  8494 I MR2ServiceImpl: addProviderRoutes | provider: com.android.server.media/.SystemMediaRoute2Provider, routes: [04:21:44:F7:70:8C | SRS-XB33]
06-18 07:18:30.088  7935  8469 I android_os_HwBinder: HwBinder: Starting thread pool for getting: android.hidl.manager@1.0::IServiceManager/default
06-18 07:18:30.088  7935  8226 W system_server: Long monitor contention with owner binder:7935_C (9056) at void com.android.server.audio.AudioService$VolumeStreamState.applyAllVolumes()(AudioService.java:10374) waiters=1 in boolean com.android.server.audio.AudioService.isStreamMute(int) for 696ms
06-18 07:18:30.089  7935  8226 I dvm_lock_sample: [system_server,0,binder:7935_5,696,AudioService.java,5975,boolean com.android.server.audio.AudioService.isStreamMute(int),-,10374,void com.android.server.audio.AudioService$VolumeStreamState.applyAllVolumes(),100]
06-18 07:18:30.092  7935  8466 I AS.AudioDeviceInventory: A2DP sink device addr=XX:XX:XX:XX:70:8C remembered for restore
06-18 07:18:30.093  7935  8494 I MR2ServiceImpl: addProviderRoutes | provider: com.android.server.media/.SystemMediaRoute2Provider, routes: [04:21:44:F7:70:8C | SRS-XB33]
06-18 07:18:30.094  7935  8466 I AS.AudioDeviceInventory: synchronizeDeviceProfilesInInventory synced device pair ads1=type: 8 internal type: 0x80 addr: XX:XX:XX:XX:70:8C bt audio type: AUDIO_DEVICE_CATEGORY_SPEAKER enabled: false HT: false HTenabled: false ads2=type: 7 internal type: 0x10 addr: XX:XX:XX:XX:70:8C bt audio type: AUDIO_DEVICE_CATEGORY_SPEAKER enabled: false HT: false HTenabled: false
06-18 07:18:30.094  7935  8466 I AS.SpatializerHelper: removeCompatibleAudioDevice: dev=AudioDeviceAttributes: role:output type:bt_sco addr:XX:XX:XX:XX:70:8C name: profiles:[] descriptors:[]
06-18 07:18:30.095  7935  7935 V MediaRouter: Audio routes updated: AudioRoutesInfo{ type=SPEAKER, bluetoothName=SRS-XB33 }, a2dp=true
06-18 07:18:30.095  7935  7935 V MediaRouter: Selecting route: RouteInfo{ name=SRS-XB33, description=Bluetooth audio, status=null, category=RouteCategory{ name=System types=ROUTE_TYPE_LIVE_AUDIO ROUTE_TYPE_LIVE_VIDEO  groupable=false }, supportedTypes=ROUTE_TYPE_LIVE_AUDIO , presentationDisplay=null }
06-18 07:18:30.095  7935  7935 I MediaRouter: Skip setBluetoothA2dpOn(): types=1, isPlaybackActive()=false, BT route=RouteInfo{ name=SRS-XB33, description=Bluetooth audio, status=null, category=RouteCategory{ name=System types=ROUTE_TYPE_LIVE_AUDIO ROUTE_TYPE_LIVE_VIDEO  groupable=false }, supportedTypes=ROUTE_TYPE_LIVE_AUDIO , presentationDisplay=null }
06-18 07:18:30.095 10442 10442 V MediaRouter: Audio routes updated: AudioRoutesInfo{ type=SPEAKER, bluetoothName=SRS-XB33 }, a2dp=true
06-18 07:18:30.095 10442 10442 V MediaRouter: Selecting route: RouteInfo{ name=SRS-XB33, description=Bluetooth audio, status=null, category=RouteCategory{ name=System types=ROUTE_TYPE_LIVE_AUDIO ROUTE_TYPE_LIVE_VIDEO  groupable=false }, supportedTypes=ROUTE_TYPE_LIVE_AUDIO , presentationDisplay=null }
06-18 07:18:30.096 10442 10442 I MediaRouter: Skip setBluetoothA2dpOn(): types=1, isPlaybackActive()=false, BT route=RouteInfo{ name=SRS-XB33, description=Bluetooth audio, status=null, category=RouteCategory{ name=System types=ROUTE_TYPE_LIVE_AUDIO ROUTE_TYPE_LIVE_VIDEO  groupable=false }, supportedTypes=ROUTE_TYPE_LIVE_AUDIO , presentationDisplay=null }
06-18 07:18:30.097 10442 10442 I acpk    : (REDACTED) onAudioRouteChange called in DeviceLifecycleManagerDelegate, current state is: %s
06-18 07:18:30.097 10442 10442 I acpk    : (REDACTED) onAudioRouteChange: Route: %s; isBluetooth: %b; isUsb: %b; isLocal: %b;
06-18 07:18:30.097  3747  3789 D audio_hw_primary: device-adev_set_parameters: enter with key(restarting=true)
06-18 07:18:30.097  3747  3789 D audio_hw_primary: device-adev_set_parameters: exit
06-18 07:18:30.097 24412 24412 V MediaRouter: Audio routes updated: AudioRoutesInfo{ type=SPEAKER, bluetoothName=SRS-XB33 }, a2dp=true
06-18 07:18:30.098 10442 10442 I acpk    : (REDACTED) onAudioRouteChange called in DeviceLifecycleManagerDelegate, current state is: %s
06-18 07:18:30.098 10442 10442 I acpk    : (REDACTED) onAudioRouteChange: Route: %s; isBluetooth: %b; isUsb: %b; isLocal: %b;
06-18 07:18:30.098 24412 24412 V MediaRouter: Selecting route: RouteInfo{ name=SRS-XB33, description=Bluetooth audio, status=null, category=RouteCategory{ name=System types=ROUTE_TYPE_LIVE_AUDIO ROUTE_TYPE_LIVE_VIDEO  groupable=false }, supportedTypes=ROUTE_TYPE_LIVE_AUDIO , presentationDisplay=null }
06-18 07:18:30.098  7935  8469 D FileUtils: Rounded bytes from 5912977408 to 8000000000
06-18 07:18:30.099  3724  3945 D AudioFlinger: isLowRamDevice:false totalMemory:5912977408 mClientSharedHeapSize:33554432
06-18 07:18:30.099 24412 24412 I MediaRouter: Skip setBluetoothA2dpOn(): types=1, isPlaybackActive()=false, BT route=RouteInfo{ name=SRS-XB33, description=Bluetooth audio, status=null, category=RouteCategory{ name=System types=ROUTE_TYPE_LIVE_AUDIO ROUTE_TYPE_LIVE_VIDEO  groupable=false }, supportedTypes=ROUTE_TYPE_LIVE_AUDIO , presentationDisplay=null }
06-18 07:18:30.099  7935  9021 W DisplayManagerService: Permission Denial: getWifiDisplayStatus() from pid=24412, uid=10659 requires android.permission.ACCESS_FINE_LOCATION
06-18 07:18:30.101 31495 31495 V MediaRouter: Audio routes updated: AudioRoutesInfo{ type=SPEAKER, bluetoothName=SRS-XB33 }, a2dp=true
06-18 07:18:30.101 10564 10564 V MediaRouter: Audio routes updated: AudioRoutesInfo{ type=SPEAKER, bluetoothName=SRS-XB33 }, a2dp=true
06-18 07:18:30.101 10564 10564 V MediaRouter: Selecting route: RouteInfo{ name=SRS-XB33, description=Bluetooth audio, status=null, category=RouteCategory{ name=System types=ROUTE_TYPE_LIVE_AUDIO ROUTE_TYPE_LIVE_VIDEO  groupable=false }, supportedTypes=ROUTE_TYPE_LIVE_AUDIO , presentationDisplay=null }
06-18 07:18:30.101 31495 31495 V MediaRouter: Selecting route: RouteInfo{ name=SRS-XB33, description=Bluetooth audio, status=null, category=RouteCategory{ name=System types=ROUTE_TYPE_LIVE_AUDIO ROUTE_TYPE_LIVE_VIDEO  groupable=false }, supportedTypes=ROUTE_TYPE_LIVE_AUDIO , presentationDisplay=null }
06-18 07:18:30.102  3747  3789 D audio_hw_primary: device-adev_set_mode: enter
06-18 07:18:30.102  3747  3789 D audio_hw_primary: device-adev_set_mode: exit
06-18 07:18:30.102  3724  3831 W APM::AudioPolicyEngine/Base: setPhoneState() setting same state 0
06-18 07:18:30.102  3724  3831 W APM_AudioPolicyManager: setPhoneState() invalid or same state 0
06-18 07:18:30.102 10564 10564 I MediaRouter: Skip setBluetoothA2dpOn(): types=1, isPlaybackActive()=false, BT route=RouteInfo{ name=SRS-XB33, description=Bluetooth audio, status=null, category=RouteCategory{ name=System types=ROUTE_TYPE_LIVE_AUDIO ROUTE_TYPE_LIVE_VIDEO  groupable=false }, supportedTypes=ROUTE_TYPE_LIVE_AUDIO , presentationDisplay=null }
06-18 07:18:30.103  7935  9021 W DisplayManagerService: Permission Denial: getWifiDisplayStatus() from pid=10564, uid=10697 requires android.permission.ACCESS_FINE_LOCATION
06-18 07:18:30.105  9384  9384 V MediaRouter: Audio routes updated: AudioRoutesInfo{ type=SPEAKER, bluetoothName=SRS-XB33 }, a2dp=true
06-18 07:18:30.105  9384  9384 V MediaRouter: Selecting route: RouteInfo{ name=SRS-XB33, description=Bluetooth audio, status=null, category=RouteCategory{ name=System types=ROUTE_TYPE_LIVE_AUDIO ROUTE_TYPE_LIVE_VIDEO  groupable=false }, supportedTypes=ROUTE_TYPE_LIVE_AUDIO , presentationDisplay=null }
06-18 07:18:30.105  9384  9384 I MediaRouter: Skip setBluetoothA2dpOn(): types=1, isPlaybackActive()=false, BT route=RouteInfo{ name=SRS-XB33, description=Bluetooth audio, status=null, category=RouteCategory{ name=System types=ROUTE_TYPE_LIVE_AUDIO ROUTE_TYPE_LIVE_VIDEO  groupable=false }, supportedTypes=ROUTE_TYPE_LIVE_AUDIO , presentationDisplay=null }
06-18 07:18:30.107  3724  3945 W APM::AudioPolicyEngine/ProductStrategy: getVolumeGroupForStreamType: no volume group for AUDIO_STREAM_ASSISTANT, using default
06-18 07:18:30.111  9384  9384 I AxMediaRouter: Found bluetooth route: MediaRouter.RouteInfo{ uniqueId=ROUTE_3005e323, name=SRS-XB33, description=Bluetooth audio, iconUri=null, enabled=true, isSystemRoute=true, connectionState=0, canDisconnect=false, playbackType=0, playbackStream=3, deviceType=3, volumeHandling=1, volume=13, volumeMax=25, presentationDisplayId=-1, extras=null, settingsIntent=null, providerPackageName=android }
06-18 07:18:30.117  7935  8469 I AS.AudioService: onUpdateContextualVolumes: absolute volume driving streams 3 avrcp supported: false
06-18 07:18:30.117  7935  8469 V AS.AudioService: No absolute volume devices
06-18 07:18:30.118  7935  8466 I AS.AudioDeviceInventory: AudioDeviceInventory.onRestoreDevices
06-18 07:18:30.118  3724  3831 W APM::HwModule: getDeviceDescriptor: could not find HW module for device  (AUDIO_DEVICE_OUT_BLUETOOTH_A2DP, 00000080) address 04:21:44:F7:70:8C
06-18 07:18:30.118  3724  3945 W APM::AudioPolicyEngine/ProductStrategy: getVolumeGroupForStreamType: no volume group for AUDIO_STREAM_ASSISTANT, using default
06-18 07:18:30.118  3724  3945 W APM::AudioPolicyEngine/ProductStrategy: getVolumeGroupForStreamType: no volume group for AUDIO_STREAM_ASSISTANT, using default
06-18 07:18:30.119  3724  3837 W APM_AudioPolicyManager: setStreamVolumeIndex: no group for stream AUDIO_STREAM_ASSISTANT, bailing out
06-18 07:18:30.119  3724  3837 W APM_AudioPolicyManager: setStreamVolumeIndex: no group for stream AUDIO_STREAM_ASSISTANT, bailing out
06-18 07:18:30.119  3724  3837 W APM_AudioPolicyManager: setStreamVolumeIndex: no group for stream AUDIO_STREAM_ASSISTANT, bailing out
06-18 07:18:30.120  3724  3837 W APM::Devices: DeviceVector::add device 00000080 already in
06-18 07:18:30.120  3747  3747 W DeviceHAL: Error from HAL Device in function get_audio_port_v7: Function not implemented
06-18 07:18:30.121  3724  3837 I AudioFlinger: openOutput() this 0x7958709040, module 18 Device AUDIO_DEVICE_OUT_BLUETOOTH_A2DP, @:SUPPRESSED, SamplingRate 0, Format 00000000, Channels 0, flags 0
06-18 07:18:30.122  3747  3747 I BTAudioHalDeviceProxyAIDL: SetUp: session_type=A2DP_SOFTWARE_ENCODING_DATAPATH, cookie=0x100
06-18 07:18:30.123  3747  3747 I BTAudioHalStream: adev_open_output_stream: state=STANDBY, sample_rate=96000, channels=0x3, format=3, preferred_data_interval_us=20000, frames=1920, is_low_latency=0, bt_dev=0xe6f008d0
06-18 07:18:30.123  3158  3230 I bluetooth: system/bta/gmap/gmap_server.cc:66 IsGmapServerEnabled: GmapServerEnabled=false, system_prop=false, is_gmap_supported_in_software_datapath=false, offloader_support=false
06-18 07:18:30.123  3158  3230 I bluetooth: system/bta/gmap/gmap_server.cc:66 IsGmapServerEnabled: GmapServerEnabled=false, system_prop=false, is_gmap_supported_in_software_datapath=false, offloader_support=false
06-18 07:18:30.124  3724  3837 I AudioFlinger: HAL output buffer size 1920 frames, normal sink buffer size 1920 frames
06-18 07:18:30.126  3724  3837 D AudioFlinger: Failed to add event callback
06-18 07:18:30.126  3747  3787 I BTAudioHalDeviceProxyAIDL: GetRecommendedLatencyModes: session_type=A2DP_SOFTWARE_ENCODING_DATAPATH
06-18 07:18:30.127  3724  3837 D AudioFlinger: updateHalSupportedLatencyModes_l: thread(29) status 0 supported latency modes: { FREE }
06-18 07:18:30.129  3724  3950 I AudioFlinger: AudioFlinger's thread 0x7ba40df790 tid=3950 ready to run
06-18 07:18:30.130  3724  3950 W AudioFlinger: no wake lock to update, system not ready yet
06-18 07:18:30.131  3724  3950 W AudioFlinger: no wake lock to update, system not ready yet
06-18 07:18:30.131  3747  3787 W DeviceHAL: Error from HAL Device in function get_audio_port_v7: Function not implemented
06-18 07:18:30.134  8928  8928 V MediaRouter: Audio routes updated: AudioRoutesInfo{ type=SPEAKER, bluetoothName=SRS-XB33 }, a2dp=true
06-18 07:18:30.134  8928  8928 V MediaRouter: Selecting route: RouteInfo{ name=SRS-XB33, description=Bluetooth audio, status=null, category=RouteCategory{ name=System types=ROUTE_TYPE_LIVE_AUDIO ROUTE_TYPE_LIVE_VIDEO  groupable=false }, supportedTypes=ROUTE_TYPE_LIVE_AUDIO , presentationDisplay=null }
06-18 07:18:30.134  3158  3230 I bt_shim_storage: system/main/shim/dumpsys.cc:66 Dump: Waiting for the dump to complete
06-18 07:18:30.135  8928  8928 I MediaRouter: Skip setBluetoothA2dpOn(): types=1, isPlaybackActive()=false, BT route=RouteInfo{ name=SRS-XB33, description=Bluetooth audio, status=null, category=RouteCategory{ name=System types=ROUTE_TYPE_LIVE_AUDIO ROUTE_TYPE_LIVE_VIDEO  groupable=false }, supportedTypes=ROUTE_TYPE_LIVE_AUDIO , presentationDisplay=null }
06-18 07:18:30.136  3747  3949 I BTAudioHalStream: out_set_parameters: state=STANDBY stream param closing, disallow any writes?
06-18 07:18:30.136  3747  3949 I BTAudioHalDeviceProxyAIDL: Stop: session_type=A2DP_SOFTWARE_ENCODING_DATAPATH, cookie=0x100, state=STANDBY request
06-18 07:18:30.136  3158  3232 I BTAudioA2dpAIDL: system/audio_hal_interface/aidl/a2dp/a2dp_encoding_aidl.cc:181 StopRequest: 
06-18 07:18:30.136  3158  3232 I bluetooth-a2dp: system/btif/src/btif_av.cc:3786 btif_av_stream_started_ready: active_peer=xx:xx:xx:xx:70:8c state=2 flags=0x0(None) ready=false
06-18 07:18:30.136  3747  3949 I BTAudioHalDeviceProxyAIDL: Stop: session_type=A2DP_SOFTWARE_ENCODING_DATAPATH, cookie=0x100, state=DISABLED done
06-18 07:18:30.136  3747  3949 I BTAudioHalStream: out_set_parameters: state=DISABLED stream param exiting
06-18 07:18:30.137  3747  3949 I BTAudioHalDeviceProxyAIDL: TearDown: session_type=A2DP_SOFTWARE_ENCODING_DATAPATH, cookie=0x100
06-18 07:18:30.138  3724  3837 I AudioFlinger: openOutput() this 0x7958709040, module 18 Device AUDIO_DEVICE_OUT_BLUETOOTH_A2DP, @:SUPPRESSED, SamplingRate 96000, Format 0x000003, Channels 0x3, flags 0
06-18 07:18:30.138  3747  3917 I BTAudioHalDeviceProxyAIDL: SetUp: session_type=A2DP_SOFTWARE_ENCODING_DATAPATH, cookie=0x100
06-18 07:18:30.138  3747  3917 I BTAudioHalStream: adev_open_output_stream: state=STANDBY, sample_rate=96000, channels=0x3, format=3, preferred_data_interval_us=20000, frames=1920, is_low_latency=0, bt_dev=0xe6f008d0
06-18 07:18:30.139  3724  3837 I AudioFlinger: HAL output buffer size 1920 frames, normal sink buffer size 1920 frames
06-18 07:18:30.140  3158  3391 I bluetooth: system/gd/hal/snoop_logger.cc:370 create_log_directories: Directory /data/misc/bluetooth/logs already exists
06-18 07:18:30.140  3724  3837 D AudioFlinger: Failed to add event callback
06-18 07:18:30.141  3747  3787 I BTAudioHalDeviceProxyAIDL: GetRecommendedLatencyModes: session_type=A2DP_SOFTWARE_ENCODING_DATAPATH
06-18 07:18:30.141  3724  3837 D AudioFlinger: updateHalSupportedLatencyModes_l: thread(37) status 0 supported latency modes: { FREE }
06-18 07:18:30.141  3724  3953 I AudioFlinger: AudioFlinger's thread 0x7ba40df790 tid=3953 ready to run
06-18 07:18:30.143  3724  3953 W AudioFlinger: no wake lock to update, system not ready yet
06-18 07:18:30.144  3158  3230 I bt_shim_storage: system/main/shim/dumpsys.cc:68 Dump: Dump completed
06-18 07:18:30.146  7492  7902 I bauth_FPBAuthService: pcf : 0x1012, 0 ,2 ,0 ,0 ,0 ,2, 5.0.0.25
06-18 07:18:30.146  7492  7902 I bauth_FPBAuthService: thread id : 2, preenroll_flag : 0, nd cnt : 1, cso : 0, et : 0
06-18 07:18:30.146  7492  7902 I bauth_FPBAuthService: FPBAuthService, 11438
06-18 07:18:30.146 10564 10564 V MediaRouter: Selecting route: RouteInfo{ name=SRS-XB33, description=Bluetooth audio, status=null, category=RouteCategory{ name=System types=ROUTE_TYPE_LIVE_AUDIO ROUTE_TYPE_LIVE_VIDEO  groupable=false }, supportedTypes=ROUTE_TYPE_LIVE_AUDIO , presentationDisplay=null }
06-18 07:18:30.146  3724  3837 I APM::AudioPolicyEngine: getDevicesForStrategyInt no device found for strategy 8
06-18 07:18:30.147  8928  8928 D AdaptiveHomepageIcon: Setting background color -69693
06-18 07:18:30.147  3158  3230 W libbinder.Binder: Binder transaction to android.bluetooth.IAdapter code 1598311760 took 1111ms. Data bytes: 48 Reply bytes: 4 Flags: 17
06-18 07:18:30.148 31495 31495 I MediaRouter: Skip setBluetoothA2dpOn(): types=1, isPlaybackActive()=false, BT route=RouteInfo{ name=SRS-XB33, description=Bluetooth audio, status=null, category=RouteCategory{ name=System types=ROUTE_TYPE_LIVE_AUDIO ROUTE_TYPE_LIVE_VIDEO  groupable=false }, supportedTypes=ROUTE_TYPE_LIVE_AUDIO , presentationDisplay=null }
06-18 07:18:30.152  8928  8928 D TileServices: Couldn't find tile for ComponentInfo{com.maxmpz.equalizer/com.maxmpz.equalizer.TileService}(0)
06-18 07:18:30.162 31495 31495 I AxMediaRouter: Found bluetooth route: MediaRouter.RouteInfo{ uniqueId=ROUTE_3005e323, name=SRS-XB33, description=Bluetooth audio, iconUri=null, enabled=true, isSystemRoute=true, connectionState=0, canDisconnect=false, playbackType=0, playbackStream=3, deviceType=3, volumeHandling=1, volume=13, volumeMax=25, presentationDisplayId=-1, extras=null, settingsIntent=null, providerPackageName=android }
06-18 07:18:30.177  3592  3592 D nativeloader: Load /data/app/~~m63jufCFrJUtZPKQoOcPaw==/com.sony.songpal-IYJ6xubGF84ob4xZL9QDMA==/lib/arm64/libspusb.so using class loader ns clns-9 (caller=/data/app/~~m63jufCFrJUtZPKQoOcPaw==/com.sony.songpal-IYJ6xubGF84ob4xZL9QDMA==/base.apk!classes2.dex): ok
06-18 07:18:30.188 10564 28416 W e.android.music: Long monitor contention with owner OkHttp https://amp-api.music.apple.com/... (28488) at Yg.D v7.e.a(dh.f)(MusicApp:73) waiters=0 in Yg.D v7.e.a(dh.f) for 263ms
06-18 07:18:30.189 10564 28416 I dvm_lock_sample: [com.apple.android.music,0,OkHttp https://amp-api.music.apple.com/...,263,MusicApp,1,Yg.D v7.e.a(dh.f),-,73,Yg.D v7.e.a(dh.f),52]
06-18 07:18:30.212  3959  3959 W libbinder.BackendUnifiedServiceManager: Thread Pool max thread count is 0. Cannot cache binder as linkToDeath cannot be implemented. serviceName: media.audio_policy
06-18 07:18:30.222  3592  3592 D nativeloader: Load /data/app/~~m63jufCFrJUtZPKQoOcPaw==/com.sony.songpal-IYJ6xubGF84ob4xZL9QDMA==/lib/arm64/libwmmediaplayer_songpal.so using class loader ns clns-9 (caller=/data/app/~~m63jufCFrJUtZPKQoOcPaw==/com.sony.songpal-IYJ6xubGF84ob4xZL9QDMA==/base.apk!classes2.dex): ok
06-18 07:18:30.223  7935  8315 I netstats_mobile_sample: [0,0,0,0,0,0,0,0,1781738311426]
06-18 07:18:30.224  7935  8315 I netstats_wifi_sample: [1110187350,47716351,870265,225258,1109208244,44978630,866721,217515,1781738311426]
06-18 07:18:30.228 11877 13799 W AiAiEcho: LyftNotificationParser Ridesharing ETA not enabled
06-18 07:18:30.228 11877 13799 I AiAiEcho: SmartspaceNotificationPredictor no parser can handle this notification or notification is invalid
06-18 07:18:30.257  3724  3953 W AudioFlinger: no wake lock to update, system not ready yet
06-18 07:18:30.257  3747  3949 I BTAudioHw: adev_create_audio_patch: device=80 handle: 2
06-18 07:18:30.258  3747  3787 I BTAudioHalDeviceProxyAIDL: GetRecommendedLatencyModes: session_type=A2DP_SOFTWARE_ENCODING_DATAPATH
06-18 07:18:30.260  3724  3854 I SoundDoseManager: mapAddressToDeviceId: map address: 128 to device id: 12
06-18 07:18:30.261  3724  3837 I AudioFlinger: HAL output buffer size 1920 frames, normal sink buffer size 1920 frames
06-18 07:18:30.263  3724  3837 I AF::PthrPatchRecord: creating track with enforcement level 0
06-18 07:18:30.263  3724  3837 D AudioFlinger: Failed to add event callback
06-18 07:18:30.266  3747  3949 I BTAudioHalDeviceProxyAIDL: GetRecommendedLatencyModes: session_type=A2DP_SOFTWARE_ENCODING_DATAPATH
06-18 07:18:30.266  3724  3837 D AudioFlinger: updateHalSupportedLatencyModes_l: thread(45) status 0 supported latency modes: { FREE }
06-18 07:18:30.270  3724  3973 I AudioFlinger: AudioFlinger's thread 0x7ba4065760 tid=3973 ready to run
06-18 07:18:30.270  3724  3837 I AF::PthrPatchRecord: creating track with enforcement level 0
06-18 07:18:30.271  3592  3592 D nativeloader: Load /data/app/~~m63jufCFrJUtZPKQoOcPaw==/com.sony.songpal-IYJ6xubGF84ob4xZL9QDMA==/lib/arm64/libspmedia.so using class loader ns clns-9 (caller=/data/app/~~m63jufCFrJUtZPKQoOcPaw==/com.sony.songpal-IYJ6xubGF84ob4xZL9QDMA==/base.apk!classes2.dex): ok
06-18 07:18:30.271  3724  3973 W AudioFlinger: no wake lock to update, system not ready yet
06-18 07:18:30.276  3724  3837 W AudioFlinger: moveEffectChain_ll: effect chain for session 0 not on source thread 0x7ba4795fe8
06-18 07:18:30.277  3724  3837 I APM::AudioPolicyEngine: getDevicesForStrategyInt no device found for strategy 8
06-18 07:18:30.278  3724  3837 I APM::AudioPolicyEngine: getDevicesForStrategyInt no device found for strategy 8
06-18 07:18:30.281  7935  8466 I AS.AudioDeviceInventory: onRestoreDevices device successfully reconnected: 0x80:04:21:44:F7:70:8C
06-18 07:18:30.281  7935  8466 I AS.AudioDeviceBroker: setWaitingForDeviceRestore false
06-18 07:18:30.282  3747  3787 D audio_hw_primary: device-adev_set_parameters: enter with key(BT_SCO=off)
06-18 07:18:30.282  3747  3787 D audio_hw_primary: device-adev_set_parameters: exit
06-18 07:18:30.283  3747  3949 D audio_hw_primary: device-adev_set_parameters: enter with key(A2dpSuspended=false)
06-18 07:18:30.283  3747  3949 D audio_hw_primary: device-adev_set_parameters: exit
06-18 07:18:30.283  3747  3949 I BTAudioHalStream: out_set_parameters: state=STANDBY stream param standby
06-18 07:18:30.283  3747  3949 D audio_hw_primary: device-adev_set_parameters: enter with key(LeAudioSuspended=false)
06-18 07:18:30.284  3747  3949 D audio_hw_primary: device-adev_set_parameters: exit
06-18 07:18:30.285  3724  3943 D NativePermissionController: checkPermission: missing 1 for 10697
06-18 07:18:30.285  3724  3943 D NativePermissionController: checkPermission: missing 3 for 10697
06-18 07:18:30.285  3724  3943 D NativePermissionController: checkPermission: missing 5 for 10697
06-18 07:18:30.286  3724  3943 W AudioFlinger: createTrack_l(): mismatch between requested flags (00000008) and output flags (00000000)
06-18 07:18:30.286  3724  3943 D AudioFlinger: Client defaulted notificationFrames to 12404 for frameCount 24808
06-18 07:18:30.286  3724  3943 I AF::PthrPatchRecord: creating track with enforcement level 0
06-18 07:18:30.291  7935 12215 I stream_devices_changed: [3,2,128]
06-18 07:18:30.294  3724  3973 W AudioFlinger: no wake lock to update, system not ready yet
06-18 07:18:30.295  7935  7935 I Telecom : WiredHeadsetManager: ACTION_HEADSET_PLUG event, plugged in: false, : WHC.oADA@B+M
06-18 07:18:30.295  7935  9153 I Telecom : CallAudioRouteController$AudioRoutesCallback: updateAudioRoutes: add devices? true: ARC.oADA@B+Q
06-18 07:18:30.295  7935  9153 I Telecom : CallAudioRouteController$AudioRoutesCallback: updateAudioRoutes: audioDeviceInfo: AudioDeviceInfo: type: bt_a2dp addr: 04:21:44:F7:70:8C id: 12, audioRouteType: 0: ARC.oADA@B+Q
06-18 07:18:30.296  7935  9153 I Telecom : CallAudioRouteController$AudioRoutesCallback: updateAudioRoutes: skipping route.: ARC.oADA@B+Q
06-18 07:18:30.302  8928 12859 I InfoMediaManager: dispatchDeviceListAdded()
06-18 07:18:30.302  3158  3158 I bluetooth: system/btif/avrcp/avrcp_service.cc:532 SendMediaUpdate: track_changed=false :  play_state=true :  queue=false
06-18 07:18:30.302  7935 12215 I AS.AudioService: setDeviceVolumeBehavior: dev:bt_a2dp addr:XX:XX:XX:XX:70:8C behavior:DEVICE_VOLUME_BEHAVIOR_VARIABLE pack:com.android.bluetooth
06-18 07:18:30.302  3158  3360 W avrcp   : system/profile/avrcp/device.cc:1794 HandlePlayPosUpdate: Device is not registered for play position updates
