06-18 07:18:30.302  7935 12215 I AS.AudioService: avrcpSupportsAbsoluteVolume addr=XX:XX:XX:XX:70:8C support=false
06-18 07:18:30.302 10442 10927 I andy    : (REDACTED) #onAudioDevicesAdded count: %s
06-18 07:18:30.303 10442 10927 I ands    : (REDACTED) Headset device detected of type: %s
06-18 07:18:30.303 10442 10927 I andy    : (REDACTED) #onChange eventType: %s
06-18 07:18:30.303  8928  9423 D MediaDeviceManager: Can not get LocalBluetoothLeBroadcast
06-18 07:18:30.303 10442 10927 I alwk    : (REDACTED) #onHeadsetConnectionEvent: %s
06-18 07:18:30.304 10442 10788 I alum    : (REDACTED) starting updateConfig, reason: %s
06-18 07:18:30.304 10442 14157 I eupc    : (REDACTED) HDM. appOpsListener %s %s
06-18 07:18:30.304 10442 14157 I eupc    : (REDACTED) HDM. Ignoring irrelevant audio permission changes for package %s
06-18 07:18:30.306  3158  3537 I BluetoothUtils: Dual mode enable state is: false
06-18 07:18:30.307  7935  8494 I AS.AudioService: removePreferredDevicesForStrategy strat:0
06-18 07:18:30.309 10442 10788 I amfj    : #getEarcons
06-18 07:18:30.309 10442 10788 I ands    : (REDACTED) #isBluetoothOrWiredHeadsetConnected Number of connected audio devices: %s
06-18 07:18:30.309 10442 10788 I ands    : (REDACTED) Headset device detected of type: %s
06-18 07:18:30.309 10442 10788 I amfj    : #getEarcons - Adding headset MicOpened earcon.
06-18 07:18:30.310  3158  3158 I BluetoothUtils: Dual mode enable state is: false
06-18 07:18:30.311 10442 10788 I aqmc    : (REDACTED) #isRobinOnlyLocale checkedLocale:%s language:%s list:%s
06-18 07:18:30.312 10442 10781 I amlt    : Robin is eligible and opted-in
06-18 07:18:30.312 10442 10781 I amlt    : (REDACTED) Headphone Integration status: %s
06-18 07:18:30.312 10442 10788 I amcd    : openMicEarlyInInteractorProcess is enabled. Mic is not suppressed even when delegation is disabled.
06-18 07:18:30.312 10442 10788 I amcd    : openMicEarlyInInteractorProcess is enabled. Mic is not suppressed even when delegation is disabled.
06-18 07:18:30.312 10442 10788 I amcd    : openMicEarlyInInteractorProcess is enabled. Mic is not suppressed even when delegation is disabled.
06-18 07:18:30.312 10442 10788 I amcd    : openMicEarlyInInteractorProcess is enabled. Mic is not suppressed even when delegation is disabled.
06-18 07:18:30.312 10442 10788 I amcd    : openMicEarlyInInteractorProcess is enabled. Mic is not suppressed even when delegation is disabled.
06-18 07:18:30.313 10442 10788 I amcd    : openMicEarlyInInteractorProcess is enabled. Mic is not suppressed even when delegation is disabled.
06-18 07:18:30.313 10442 10788 I amcd    : openMicEarlyInInteractorProcess is enabled. Mic is not suppressed even when delegation is disabled.
06-18 07:18:30.313 10442 10788 I amcd    : openMicEarlyInInteractorProcess is enabled. Mic is not suppressed even when delegation is disabled.
06-18 07:18:30.313 10442 10788 I amcd    : openMicEarlyInInteractorProcess is enabled. Mic is not suppressed even when delegation is disabled.
06-18 07:18:30.313 10442 10788 I amcd    : openMicEarlyInInteractorProcess is enabled. Mic is not suppressed even when delegation is disabled.
06-18 07:18:30.313 10442 10788 I amcd    : openMicEarlyInInteractorProcess is enabled. Mic is not suppressed even when delegation is disabled.
06-18 07:18:30.313 10442 10788 I amcd    : openMicEarlyInInteractorProcess is enabled. Mic is not suppressed even when delegation is disabled.
06-18 07:18:30.313 10442 10788 I amcd    : openMicEarlyInInteractorProcess is enabled. Mic is not suppressed even when delegation is disabled.
06-18 07:18:30.313 10442 10788 I amcd    : openMicEarlyInInteractorProcess is enabled. Mic is not suppressed even when delegation is disabled.
06-18 07:18:30.313 10442 10788 I amcd    : openMicEarlyInInteractorProcess is enabled. Mic is not suppressed even when delegation is disabled.
06-18 07:18:30.313 10442 10788 I amcd    : openMicEarlyInInteractorProcess is enabled. Mic is not suppressed even when delegation is disabled.
06-18 07:18:30.313 10442 10788 I amcd    : openMicEarlyInInteractorProcess is enabled. Mic is not suppressed even when delegation is disabled.
06-18 07:18:30.313 10442 10788 I amcd    : openMicEarlyInInteractorProcess is enabled. Mic is not suppressed even when delegation is disabled.
06-18 07:18:30.313 10442 10788 I amcd    : openMicEarlyInInteractorProcess is enabled. Mic is not suppressed even when delegation is disabled.
06-18 07:18:30.313 10442 10788 I amcd    : openMicEarlyInInteractorProcess is enabled. Mic is not suppressed even when delegation is disabled.
06-18 07:18:30.313 10442 10788 I amcd    : openMicEarlyInInteractorProcess is enabled. Mic is not suppressed even when delegation is disabled.
06-18 07:18:30.313 10442 10788 I amcd    : openMicEarlyInInteractorProcess is enabled. Mic is not suppressed even when delegation is disabled.
06-18 07:18:30.314  8928  9423 D BluetoothEventManager: The active device is in the set, report main device as active device:XX:XX:XX:XX:70:8C, active device:XX:XX:XX:XX:70:8C
06-18 07:18:30.321  7935 12215 I AS.BtHelper: setAvrcpAbsoluteVolumeSupported supported=false
06-18 07:18:30.321  8928 12859 I InfoMediaManager: dispatchDeviceListAdded()
06-18 07:18:30.321  7935 12215 I AS.AudioService: setAvrcpAbsoluteVolumeSupported support false
06-18 07:18:30.322  3724  3978 I AudioPolicyInterfaceImpl: setDeviceAbsoluteVolumeEnabled: deviceAidl AudioDevice{type: AudioDeviceDescription{type: OUT_DEVICE, connection: bt-a2dp}, address: AudioDeviceAddress{id: }}, enabled 0, streamToDriveAbsAidl -1
06-18 07:18:30.323 10442 10672 I amcl    : (REDACTED) Populated bump behaviors: %s
06-18 07:18:30.324 10442 10672 I amcs    : (REDACTED) Client type %s set for %s
06-18 07:18:30.324 10442 10672 I amcs    : (REDACTED) Client type %s set for %s
06-18 07:18:30.324 10442 10672 I amcs    : (REDACTED) Client type %s set for %s
06-18 07:18:30.324 10442 10788 I aqmc    : (REDACTED) #isRobinOnlyLocale checkedLocale:%s language:%s list:%s
06-18 07:18:30.324 10442 10788 I amge    : (REDACTED) FCF System FeatureName to check: %s
06-18 07:18:30.324 10442 10788 I amge    : (REDACTED) FCF: Device model check status : %s
06-18 07:18:30.324 10442 10788 I amml    : (REDACTED) #evaluate: isEnabled = %s failure reasons: %s
06-18 07:18:30.325 10442 10788 I alte    : (REDACTED) #initialConfig Current Locale set to: %s
06-18 07:18:30.325 10442 10788 I alte    : (REDACTED) #initialConfig Assistant is currently enabled: %s
06-18 07:18:30.325 10442 10788 I alte    : (REDACTED) #initialConfig InputModality is currently: %s
06-18 07:18:30.325 10442 10788 I alte    : (REDACTED) #initialConfig Speed Bump entry points: %s
06-18 07:18:30.325 10442 10788 I alte    : (REDACTED) #initialConfig Long Press Power Education entrypoints: %s
06-18 07:18:30.325 10442 10788 I alte    : (REDACTED) #initialConfig Robin entrypoints: %s
06-18 07:18:30.325 10442 10788 I alte    : (REDACTED) #initialConfig Preferred audio route type: %s
06-18 07:18:30.325 10442 10788 I alte    : (REDACTED) #initialConfig Earcons to be added: %s
06-18 07:18:30.325 10442 10788 I alte    : (REDACTED) #initialConfig Mic occupied behavior: %s
06-18 07:18:30.325 10442 10788 I alte    : (REDACTED) #initialConfig Headphone voice queries and spoken notifications status: %s
06-18 07:18:30.327  3724  3978 I APM_AudioPolicyManager: setDeviceAbsoluteVolumeEnabled: deviceType 0x80, enabled 0, streamToDriveAbs -1
06-18 07:18:30.327  8928  9423 D MediaDeviceManager: Can not get LocalBluetoothLeBroadcast
06-18 07:18:30.328  1472  1917 I amji    : (REDACTED) #FCF: Managed profile check status : %s
06-18 07:18:30.328  1472  1917 I amnx    : Robin eligibility: Device is eligible.
06-18 07:18:30.329  1472  1917 I awpn    : (REDACTED) #TRIGGER_TYPE type is: %s
06-18 07:18:30.329  1472  1917 I awpn    : (REDACTED) #TRIGGER_TYPE islockscreen is: %s
06-18 07:18:30.331  1472  1854 W ComputerControlCompat: Failed to get ComputerControl extensions.
06-18 07:18:30.331  1472  1854 W ComputerControlCompat: java.lang.UnsupportedOperationException: Unable to get platform extensions version.
06-18 07:18:30.331  1472  1854 W ComputerControlCompat: 	at dexw.a(PG:57)
06-18 07:18:30.331  1472  1854 W ComputerControlCompat: 	at aozy.a(PG:22)
06-18 07:18:30.331  1472  1854 W ComputerControlCompat: 	at ulk.d(PG:1745)
06-18 07:18:30.331  1472  1854 W ComputerControlCompat: 	at ulk.a(PG:3033)
06-18 07:18:30.331  1472  1854 W ComputerControlCompat: 	at aoxj.g(PG:125)
06-18 07:18:30.331  1472  1854 W ComputerControlCompat: 	at aoxj.d(PG:1)
06-18 07:18:30.331  1472  1854 W ComputerControlCompat: 	at aoxj.f(PG:1)
06-18 07:18:30.331  1472  1854 W ComputerControlCompat: 	at aqqd.a(PG:63)
06-18 07:18:30.331  1472  1854 W ComputerControlCompat: 	at aqpx.invokeSuspend(PG:13)
06-18 07:18:30.331  1472  1854 W ComputerControlCompat: 	at gjlz.resumeWith(PG:11)
06-18 07:18:30.331  1472  1854 W ComputerControlCompat: 	at gjvx.run(PG:115)
06-18 07:18:30.331  1472  1854 W ComputerControlCompat: 	at fesw.run(PG:3)
06-18 07:18:30.331  1472  1854 W ComputerControlCompat: 	at dfaj.run(PG:5)
06-18 07:18:30.331  1472  1854 W ComputerControlCompat: 	at fpwh.run(PG:46)
06-18 07:18:30.331  1472  1854 W ComputerControlCompat: 	at dezv.run(PG:81)
06-18 07:18:30.331  1472  1854 W ComputerControlCompat: 	at java.lang.Thread.run(Thread.java:1563)
06-18 07:18:30.331  1472  1854 W ComputerControlCompat: 	at dfbk.run(PG:62)
06-18 07:18:30.331  1472  1854 I aoxj    : #bnb# Computer Control Extensions are null
06-18 07:18:30.331  1472  1854 I aoxj    : #bnb# Permission status: Not eligible for Bonobo
06-18 07:18:30.335  7935  8466 I AS.BtHelper: setAvrcpAbsoluteVolumeIndex: abs vol not supported 
06-18 07:18:30.336  7935  8705 I AS.AudioService: setDeviceVolumeBehavior: dev:bt_a2dp addr:XX:XX:XX:XX:70:8C behavior:DEVICE_VOLUME_BEHAVIOR_VARIABLE pack:com.android.bluetooth
06-18 07:18:30.336  7935  8705 I AS.AudioService: avrcpSupportsAbsoluteVolume addr=XX:XX:XX:XX:70:8C support=false
06-18 07:18:30.336  7935  8705 I AS.BtHelper: setAvrcpAbsoluteVolumeSupported supported=false
06-18 07:18:30.336  7935  8705 I AS.AudioService: setAvrcpAbsoluteVolumeSupported support false
06-18 07:18:30.336  3724  3943 I AudioPolicyInterfaceImpl: setDeviceAbsoluteVolumeEnabled: deviceAidl AudioDevice{type: AudioDeviceDescription{type: OUT_DEVICE, connection: bt-a2dp}, address: AudioDeviceAddress{id: }}, enabled 0, streamToDriveAbsAidl -1
06-18 07:18:30.336  3724  3943 I APM_AudioPolicyManager: setDeviceAbsoluteVolumeEnabled: deviceType 0x80, enabled 0, streamToDriveAbs -1
06-18 07:18:30.336  7935  8466 I AS.BtHelper: setAvrcpAbsoluteVolumeIndex: abs vol not supported 
06-18 07:18:30.352  8928 12859 I InfoMediaManager: dispatchDeviceListAdded()
06-18 07:18:30.361  8928 12859 I InfoMediaManager: dispatchDeviceListAdded()
06-18 07:18:30.363  8928  9423 D MediaDeviceManager: Can not get LocalBluetoothLeBroadcast
06-18 07:18:30.365  4024  4024 W libbinder.BackendUnifiedServiceManager: Thread Pool max thread count is 0. Cannot cache binder as linkToDeath cannot be implemented. serviceName: media.audio_policy
06-18 07:18:30.368  8928 12859 I InfoMediaManager: dispatchDeviceListAdded()
06-18 07:18:30.369  8928  8928 W ConstraintSet: id unknown seamless_vertical_guideline
06-18 07:18:30.369  8928  8928 W ConstraintSet: id unknown action_button_guideline
06-18 07:18:30.369  8928  8928 W ConstraintSet: id unknown icon
06-18 07:18:30.369  8928  8928 W ConstraintSet: id unknown device_suggestion_container
06-18 07:18:30.369  8928  8928 W ConstraintSet: id unknown media_session_vertical_barrier
06-18 07:18:30.369  8928  8928 W ConstraintSet: id unknown media_seamless
06-18 07:18:30.369  8928  8928 W ConstraintSet: id unknown media_action_barrier_start
06-18 07:18:30.369  8928  8928 W ConstraintSet: id unknown media_action_barrier_end
06-18 07:18:30.369  8928  8928 W ConstraintSet: id unknown media_action_barrier_top
06-18 07:18:30.369  8928  8928 W ConstraintSet: id unknown remove_text
06-18 07:18:30.369  8928  8928 W ConstraintSet: id unknown settings
06-18 07:18:30.369  8928  8928 W ConstraintSet: id unknown dismiss
06-18 07:18:30.369  8928  8928 W ConstraintSet: id unknown cancel
06-18 07:18:30.372  8928  9423 D MediaDeviceManager: Can not get LocalBluetoothLeBroadcast
06-18 07:18:30.378  8928  8928 W ConstraintSet: id unknown seamless_vertical_guideline
06-18 07:18:30.378  8928  8928 W ConstraintSet: id unknown action_button_guideline
06-18 07:18:30.378  8928  8928 W ConstraintSet: id unknown icon
06-18 07:18:30.378  8928  8928 W ConstraintSet: id unknown device_suggestion_container
06-18 07:18:30.378  8928  8928 W ConstraintSet: id unknown media_session_vertical_barrier
06-18 07:18:30.378  8928  8928 W ConstraintSet: id unknown media_seamless
06-18 07:18:30.378  8928  8928 W ConstraintSet: id unknown media_action_barrier_start
06-18 07:18:30.378  8928  8928 W ConstraintSet: id unknown media_action_barrier_end
06-18 07:18:30.378  8928  8928 W ConstraintSet: id unknown media_action_barrier_top
06-18 07:18:30.378  8928  8928 W ConstraintSet: id unknown remove_text
06-18 07:18:30.378  8928  8928 W ConstraintSet: id unknown settings
06-18 07:18:30.378  8928  8928 W ConstraintSet: id unknown dismiss
06-18 07:18:30.378  8928  8928 W ConstraintSet: id unknown cancel
06-18 07:18:30.385  3724  3978 I AudioPolicyInterfaceImpl: setDeviceAbsoluteVolumeEnabled: deviceAidl AudioDevice{type: AudioDeviceDescription{type: OUT_HEARING_AID, connection: wireless}, address: AudioDeviceAddress{id: }}, enabled 1, streamToDriveAbsAidl 3
06-18 07:18:30.385  3724  3978 I APM_AudioPolicyManager: setDeviceAbsoluteVolumeEnabled: deviceType 0x8000000, enabled 1, streamToDriveAbs 3
06-18 07:18:30.385  3724  3978 I AudioPolicyInterfaceImpl: setDeviceAbsoluteVolumeEnabled: deviceAidl AudioDevice{type: AudioDeviceDescription{type: OUT_HEADSET, connection: bt-le}, address: AudioDeviceAddress{id: }}, enabled 1, streamToDriveAbsAidl 3
06-18 07:18:30.385  3724  3978 I APM_AudioPolicyManager: setDeviceAbsoluteVolumeEnabled: deviceType 0x20000000, enabled 1, streamToDriveAbs 3
06-18 07:18:30.386  3724  3724 I AudioPolicyInterfaceImpl: setDeviceAbsoluteVolumeEnabled: deviceAidl AudioDevice{type: AudioDeviceDescription{type: OUT_DEVICE, connection: bt-sco}, address: AudioDeviceAddress{id: }}, enabled 1, streamToDriveAbsAidl 0
06-18 07:18:30.386  3724  3724 I APM_AudioPolicyManager: setDeviceAbsoluteVolumeEnabled: deviceType 0x10, enabled 1, streamToDriveAbs 0
06-18 07:18:30.386  3724  3978 I AudioPolicyInterfaceImpl: setDeviceAbsoluteVolumeEnabled: deviceAidl AudioDevice{type: AudioDeviceDescription{type: OUT_SPEAKER, connection: bt-le}, address: AudioDeviceAddress{id: }}, enabled 1, streamToDriveAbsAidl 3
06-18 07:18:30.387  3724  3978 I APM_AudioPolicyManager: setDeviceAbsoluteVolumeEnabled: deviceType 0x20000001, enabled 1, streamToDriveAbs 3
06-18 07:18:30.387  3724  3943 I AudioPolicyInterfaceImpl: setDeviceAbsoluteVolumeEnabled: deviceAidl AudioDevice{type: AudioDeviceDescription{type: OUT_BROADCAST, connection: bt-le}, address: AudioDeviceAddress{id: }}, enabled 1, streamToDriveAbsAidl 3
06-18 07:18:30.387  3724  3943 I APM_AudioPolicyManager: setDeviceAbsoluteVolumeEnabled: deviceType 0x20000002, enabled 1, streamToDriveAbs 3
06-18 07:18:30.391  7935  8469 I AS.AudioService: after audioserver restart: initStreamVolume succeeded
06-18 07:18:30.392  7935  8469 I stream_devices_changed: [0,1,128]
06-18 07:18:30.401  7935  8469 I stream_devices_changed: [2,2,130]
06-18 07:18:30.407  7935  8469 I stream_devices_changed: [4,2,130]
06-18 07:18:30.413  7935  8469 I stream_devices_changed: [5,2,128]
06-18 07:18:30.439  3724  3724 E APM_AudioPolicyManager: setVolumeCurveIndex: wrong index 8 min=0 max=1, device 0x40000000
06-18 07:18:30.439  3724  3724 E APM_AudioPolicyManager: setVolumeIndexForGroup failed to set curve index for group 15 device 0x40000000
06-18 07:18:30.439  7935  8469 E AudioSystem-JNI: Command failed for android_media_AudioSystem_setVolumeIndexForAttributes: -22
06-18 07:18:30.439  4030  4030 W libbinder.BackendUnifiedServiceManager: Thread Pool max thread count is 0. Cannot cache binder as linkToDeath cannot be implemented. serviceName: media.audio_policy
06-18 07:18:30.441  3724  3943 I APM::AudioPolicyEngine: getDevicesForStrategyInt no device found for strategy 8
06-18 07:18:30.442  3724  3943 I APM::AudioPolicyEngine: getDevicesForStrategyInt no device found for strategy 8
06-18 07:18:30.444  3724  3943 I APM::AudioPolicyEngine: getDevicesForStrategyInt no device found for strategy 8
06-18 07:18:30.444  3724  3943 I APM::AudioPolicyEngine: getDevicesForStrategyInt no device found for strategy 8
06-18 07:18:30.445  3724  3943 I APM::AudioPolicyEngine: getDevicesForStrategyInt no device found for strategy 8
06-18 07:18:30.445  3724  3943 I APM::AudioPolicyEngine: getDevicesForStrategyInt no device found for strategy 8
06-18 07:18:30.446  3724  3943 I APM::AudioPolicyEngine: getDevicesForStrategyInt no device found for strategy 8
06-18 07:18:30.447  7935  8225 I MediaSessionStack: addSession to bottom of stack | record: com.sony.songpal/MediaButtonControl/12 (userId=0)
06-18 07:18:30.452  7935  8469 I AS.SpatializerHelper: Resetting featureEnabled=false
06-18 07:18:30.452  7935  8469 I AS.SpatializerHelper: init effectExpected=true
06-18 07:18:30.453  7935  8469 I AS.SpatializerHelper: init(): No Spatializer found
06-18 07:18:30.453  3724  3978 I AudioFlinger: systemReady
06-18 07:18:30.455  3747  3949 D audio_hw_primary: device-adev_set_parameters: enter with key(restarting=false)
06-18 07:18:30.455  3747  3949 D audio_hw_primary: device-adev_set_parameters: exit
06-18 07:18:30.459  7935  8469 D AS.SoundDoseHelper: Reset the sound dose helper
06-18 07:18:30.462  3158  3158 I bluetooth: system/btif/avrcp/avrcp_service.cc:532 SendMediaUpdate: track_changed=false :  play_state=false :  queue=false
06-18 07:18:30.462  3747  3949 D audio_hw_primary: device-adev_set_mic_mute: set MIC Mute to (0)
06-18 07:18:30.463  9384  9384 I Dtdi    : (REDACTED) [MediaControllerFilter] packageName=%s resolved=%s
06-18 07:18:30.466  9384  9384 I Dtdi    : (REDACTED) [MediaControllerFilter] packageName=%s resolved=%s
06-18 07:18:30.472  3724  3943 W APM_AudioPolicyManager: setStreamVolumeIndex: no group for stream AUDIO_STREAM_ASSISTANT, bailing out
06-18 07:18:30.475  1472  1854 D AppFunctions: Unable to resolve AppFunctionMetadata.
06-18 07:18:30.475  1472  1854 D AppFunctions: Unable to resolve AppFunctionMetadata.
06-18 07:18:30.475  1472  1854 D AppFunctions: Unable to resolve AppFunctionMetadata.
06-18 07:18:30.476  1472  1854 D AppFunctions: Unable to resolve AppFunctionMetadata.
06-18 07:18:30.476  1472  1854 D AppFunctions: Unable to resolve AppFunctionMetadata.
06-18 07:18:30.478  3592  3592 D BluetoothAdapter: A2DP connected
06-18 07:18:30.526  7935  8285 I input_interaction: Interaction with: [add818c InputMethod,PointerEventDispatcher0,[Gesture Monitor] swipe-up,[Gesture Monitor] edge-swipe,[Gesture Monitor] onehanded-touch], on displayId 0
06-18 07:18:30.530  1472  1854 D AppFunctions: Unable to resolve AppFunctionMetadata.
06-18 07:18:30.530  1472  1854 D AppFunctions: Unable to resolve AppFunctionMetadata.
06-18 07:18:30.530  1472  1854 D AppFunctions: Unable to resolve AppFunctionMetadata.
06-18 07:18:30.530  1472  1854 D AppFunctions: Unable to resolve AppFunctionMetadata.
06-18 07:18:30.530  1472  1854 D AppFunctions: Unable to resolve AppFunctionMetadata.
06-18 07:18:30.530  1472  1854 D AppFunctions: Unable to resolve AppFunctionMetadata.
06-18 07:18:30.530  1472  1854 D AppFunctions: Unable to resolve AppFunctionMetadata.
06-18 07:18:30.530  1472  1854 D AppFunctions: Unable to resolve AppFunctionMetadata.
06-18 07:18:30.538  3724  3724 E APM::AudioPolicyEngine/Base: getDevicesRoleForT invalid audio source 0
06-18 07:18:30.538  3724  3724 E APM::AudioPolicyEngine/Base: getDevicesRoleForT invalid audio source 0
06-18 07:18:30.544  3724  3943 W APM_AudioPolicyManager: setStreamVolumeIndex: no group for stream AUDIO_STREAM_ASSISTANT, bailing out
06-18 07:18:30.559  1472  1854 W ComputerControlCompat: Failed to get ComputerControl extensions.
06-18 07:18:30.559  1472  1854 W ComputerControlCompat: java.lang.UnsupportedOperationException: Unable to get platform extensions version.
06-18 07:18:30.559  1472  1854 W ComputerControlCompat: 	at dexw.a(PG:57)
06-18 07:18:30.559  1472  1854 W ComputerControlCompat: 	at aozy.a(PG:22)
06-18 07:18:30.559  1472  1854 W ComputerControlCompat: 	at ulk.d(PG:1745)
06-18 07:18:30.559  1472  1854 W ComputerControlCompat: 	at ulk.a(PG:3033)
06-18 07:18:30.559  1472  1854 W ComputerControlCompat: 	at aoxj.g(PG:125)
06-18 07:18:30.559  1472  1854 W ComputerControlCompat: 	at aoxj.d(PG:1)
06-18 07:18:30.559  1472  1854 W ComputerControlCompat: 	at aoxj.f(PG:1)
06-18 07:18:30.559  1472  1854 W ComputerControlCompat: 	at asnf.b(PG:3)
06-18 07:18:30.559  1472  1854 W ComputerControlCompat: 	at arxf.a(PG:368)
06-18 07:18:30.559  1472  1854 W ComputerControlCompat: 	at arxe.invokeSuspend(PG:13)
06-18 07:18:30.559  1472  1854 W ComputerControlCompat: 	at gjlz.resumeWith(PG:11)
06-18 07:18:30.559  1472  1854 W ComputerControlCompat: 	at gjvx.run(PG:115)
06-18 07:18:30.559  1472  1854 W ComputerControlCompat: 	at fesw.run(PG:3)
06-18 07:18:30.559  1472  1854 W ComputerControlCompat: 	at dfaj.run(PG:5)
06-18 07:18:30.559  1472  1854 W ComputerControlCompat: 	at fpwh.run(PG:46)
06-18 07:18:30.559  1472  1854 W ComputerControlCompat: 	at dezv.run(PG:81)
06-18 07:18:30.559  1472  1854 W ComputerControlCompat: 	at java.lang.Thread.run(Thread.java:1563)
06-18 07:18:30.559  1472  1854 W ComputerControlCompat: 	at dfbk.run(PG:62)
06-18 07:18:30.559  1472  1854 I aoxj    : #bnb# Computer Control Extensions are null
06-18 07:18:30.560  1472  1854 I aoxj    : #bnb# Permission status: Not eligible for Bonobo
06-18 07:18:30.560  1472  1854 I eaew    : (REDACTED) isAppDefaultAssistant setting: %s
06-18 07:18:30.560  1472  1854 I eaew    : (REDACTED) isAppDefaultAssistant defaultComponentName: %s
06-18 07:18:30.562  1472  1854 I atql    : Accessed AssistData when it was not cached yet
06-18 07:18:30.562  1472  1854 I brdu    : Assist structure is null
06-18 07:18:30.562  1472  1854 I aszp    : (REDACTED) getRequiredCapabilities: Providing screen context, uiSource=%s
06-18 07:18:30.569  1472  1918 I eaew    : (REDACTED) isAppDefaultAssistant setting: %s
06-18 07:18:30.569  1472  1918 I eaew    : (REDACTED) isAppDefaultAssistant defaultComponentName: %s
06-18 07:18:30.578  9384 28394 I NearbyDiscovery: (REDACTED) VoipCallingEventMonitor audio mode change from %s to %s 
06-18 07:18:30.578  9384 28394 I NearbyDiscovery: (REDACTED) VoipCallAudioModeMonitor previousAudioMode = %s
06-18 07:18:30.582  1472  1918 I eaew    : (REDACTED) isAppDefaultAssistant setting: %s
06-18 07:18:30.583  1472  1918 I eaew    : (REDACTED) isAppDefaultAssistant defaultComponentName: %s
06-18 07:18:30.586  1472  1918 I eaew    : (REDACTED) isAppDefaultAssistant setting: %s
06-18 07:18:30.586  1472  1918 I eaew    : (REDACTED) isAppDefaultAssistant defaultComponentName: %s
06-18 07:18:30.588  1472  1916 I eaew    : (REDACTED) isAppDefaultAssistant setting: %s
06-18 07:18:30.588  1472  1916 I eaew    : (REDACTED) isAppDefaultAssistant defaultComponentName: %s
06-18 07:18:30.595  3724  3940 E APM::AudioPolicyEngine/Base: getDevicesRoleForT invalid audio source 0
06-18 07:18:30.595  3724  3940 E APM::AudioPolicyEngine/Base: getDevicesRoleForT invalid audio source 0
06-18 07:18:30.598  1472  1895 I amji    : (REDACTED) #FCF: Managed profile check status : %s
06-18 07:18:30.600  7935  8225 D FileUtils: Rounded bytes from 5912977408 to 8000000000
06-18 07:18:30.602  8928  9423 D MediaDeviceManager: Can not get LocalBluetoothLeBroadcast
06-18 07:18:30.603  1472  1895 I amji    : (REDACTED) #FCF: Managed profile check status : %s
06-18 07:18:30.604  1472  1895 I ampy    : (REDACTED) isCacheFresh: %s
06-18 07:18:30.605  1472  1918 I arsc    : Robin eligibility : Robin is eligible
06-18 07:18:30.607 10442 10788 I amnw    : (REDACTED) Robin eligibility #evaluate: isEnabled = %s failure reasons: %s
06-18 07:18:30.608 10442 10788 I alte    : Robin backend selected for headphone invocations.
06-18 07:18:30.610 10442 10788 I amfn    : (REDACTED) #FCF: Preferred assistant locale set %s 
06-18 07:18:30.610 10442 10788 I amge    : (REDACTED) FCF System FeatureName to check: %s
06-18 07:18:30.610 10442 10788 I amge    : (REDACTED) FCF: Device model check status : %s
06-18 07:18:30.610 10442 10727 I amfn    : (REDACTED) #FCF: Preferred assistant locale set %s 
06-18 07:18:30.610 10442 10788 I amge    : (REDACTED) FCF System FeatureName to check: %s
06-18 07:18:30.611 10442 10788 I amge    : (REDACTED) FCF: Device model check status : %s
06-18 07:18:30.611 10442 10788 I amml    : (REDACTED) #evaluate: isEnabled = %s failure reasons: %s
06-18 07:18:30.611 10442 10788 I amge    : (REDACTED) FCF System FeatureName to check: %s
06-18 07:18:30.611 10442 10788 I amge    : (REDACTED) FCF: Device model check status : %s
06-18 07:18:30.611 10442 10788 I ammn    : (REDACTED) #evaluate: isEnabled = %s failure reasons: %s
06-18 07:18:30.611 10442 10788 I ammr    : (REDACTED) #evaluate: isEnabled = %s failure reasons: %s
06-18 07:18:30.611 10442 10727 I amge    : (REDACTED) FCF System FeatureName to check: %s
06-18 07:18:30.612 10442 10727 I amge    : (REDACTED) FCF: Device model check status : %s
06-18 07:18:30.613 10442 10727 I ammx    : (REDACTED) #evaluate: isEnabled[ = %s failure reasons: %s
06-18 07:18:30.613 10442 10727 I ammw    : (REDACTED) #evaluate: isEnabled = %s failure reasons: %s
06-18 07:18:30.621  1472  1916 I amge    : (REDACTED) FCF System FeatureName to check: %s
06-18 07:18:30.621  1472  1916 I amge    : (REDACTED) FCF: Device model check status : %s
06-18 07:18:30.621  1472  1916 I amge    : (REDACTED) FCF System FeatureName to check: %s
06-18 07:18:30.621  1472  1916 I amge    : (REDACTED) FCF: Device model check status : %s
06-18 07:18:30.621  1472  1916 I amml    : (REDACTED) #evaluate: isEnabled = %s failure reasons: %s
06-18 07:18:30.621  1472  1916 I amge    : (REDACTED) FCF System FeatureName to check: %s
06-18 07:18:30.621  1472  1916 I amge    : (REDACTED) FCF: Device model check status : %s
06-18 07:18:30.621  1472  1916 I ammn    : (REDACTED) #evaluate: isEnabled = %s failure reasons: %s
06-18 07:18:30.621  1472  1916 I amge    : (REDACTED) FCF System FeatureName to check: %s
06-18 07:18:30.621  1472  1916 I amge    : (REDACTED) FCF: Device model check status : %s
06-18 07:18:30.621  1472  1916 I ammx    : (REDACTED) #evaluate: isEnabled[ = %s failure reasons: %s
06-18 07:18:30.631  1472  2059 I anna    : (REDACTED) Checking if files are missing for locale: %s
06-18 07:18:30.631  1472  2059 I amge    : (REDACTED) FCF System FeatureName to check: %s
06-18 07:18:30.632  1472  2059 I amge    : (REDACTED) FCF: Device model check status : %s
06-18 07:18:30.632  1472  2059 I amge    : (REDACTED) FCF System FeatureName to check: %s
06-18 07:18:30.632  1472  2059 I amge    : (REDACTED) FCF: Device model check status : %s
06-18 07:18:30.632  1472  2059 I amml    : (REDACTED) #evaluate: isEnabled = %s failure reasons: %s
06-18 07:18:30.632  1472  2059 I amge    : (REDACTED) FCF System FeatureName to check: %s
06-18 07:18:30.632  1472  2059 I amge    : (REDACTED) FCF: Device model check status : %s
06-18 07:18:30.632  1472  2059 I ammn    : (REDACTED) #evaluate: isEnabled = %s failure reasons: %s
06-18 07:18:30.632  1472  2059 I anlb    : Checking groups for supported en-* locale
06-18 07:18:30.632  1472  2059 I amge    : (REDACTED) FCF System FeatureName to check: %s
06-18 07:18:30.632  1472  2059 I amge    : (REDACTED) FCF: Device model check status : %s
06-18 07:18:30.632  1472  2059 I amge    : (REDACTED) FCF System FeatureName to check: %s
06-18 07:18:30.632  1472  2059 I amge    : (REDACTED) FCF: Device model check status : %s
06-18 07:18:30.632  1472  2059 I amge    : (REDACTED) FCF System FeatureName to check: %s
06-18 07:18:30.632  1472  2059 I amge    : (REDACTED) FCF: Device model check status : %s
06-18 07:18:30.632  1472  2059 I amkv    : (REDACTED) #evaluate: isEnabled = %s failure reasons: %s
06-18 07:18:30.632  1472  2059 I amge    : (REDACTED) FCF System FeatureName to check: %s
06-18 07:18:30.633  1472  2059 I amge    : (REDACTED) FCF: Device model check status : %s
06-18 07:18:30.633  1472  2059 I amge    : (REDACTED) FCF System FeatureName to check: %s
06-18 07:18:30.633  1472  2059 I amge    : (REDACTED) FCF: Device model check status : %s
06-18 07:18:30.633  1472  2059 I amge    : (REDACTED) FCF System FeatureName to check: %s
06-18 07:18:30.633  1472  2059 I amge    : (REDACTED) FCF: Device model check status : %s
06-18 07:18:30.633  1472  2059 I amkw    : (REDACTED) #evaluate: isEnabled = %s failure reasons: %s
06-18 07:18:30.643  2451  4054 I Mantle  : IGMantleJni::initHybrid is called.
06-18 07:18:30.679  2451  2451 I auditd  : type=1400 audit(0.0:14708): avc:  granted  { execute } for  comm="SWPool3_t1of1" path="/data/data/com.instagram.android/modules/executorch_459bf669e66c9b40ebff46662e5017358ee762dee7e441965df778603efc7e54/lib-compressed/arm64-v8a/996255481/asset-libs/libdynamic_executorch.so" dev="sda28" ino=152083 scontext=u:r:untrusted_app:s0:c125,c258,c512,c768 tcontext=u:object_r:app_data_file:s0:c125,c258,c512,c768 tclass=file app=com.instagram.android
06-18 07:18:30.679  2451  2451 W SWPool3_t1of1: type=1400 audit(0.0:14708): avc:  granted  { execute } for  path="/data/data/com.instagram.android/modules/executorch_459bf669e66c9b40ebff46662e5017358ee762dee7e441965df778603efc7e54/lib-compressed/arm64-v8a/996255481/asset-libs/libdynamic_executorch.so" dev="sda28" ino=152083 scontext=u:r:untrusted_app:s0:c125,c258,c512,c768 tcontext=u:object_r:app_data_file:s0:c125,c258,c512,c768 tclass=file app=com.instagram.android
06-18 07:18:30.645  2451  4054 I Mantle  : IGMantleJni::IGMantleJni is called.
06-18 07:18:30.653  1472  1918 I yui     : (REDACTED) group %s present %s in %s
06-18 07:18:30.655  1472  1918 I yrq     : (REDACTED) incrementApaDataDownloadStoreStatus(latency = %s, status = %s, locale = %s, fileGroupnames = %s, accountInScope = %s, localGroupsAvailable = %s, callSiteId = %s, timeSinceSearchBoot = %s (%s), timeSinceDataDownloadInit = %s (%s))
06-18 07:18:30.660  1472  1854 I yui     : (REDACTED) group %s present %s in %s
06-18 07:18:30.660  1472  1854 I yrq     : (REDACTED) incrementApaDataDownloadStoreStatus(latency = %s, status = %s, locale = %s, fileGroupnames = %s, accountInScope = %s, localGroupsAvailable = %s, callSiteId = %s, timeSinceSearchBoot = %s (%s), timeSinceDataDownloadInit = %s (%s))
06-18 07:18:30.667  2451  3648 W SoLoader[NativeDeps]: Couldn't find libdynamic_executorch.so in native deps file
06-18 07:18:30.667  2451  3648 W SoLoader[NativeDeps]: Falling back to custom ELF parsing when loading libdynamic_executorch.so, this can be slow
06-18 07:18:30.669  1472  2059 I yui     : (REDACTED) group %s present %s in %s
06-18 07:18:30.670  1472  1916 I yrq     : (REDACTED) incrementApaDataDownloadStoreStatus(latency = %s, status = %s, locale = %s, fileGroupnames = %s, accountInScope = %s, localGroupsAvailable = %s, callSiteId = %s, timeSinceSearchBoot = %s (%s), timeSinceDataDownloadInit = %s (%s))
06-18 07:18:30.670  1472  1895 I amge    : (REDACTED) FCF System FeatureName to check: %s
06-18 07:18:30.671  1472  1895 I amge    : (REDACTED) FCF: Device model check status : %s
06-18 07:18:30.671  1472  1895 I amge    : (REDACTED) FCF System FeatureName to check: %s
06-18 07:18:30.671  1472  1895 I amge    : (REDACTED) FCF: Device model check status : %s
06-18 07:18:30.671  1472  1895 I amml    : (REDACTED) #evaluate: isEnabled = %s failure reasons: %s
06-18 07:18:30.672  1472  1895 I amge    : (REDACTED) FCF System FeatureName to check: %s
06-18 07:18:30.673  1472  1895 I amge    : (REDACTED) FCF: Device model check status : %s
06-18 07:18:30.673  1472  1895 I ammn    : (REDACTED) #evaluate: isEnabled = %s failure reasons: %s
06-18 07:18:30.673  1472  1895 I DefaultLPManager: #getAvailablePackages
06-18 07:18:30.674  1472  1895 I eygd    : #getDownloadableLanguagePacks
06-18 07:18:30.674  3724  3831 E APM::AudioPolicyEngine/Base: getDevicesRoleForT invalid audio source 0
06-18 07:18:30.674  3724  3831 E APM::AudioPolicyEngine/Base: getDevicesRoleForT invalid audio source 0
06-18 07:18:30.675  1472  1895 I eygv    : (REDACTED) Loaded languagepack (LP) flag value from latest config %s: %s
06-18 07:18:30.676  1472  1895 W SystemLPSourceImpl: #getAvailablePackages: Note there is not reason to call this method, as getInstalledPackages() returns the same LanguagePacks for this impl.
06-18 07:18:30.676  3724  3940 W APM_AudioPolicyManager: setStreamVolumeIndex: no group for stream AUDIO_STREAM_ASSISTANT, bailing out
06-18 07:18:30.677  1472  1895 W LegacyLPSourceImpl: #getAvailablePackages: Note there is no reason to call this method, as getInstalledPackages() returns the same LanguagePacks for this impl.
06-18 07:18:30.678  1472  1895 I DefaultLPManager: #getAvailablePackages
06-18 07:18:30.678  1472  1895 I eygd    : #getDownloadableLanguagePacks
06-18 07:18:30.680  2451  3648 D nativeloader: Load /data/app/~~1qtYuzEKZbJcn2iUmX7Geg==/com.instagram.android-dWOZYECJFVMyvZUghZq2DA==/lib/arm64/libc++_shared.so using class loader ns clns-9 (caller=/data/app/~~1qtYuzEKZbJcn2iUmX7Geg==/com.instagram.android-dWOZYECJFVMyvZUghZq2DA==/base.apk!classes3.dex): ok
06-18 07:18:30.681  1472  1895 I eygv    : (REDACTED) Loaded languagepack (LP) flag value from latest config %s: %s
06-18 07:18:30.684  1472  1725 I SystemLPSourceImpl: (REDACTED) Parsed system partition LanguagePack metadata file: %s
06-18 07:18:30.685  7935  8705 I dvm_lock_sample: [system_server,1,binder:7935_7,48,AudioService.java,8756,java.util.Set com.android.server.audio.AudioService.getDeviceSetForStream(int),,0,null,9]
06-18 07:18:30.687  8928  9824 I vol.Events: writeEvent level_changed STREAM_MUSIC 13
06-18 07:18:30.690  3724  3831 W APM_AudioPolicyManager: setStreamVolumeIndex: no group for stream AUDIO_STREAM_ASSISTANT, bailing out
06-18 07:18:30.690  2451  3648 W libc    : Access denied finding property "ro.hardware.chipname"
06-18 07:18:30.693 14424 14424 W TextView: onProvideContentCaptureStructure(): calling assumeLayout()
06-18 07:18:30.698  1472  1895 W SystemLPSourceImpl: #getAvailablePackages: Note there is not reason to call this method, as getInstalledPackages() returns the same LanguagePacks for this impl.
06-18 07:18:30.699  1472  1895 W LegacyLPSourceImpl: #getAvailablePackages: Note there is no reason to call this method, as getInstalledPackages() returns the same LanguagePacks for this impl.
06-18 07:18:30.699  1472  1895 I DefaultLPManager: #getInstalledPackages
06-18 07:18:30.700  1472  1895 I eygd    : #getInstalledPackages from MDD
06-18 07:18:30.700  1472  1895 I eygd    : #GetLanguagePackList
06-18 07:18:30.700  1472  1895 I eygd    : MDD.getFileGroupsByFilter(langpack-domain_xx-XX_ver_zipfile)
06-18 07:18:30.700  1472  1876 I SystemLPSourceImpl: (REDACTED) Parsed system partition LanguagePack metadata file: %s
06-18 07:18:30.701  1472  1733 I SystemLPSourceImpl: (REDACTED) Parsed system partition LanguagePack metadata file: %s
06-18 07:18:30.716  8928  9268 W System  : A resource failed to call release. 
06-18 07:18:30.717  8928  9268 W System  : A resource failed to call release. 
06-18 07:18:30.717  8928  9268 W System  : A resource failed to call release. 
06-18 07:18:30.717  8928  9268 W System  : A resource failed to call release. 
06-18 07:18:30.717  8928  9268 W System  : A resource failed to call release. 
06-18 07:18:30.717  8928  9268 W System  : A resource failed to call release. 
06-18 07:18:30.739  2451  3648 D nativeloader: Load /data/data/com.instagram.android/modules/executorch_459bf669e66c9b40ebff46662e5017358ee762dee7e441965df778603efc7e54/lib-compressed/arm64-v8a/996255481/asset-libs/libdynamic_executorch.so using class loader ns clns-9 (caller=/data/app/~~1qtYuzEKZbJcn2iUmX7Geg==/com.instagram.android-dWOZYECJFVMyvZUghZq2DA==/base.apk!classes3.dex): ok
06-18 07:18:30.741  1472  1562 W earchbox:search: Suspending all threads took: 5.724ms
06-18 07:18:30.749 10442 10799 I alte    : (REDACTED) Needs to download files: %s
06-18 07:18:30.749 10442 10799 I alum    : (REDACTED) Updated config based on request %s, currentClient %s
06-18 07:18:30.753 10442 10799 I eejg    : (REDACTED) New message(%s, @%s) received at connection(%s).
06-18 07:18:30.753 10442 10799 I eejg    : (REDACTED) Message(%s, @%s) has been successfully processed at connection(%s).
06-18 07:18:30.757 10442 10799 I eedi    : (REDACTED) Connection state changed: %s.
06-18 07:18:30.764 10442 10788 I eedi    : (REDACTED) Invocations routing has changed
06-18 07:18:30.764 10442 10788 I eedi    : %s
06-18 07:18:30.769  8928  9824 I vol.Events: writeEvent level_changed STREAM_VOICE_CALL 8
06-18 07:18:30.772  2451  4054 E ActionQueryTaskListener: 1 onTaskComplete [true,false,] BACKGROUND modules: [executorch] actions: [LOAD=[executorch],COMPLETE_SUCCESS=[executorch]]
06-18 07:18:30.792  7935  8705 W DisplayManagerService: Permission Denial: getWifiDisplayStatus() from pid=3592, uid=10649 requires android.permission.ACCESS_FINE_LOCATION
06-18 07:18:30.798  7935 12215 V DisplayManagerService: FrozenStateChangeCallback not supported for pid 3592
06-18 07:18:30.805  3592  3592 V MediaRouter: Audio routes updated: AudioRoutesInfo{ type=SPEAKER, bluetoothName=SRS-XB33 }, a2dp=true
06-18 07:18:30.810  3592  3592 V MediaRouter: Selecting route: RouteInfo{ name=SRS-XB33, description=Bluetooth audio, status=null, category=RouteCategory{ name=System types=ROUTE_TYPE_LIVE_AUDIO ROUTE_TYPE_LIVE_VIDEO  groupable=false }, supportedTypes=ROUTE_TYPE_LIVE_AUDIO , presentationDisplay=null }
06-18 07:18:30.810  3592  3592 I MediaRouter: Skip setBluetoothA2dpOn(): types=1, isPlaybackActive()=false, BT route=RouteInfo{ name=SRS-XB33, description=Bluetooth audio, status=null, category=RouteCategory{ name=System types=ROUTE_TYPE_LIVE_AUDIO ROUTE_TYPE_LIVE_VIDEO  groupable=false }, supportedTypes=ROUTE_TYPE_LIVE_AUDIO , presentationDisplay=null }
06-18 07:18:30.810  7935 12215 W DisplayManagerService: Permission Denial: getWifiDisplayStatus() from pid=3592, uid=10649 requires android.permission.ACCESS_FINE_LOCATION
06-18 07:18:30.859  3592  3592 I MediaRouter: Found default route: MediaRouter.RouteInfo{ uniqueId=android/androidx.mediarouter.media.SystemMediaRouteProvider:DEFAULT_ROUTE, name=Phone, description=null, iconUri=null, enabled=true, connectionState=0, canDisconnect=false, playbackType=0, playbackStream=3, deviceType=0, volumeHandling=1, volume=13, volumeMax=25, presentationDisplayId=-1, extras=null, settingsIntent=null, providerPackageName=android }
06-18 07:18:30.860  3592  3592 I MediaRouter: Found bluetooth route: MediaRouter.RouteInfo{ uniqueId=android/androidx.mediarouter.media.SystemMediaRouteProvider:ROUTE_3005e323, name=SRS-XB33, description=Bluetooth audio, iconUri=null, enabled=true, connectionState=0, canDisconnect=false, playbackType=0, playbackStream=3, deviceType=3, volumeHandling=1, volume=13, volumeMax=25, presentationDisplayId=-1, extras=null, settingsIntent=null, providerPackageName=android }
06-18 07:18:30.860  3592  3592 I MediaRouter: Unselecting the current route because it is no longer selectable: null
06-18 07:18:30.882  1472  1586 V ClearcutMetricXmitter: Transmission is done.
06-18 07:18:30.883  1472  1586 V ClearcutMetricXmitter: Transmission is done.
06-18 07:18:30.939  7935  7992 I system_server: Background young concurrent copying GC freed 46MB AllocSpace bytes, 23(696KB) LOS objects, 37% free, 78MB/125MB, paused 341us,346us total 136.831ms
06-18 07:18:30.961 11029 11715 V BinderSender: Uid 10637 already starts
06-18 07:18:30.963 10985 11122 V BinderSender: Uid 10637 already starts
06-18 07:18:30.964  3158  3528 W BluetoothRemoteDevices: Address type mismatch for XX:XX:XX:XX:B2:D5, new type: 1
06-18 07:18:30.967  9384  2527 I NearbyDiscovery: (REDACTED) BloomFilterAdvManager: Detected bloom filter but too far away, ignoring. %sm, %s
06-18 07:18:30.992  3592  3592 V MediaRouter: Selecting route: RouteInfo{ name=SRS-XB33, description=Bluetooth audio, status=null, category=RouteCategory{ name=System types=ROUTE_TYPE_LIVE_AUDIO ROUTE_TYPE_LIVE_VIDEO  groupable=false }, supportedTypes=ROUTE_TYPE_LIVE_AUDIO , presentationDisplay=null }
06-18 07:18:31.005  3592  4094 D BluetoothAdapter: A2DP connected
06-18 07:18:31.023  3592  4094 D BluetoothAdapter: A2DP disconnected
06-18 07:18:31.028  3158  3232 I BluetoothAdapterServiceBinder: cancelDiscovery: from uid/pid=10649/3592
06-18 07:18:31.028  3158  3360 I bt_btif_dm: system/btif/src/btif_dm.cc:2754 btif_dm_cancel_discovery: Cancel search
06-18 07:18:31.028  3158  3360 I bt_bta_sd: system/bta/dm/bta_dm_device_search.cc:784 bta_dm_search_sm_execute: state:BTA_DM_SEARCH_IDLE, event:BTA_DM_API_SEARCH_CANCEL_EVT[0x1]
06-18 07:18:31.035  3158  3232 I BluetoothSocketManagerBinder: connectSocket: device=XX:XX:XX:XX:70:8C, type=1, uuid=b9b213ce-eeab-49e4-8fd9-aa478ed1b26b, port=-1, from uid/pid=10649/3592
06-18 07:18:31.035  3158  3232 I bt_btif_sock: system/btif/src/btif_sock.cc:222 btsock_connect: Attempting socket connection for device: xx:xx:xx:xx:70:8c, type: 1, channel: -1, app_uid: 10649, data_path: 0, hub_id: 0, endpoint_id: 0, max_rx_packet_size: 0
06-18 07:18:31.036  3158  3232 I bt_btif_sock_rfcomm: system/btif/src/btif_sock_rfc.cc:474 btsock_rfc_connect: service_uuid:b9b213ce-eeab-49e4-8fd9-aa478ed1b26b, bd_addr:xx:xx:xx:xx:70:8c, slot_id:6
06-18 07:18:31.036  3158  3360 I l2c_csm : system/stack/l2cap/l2c_csm.cc:247 l2c_csm_execute: Enter CSM, chnl_state:CST_CLOSED [0] event:L2CEVT_L2CA_CONNECT_REQ(0x15) lcid:0x004d rcid:0x0000
06-18 07:18:31.036  3158  3360 I l2c_csm : system/stack/l2cap/l2c_csm.cc:247 l2c_csm_execute: Enter CSM, chnl_state:CST_CLOSED [0] event:L2CEVT_SEC_COMP(0x7) lcid:0x004d rcid:0x0000
06-18 07:18:31.036  3158  3360 I bluetooth: system/bta/jv/bta_jv_act.cc:909 bta_jv_start_discovery: Started service discovery bd_addr:xx:xx:xx:xx:70:8c num_uuid:1 slot_id:6
06-18 07:18:31.036  3592  4094 I BluetoothSocket: connect(), SocketState: INIT, mPfd: {ParcelFileDescriptor: java.io.FileDescriptor@c1680fb}
06-18 07:18:31.095  7935  8466 V AS.AudioDeviceBroker: onPersistAudioDeviceSettings AdiDeviceState: 7,80:99:E7:1D:D7:8D,0,0,0,32,3|8,80:99:E7:1D:D7:8D,0,0,0,128,3|8,04:21:44:F7:70:8C,0,0,0,128,2|7,04:21:44:F7:70:8C,0,0,0,16,2|26,04:21:44:F7:70:8C,0,0,0,536870912,2
06-18 07:18:31.126  7935  8226 D CompatChangeReporter: Compat change id reported: 311208629; UID 10649; state: ENABLED
06-18 07:18:31.130  7935  8318 I WifiMulticastLockManager: Handling importance changed for uid=10649, isNowActive=false, importance=400
06-18 07:18:31.133  8841  9417 D IpClient.wlan0: set max DTIM multiplier to 2
06-18 07:18:31.133  6647  6647 E WifiHAL : Setting APF program, halHandle = 0x738eae5210
06-18 07:18:31.134  6647  6647 E WifiHAL : Set apf filter for iface = wlan0
06-18 07:18:31.134  6647  6647 I WifiHAL : createRequest: APF set program request
06-18 07:18:31.134  6647  6647 I WifiHAL : mProgramLen : 296
06-18 07:18:31.139  6647  6647 D WifiHAL : Setting DTIM config , halHandle = 0x738eae5210 Multiplier = 2
06-18 07:18:31.139  6647  6647 I WifiHAL : Successfully configured dtim multiplier 2
06-18 07:18:31.139  6647  6647 D WifiHAL : error code -95 mapped to -3
06-18 07:18:31.140  7935  8318 E WifiStaIfaceAidlImpl: setDtimMultiplier failed with service-specific exception: android.os.ServiceSpecificException:  (code 4)
06-18 07:18:31.146  7492  7902 I bauth_FPBAuthService: pcf : 0x1012, 0 ,2 ,0 ,0 ,0 ,2, 5.0.0.25
06-18 07:18:31.146  7492  7902 I bauth_FPBAuthService: thread id : 2, preenroll_flag : 0, nd cnt : 1, cso : 0, et : 0
06-18 07:18:31.146  7492  7902 I bauth_FPBAuthService: FPBAuthService, 11438
06-18 07:18:31.151  3158  3360 I l2c_csm : system/stack/l2cap/l2c_csm.cc:247 l2c_csm_execute: Enter CSM, chnl_state:CST_W4_L2CAP_CONNECT_RSP [3] event:L2CEVT_L2CAP_CONNECT_RSP(0xb) lcid:0x004d rcid:0x0000
06-18 07:18:31.151  3158  3360 I l2c_csm : system/stack/l2cap/l2c_csm.cc:247 l2c_csm_execute: Enter CSM, chnl_state:CST_CONFIG [5] event:L2CEVT_L2CA_CONFIG_REQ(0x18) lcid:0x004d rcid:0x004c
06-18 07:18:31.153  3158  3360 I l2c_csm : system/stack/l2cap/l2c_csm.cc:247 l2c_csm_execute: Enter CSM, chnl_state:CST_CONFIG [5] event:L2CEVT_L2CAP_CONFIG_REQ(0xe) lcid:0x004d rcid:0x004c
06-18 07:18:31.153  3158  3360 I l2c_csm : system/stack/l2cap/l2c_csm.cc:247 l2c_csm_execute: Enter CSM, chnl_state:CST_CONFIG [5] event:L2CEVT_L2CA_CONFIG_RSP(0x19) lcid:0x004d rcid:0x004c
06-18 07:18:31.181  7935  9021 I am_uid_running: 10625
06-18 07:18:31.181  7935  9021 V GrammaticalInflectionUtils: AttributionSource: android.content.AttributionSource@a6d7c5f0 does not have READ_SYSTEM_GRAMMATICAL_GENDER permission.
06-18 07:18:31.181  7935  8503 D BackgroundInstallControlService: Package event received: 0
06-18 07:18:31.182  3158  3360 I l2c_csm : system/stack/l2cap/l2c_csm.cc:247 l2c_csm_execute: Enter CSM, chnl_state:CST_CONFIG [5] event:L2CEVT_L2CAP_CONFIG_RSP(0xf) lcid:0x004d rcid:0x004c
06-18 07:18:31.187  7935  8228 I HMA-OSS : [DEBUG] <06-18 07:18:31> (ZygoteHook) @startZygoteProcess: Starting [android.os.ZygoteProcess@53683a1, android.app.ActivityThread, com.facebook.katana, 10625, 10625, [I@c804c8b, 23144448, 1, 36, default:targetSdkVersion=36:complete, arm64-v8a, arm64, /data/user/0/com.facebook.katana, null, com.facebook.katana, 0, false, [J@8752168, {com.facebook.katana=Pair{null 38543}}, {com.google.android.gms=Pair{null 6892}}, true, false, false, 906, [Ljava.lang.String;@87d1981]
06-18 07:18:31.191  3158  3360 W stack::sdp: system/stack/sdp/sdp_utils.cc:163 sdpu_find_most_specific_service_uuid: Bad Service Class ID list attribute
06-18 07:18:31.191  3158  3360 I stack::sdp: system/stack/sdp/sdp_utils.cc:182 sdpu_log_attribute_metrics: skipping record without service uuid xx:xx:xx:xx:70:8c
06-18 07:18:31.191  3158  3360 I l2c_csm : system/stack/l2cap/l2c_csm.cc:247 l2c_csm_execute: Enter CSM, chnl_state:CST_OPEN [6] event:L2CEVT_L2CA_DISCONNECT_REQ(0x1b) lcid:0x004d rcid:0x004c
06-18 07:18:31.197  3158  3360 I l2c_csm : system/stack/l2cap/l2c_csm.cc:247 l2c_csm_execute: Enter CSM, chnl_state:CST_W4_L2CAP_DISCONNECT_RSP [7] event:L2CEVT_L2CAP_DISCONNECT_RSP(0x12) lcid:0x004d rcid:0x004c
06-18 07:18:31.197  3158  3360 I bluetooth: system/bta/jv/bta_jv_act.cc:820 bta_jv_start_discovery_cback: Received service discovery callback success bd_addr:xx:xx:xx:xx:70:8c result:tSDP_STATUS::SDP_SUCCESS
06-18 07:18:31.197  6347  6347 D Zygote  : Forked child process 4099
06-18 07:18:31.198  3158  3360 I bluetooth: system/bta/jv/bta_jv_act.cc:842 bta_jv_start_discovery_cback: Issuing service discovery complete callback bd_addr:xx:xx:xx:xx:70:8c result:tSDP_STATUS::SDP_SUCCESS status:tBTA_JV_STATUS::SUCCESS scn:7
06-18 07:18:31.198  3158  3360 I bt_btif_sock_rfcomm: system/btif/src/btif_sock_rfc.cc:999 jv_dm_cback: handling event:BTA_JV_DISCOVERY_COMP_EVT, slot_id:6
06-18 07:18:31.198  3158  3360 I bt_port_api: system/stack/rfcomm/port_api.cc:224 RFCOMM_CreateConnectionWithSecurity: bd_addr=xx:xx:xx:xx:70:8c, scn=7, is_server=false, mtu=990, uuid=0x1101, dlci=15, signal_state=0xb, p_port=0x7bb390abc8
06-18 07:18:31.198  3158  3360 I bt_btif_sock_rfcomm: system/btif/src/btif_sock_rfc.cc:956 rfcomm_cback: handling BTA_JV_RFCOMM_CL_INIT_EVT, slot_id:6
06-18 07:18:31.198  7935  8055 I am_proc_start: [0,4099,10625,com.facebook.katana,content provider,{com.facebook.katana/com.facebook.katana.liteprovider.usdid.UsdidValuesProvider}]
06-18 07:18:31.199  7935  8055 I ActivityManager: Start proc 4099:com.facebook.katana/u0a625 for content provider {com.facebook.katana/com.facebook.katana.liteprovider.usdid.UsdidValuesProvider}
06-18 07:18:31.205  3158  3360 I bluetooth: system/stack/rfcomm/rfc_port_fsm.cc:83 rfc_port_sm_execute: bd_addr:xx:xx:xx:xx:70:8c, handle:21, state:RFC_STATE_CLOSED, event:RFC_PORT_EVENT_OPEN
06-18 07:18:31.205  3158  3360 I bluetooth: system/stack/rfcomm/rfc_port_fsm.cc:83 rfc_port_sm_execute: bd_addr:xx:xx:xx:xx:70:8c, handle:21, state:RFC_STATE_ORIG_WAIT_SEC_CHECK, event:RFC_PORT_EVENT_SEC_COMPLETE
06-18 07:18:31.217  6356  6356 I zygiskd64:  - Sending companion fd socket of module "treat_wheel"
06-18 07:18:31.218  7942  7942 I zygiskd-companion64: New companion request.
06-18 07:18:31.218  7942  7942 I zygiskd-companion64:  - Module name: treat_wheel
06-18 07:18:31.218  7942  7942 I zygiskd-companion64:  - Client fd: 5
06-18 07:18:31.241  3158  3360 I bluetooth: system/stack/rfcomm/rfc_port_fsm.cc:83 rfc_port_sm_execute: bd_addr:xx:xx:xx:xx:70:8c, handle:21, state:RFC_STATE_SABME_WAIT_UA, event:RFC_PORT_EVENT_UA
06-18 07:18:31.241  3158  3360 I bt_btif_sock_rfcomm: system/btif/src/btif_sock_rfc.cc:961 rfcomm_cback: handling BTA_JV_RFCOMM_OPEN_EVT, slot_id:6
06-18 07:18:31.241  3158  3360 I bt_btif_sock_rfcomm: system/btif/src/btif_sock_rfc.cc:803 on_cli_rfc_connect: connected to RFCOMM socket connections for device: xx:xx:xx:xx:70:8c, scn: 7, app_uid: 10649, id: 6, socket_id: 14561352379725729778
06-18 07:18:31.241  3158  3360 I bluetooth: system/bta/dm/bta_dm_pm.cc:514 bta_dm_pm_cback: New connection service:BTA_ID_JV[26] app_id:1
06-18 07:18:31.241  3158  3360 I bluetooth: system/bta/dm/bta_dm_pm.cc:905 bta_dm_pm_ssr: Found connected service:BTA_ID_AV app_id:0 peer:xx:xx:xx:xx:70:8c spec_name:sniff_capable
06-18 07:18:31.241  3158  3360 I bluetooth: system/bta/dm/bta_dm_pm.cc:905 bta_dm_pm_ssr: Found connected service:BTA_ID_AG app_id:1 peer:xx:xx:xx:xx:70:8c spec_name:sniff_capable
