06-18 07:18:31.988  4099  4167 W AppInitScheduler|Schedule: Schedule 240:LocationRequestDetector, deps=[266] (82 pending tasks, PriorityHint=NORMAL, isCritical=false)
06-18 07:18:31.988  4099  4167 W AppInitScheduler|Schedule: Schedule 241:LogController, deps=[157] (83 pending tasks, PriorityHint=NORMAL, isCritical=false)
06-18 07:18:31.988  4099  4167 W AppInitScheduler|Schedule: Schedule 247:MessageQueueDoctor, deps=[3] (84 pending tasks, PriorityHint=NORMAL, isCritical=false)
06-18 07:18:31.988  4099  4167 W AppInitScheduler|Schedule: Schedule 273:MqttEarlySyncInitializerAfterAppCreate, deps=[125, 154] (85 pending tasks, PriorityHint=NORMAL, isCritical=false)
06-18 07:18:31.988  4099  4167 W AppInitScheduler|Schedule: Schedule 340:ObjectCountJestE2EBridge, deps=null (86 pending tasks, PriorityHint=NORMAL, isCritical=false)
06-18 07:18:31.988  4099  4167 W AppInitScheduler|Schedule:   Executing 340:ObjectCountJestE2EBridge
06-18 07:18:31.988  4099  4167 W AppInitScheduler|Schedule: Schedule 345:PendingStoryStoreInitializer, deps=[157, 198, 266] (87 pending tasks, PriorityHint=NORMAL, isCritical=false)
06-18 07:18:31.988  4099  4167 W AppInitScheduler|Schedule: Schedule 360:PreloadIconsInit, deps=[414, 415] (88 pending tasks, PriorityHint=NORMAL, isCritical=false)
06-18 07:18:31.988  4099  4167 W AppInitScheduler|Schedule: Schedule 365:PreloadNativeLibrariesVif, deps=[237, 264, 266] (89 pending tasks, PriorityHint=NORMAL, isCritical=false)
06-18 07:18:31.989  4099  4167 W AppInitScheduler|Schedule: Schedule 368:PreloadReelsCsrForReelsTabStarts, deps=[178, 415] (90 pending tasks, PriorityHint=NORMAL, isCritical=false)
06-18 07:18:31.989  4099  4167 W AppInitScheduler|Schedule: Schedule 376:PreloadVideoHomeDataController, deps=[414, 415] (91 pending tasks, PriorityHint=NORMAL, isCritical=false)
06-18 07:18:31.989  4099  4167 W AppInitScheduler|Schedule: Schedule 381:ProfiloBridgeFactoryImpl, deps=[245, 415] (92 pending tasks, PriorityHint=NORMAL, isCritical=false)
06-18 07:18:31.989  4099  4167 W AppInitScheduler|Schedule: Schedule 386:RasFileInitializer, deps=null (93 pending tasks, PriorityHint=NORMAL, isCritical=false)
06-18 07:18:31.989  4099  4167 W AppInitScheduler|Schedule:   Executing 386:RasFileInitializer
06-18 07:18:31.989  4099  4167 W AppInitScheduler|Schedule: Schedule 387:RegisterMainLooperTracer, deps=null (94 pending tasks, PriorityHint=NORMAL, isCritical=false)
06-18 07:18:31.989  4099  4167 W AppInitScheduler|Schedule:   Executing 387:RegisterMainLooperTracer
06-18 07:18:31.989  4099  4167 W AppInitScheduler|Schedule: Schedule 389:ReleaseDeferredBroadcastReceiver, deps=null (95 pending tasks, PriorityHint=NORMAL, isCritical=false)
06-18 07:18:31.989  4099  4167 W AppInitScheduler|Schedule:   Executing 389:ReleaseDeferredBroadcastReceiver
06-18 07:18:31.989  4099  4167 W AppInitScheduler|Schedule: Schedule 390:ReliabilityExperiments, deps=null (96 pending tasks, PriorityHint=NORMAL, isCritical=false)
06-18 07:18:31.989  4099  4167 W AppInitScheduler|Schedule:   Executing 390:ReliabilityExperiments
06-18 07:18:31.989  4099  4167 W AppInitScheduler|Schedule: Schedule 393:ReliabilityUserPerceptibleScopeToQPL, deps=[415] (97 pending tasks, PriorityHint=NORMAL, isCritical=false)
06-18 07:18:31.989  4099  4167 W AppInitScheduler|Schedule: Schedule 394:ReplayBroadcastReceivedDuringAppInit, deps=[451] (98 pending tasks, PriorityHint=NORMAL, isCritical=false)
06-18 07:18:31.989  4099  4167 W AppInitScheduler|Schedule: Schedule 399:ScheduleLowPriWork, deps=[451] (99 pending tasks, PriorityHint=NORMAL, isCritical=false)
06-18 07:18:31.989  4099  4167 W AppInitScheduler|Schedule: Schedule 407:SetupDynaBuilds, deps=null (100 pending tasks, PriorityHint=NORMAL, isCritical=false)
06-18 07:18:31.989  4099  4167 W AppInitScheduler|Schedule:   Executing 407:SetupDynaBuilds
06-18 07:18:31.989  4099  4167 W AppInitScheduler|Schedule: Schedule 421:TabBadgeFetchAppInit, deps=[264, 266] (101 pending tasks, PriorityHint=NORMAL, isCritical=false)
06-18 07:18:31.989  4099  4167 W AppInitScheduler|Schedule: Schedule 453:WarmFacebookEmojiFont, deps=[157, 266] (102 pending tasks, PriorityHint=NORMAL, isCritical=false)
06-18 07:18:31.989  4099  4167 W AppInitScheduler|Schedule: Schedule 456:WhitehatOverlayInitializer, deps=[157] (103 pending tasks, PriorityHint=NORMAL, isCritical=false)
06-18 07:18:31.989  4099  4167 W AppInitScheduler|Schedule: Schedule 352:PreloadFeedDataLoader, deps=[414, 415] (104 pending tasks, PriorityHint=LOW, isCritical=false)
06-18 07:18:31.989  4099  4167 W AppInitScheduler|Schedule: Schedule 135:EagerInitFeedDataLoader, deps=[352, 354] (105 pending tasks, PriorityHint=LOW, isCritical=false)
06-18 07:18:31.989  4099  4167 W AppInitScheduler|Schedule: Schedule 140:EarlyInitStoriesTrayForActivity, deps=[414, 415] (106 pending tasks, PriorityHint=LOW, isCritical=false)
06-18 07:18:31.989  4099  4167 W AppInitScheduler|Schedule: Schedule 171:FriendlyFeedPrefetchOnFirstForegroundWarmStart, deps=[264] (107 pending tasks, PriorityHint=LOW, isCritical=false)
06-18 07:18:31.989  4099  4167 W AppInitScheduler|Schedule: Schedule 187:InitAppComponentFactoryStartupController, deps=[125] (108 pending tasks, PriorityHint=LOW, isCritical=false)
06-18 07:18:31.990  4099  4167 W AppInitScheduler|Schedule: Schedule 213:InitPeriodicThreadBooster, deps=[186, 266] (109 pending tasks, PriorityHint=LOW, isCritical=false)
06-18 07:18:31.990  4099  4167 W AppInitScheduler|Schedule: Schedule 231:KeepWarm, deps=[414, 415] (110 pending tasks, PriorityHint=LOW, isCritical=false)
06-18 07:18:31.990  4099  4167 W AppInitScheduler|Schedule: Schedule 243:LongtailVoltronAppInit, deps=[198, 266] (111 pending tasks, PriorityHint=LOW, isCritical=false)
06-18 07:18:31.990  4099  4167 W AppInitScheduler|Schedule: Schedule 263:MetaCasper, deps=[414, 415] (112 pending tasks, PriorityHint=LOW, isCritical=false)
06-18 07:18:31.990  4099  4167 W AppInitScheduler|Schedule: Schedule 265:MobileConfigAdminIdLaterInit, deps=[198, 264, 269] (113 pending tasks, PriorityHint=LOW, isCritical=false)
06-18 07:18:31.990  4099  4167 W AppInitScheduler|Schedule: Schedule 267:MobileConfigLaterInit, deps=[130, 198, 269] (114 pending tasks, PriorityHint=LOW, isCritical=false)
06-18 07:18:31.990  4099  4167 W AppInitScheduler|Schedule: Schedule 270:MobileConfigSessionlessLaterInit, deps=[131, 198] (115 pending tasks, PriorityHint=LOW, isCritical=false)
06-18 07:18:31.990  4099  4167 W AppInitScheduler|Schedule: Schedule 344:PartialScrollOnFirstForegroundWarmStart, deps=[414, 415] (116 pending tasks, PriorityHint=LOW, isCritical=false)
06-18 07:18:31.990  4099  4167 W AppInitScheduler|Schedule: Schedule 355:PreloadFeedRequest, deps=[414, 415] (117 pending tasks, PriorityHint=LOW, isCritical=false)
06-18 07:18:31.990  4099  4167 W AppInitScheduler|Schedule: Schedule 346:PrefetchFeedNetwork, deps=[355] (118 pending tasks, PriorityHint=LOW, isCritical=false)
06-18 07:18:31.990  4099  4167 W AppInitScheduler|Schedule: Schedule 347:PreloadClashManager, deps=[414, 415] (119 pending tasks, PriorityHint=LOW, isCritical=false)
06-18 07:18:31.990  4099  4167 W AppInitScheduler|Schedule: Schedule 350:PreloadCreatorsHomeToHUnit, deps=[264, 266] (120 pending tasks, PriorityHint=LOW, isCritical=false)
06-18 07:18:31.990  4099  4167 W AppInitScheduler|Schedule: Schedule 351:PreloadFeedConfig, deps=[414, 415] (121 pending tasks, PriorityHint=LOW, isCritical=false)
06-18 07:18:31.990  4099  4167 W AppInitScheduler|Schedule: Schedule 353:PreloadFeedFetchMetadata, deps=[414, 415] (122 pending tasks, PriorityHint=LOW, isCritical=false)
06-18 07:18:31.990  4099  4167 W AppInitScheduler|Schedule: Schedule 356:PreloadFeedRequestForAllStarts, deps=[414, 415] (123 pending tasks, PriorityHint=LOW, isCritical=false)
06-18 07:18:31.990  4099  4167 W AppInitScheduler|Schedule: Schedule 358:PreloadFreshFeedRanker, deps=[157, 415] (124 pending tasks, PriorityHint=LOW, isCritical=false)
06-18 07:18:31.990  4099  4167 W AppInitScheduler|Schedule: Schedule 359:PreloadHeroManager, deps=[414, 415] (125 pending tasks, PriorityHint=LOW, isCritical=false)
06-18 07:18:31.991 10985 11122 V BinderSender: Uid 10637 already starts
06-18 07:18:31.991 10985 11122 V BinderSender: Uid 10625 already starts
06-18 07:18:31.990  4099  4167 W AppInitScheduler|Schedule: Schedule 361:PreloadInlineComposerProfileImage, deps=[136, 157, 415] (126 pending tasks, PriorityHint=LOW, isCritical=false)
06-18 07:18:31.991  4099  4167 W AppInitScheduler|Schedule: Schedule 362:PreloadInlineComposerProfileImageDeferred, deps=[136, 186, 414, 415] (127 pending tasks, PriorityHint=LOW, isCritical=false)
06-18 07:18:31.991  4099  4167 W AppInitScheduler|Schedule: Schedule 363:PreloadLogDb, deps=[3, 414, 415] (128 pending tasks, PriorityHint=LOW, isCritical=false)
06-18 07:18:31.994  4099  4159 W AppInitScheduler|Run: Running ZeroABTestStaticBootstrap [*], order=50, priorityHint=NORMAL 
06-18 07:18:31.994  4099  4167 W AppInitScheduler|Schedule: Schedule 367:PreloadReactions, deps=[3, 157, 415] (129 pending tasks, PriorityHint=LOW, isCritical=false)
06-18 07:18:31.994  4099  4167 W AppInitScheduler|Schedule: Schedule 372:PreloadStoriesTray, deps=[135] (130 pending tasks, PriorityHint=LOW, isCritical=false)
06-18 07:18:31.994  4099  4167 W AppInitScheduler|Schedule: Schedule 373:PreloadStoriesTrayFetchController, deps=[157, 415] (131 pending tasks, PriorityHint=LOW, isCritical=false)
06-18 07:18:31.994  4099  4167 W AppInitScheduler|Schedule: Schedule 374:PreloadStoriesTrayQuery, deps=[157, 415] (132 pending tasks, PriorityHint=LOW, isCritical=false)
06-18 07:18:31.995  4099  4184 W AppInitScheduler|Run: Running InitAppModuleFallbackLoader [*], order=40, priorityHint=NORMAL 
06-18 07:18:31.998 24412 24412 D MediaRouter: onRestoreRoute() : route=RouteInfo{ name=SRS-XB33, description=Bluetooth audio, status=null, category=RouteCategory{ name=System types=ROUTE_TYPE_LIVE_AUDIO ROUTE_TYPE_LIVE_VIDEO  groupable=false }, supportedTypes=ROUTE_TYPE_LIVE_AUDIO , presentationDisplay=null }
06-18 07:18:31.998 24412 24412 V MediaRouter: Selecting route: RouteInfo{ name=SRS-XB33, description=Bluetooth audio, status=null, category=RouteCategory{ name=System types=ROUTE_TYPE_LIVE_AUDIO ROUTE_TYPE_LIVE_VIDEO  groupable=false }, supportedTypes=ROUTE_TYPE_LIVE_AUDIO , presentationDisplay=null }
06-18 07:18:32.002  3158  3158 I bluetooth: system/btif/avrcp/avrcp_service.cc:532 SendMediaUpdate: track_changed=false :  play_state=true :  queue=false
06-18 07:18:32.002  3158  3360 W avrcp   : system/profile/avrcp/device.cc:1794 HandlePlayPosUpdate: Device is not registered for play position updates
06-18 07:18:32.002  4099  4167 W AppInitScheduler|Schedule: Schedule 375:PreloadTabPreloadablesBackgroundPrefetch, deps=[157, 415] (133 pending tasks, PriorityHint=LOW, isCritical=false)
06-18 07:18:32.002  4099  4167 W AppInitScheduler|Schedule: Schedule 377:PreloadVideoPrivateSharing, deps=[157, 415] (134 pending tasks, PriorityHint=LOW, isCritical=false)
06-18 07:18:32.002  4099  4167 W AppInitScheduler|Schedule: Schedule 400:ScreenOnFeedPrefetch, deps=[264, 266] (135 pending tasks, PriorityHint=LOW, isCritical=false)
06-18 07:18:32.002  4099  4167 W AppInitScheduler|Schedule: Schedule 402:SecondaryDexPreloaderBg, deps=[137, 266] (136 pending tasks, PriorityHint=LOW, isCritical=false)
06-18 07:18:32.002  4099  4167 W AppInitScheduler|Schedule: Schedule 406:SetupBlockingBackgroundComponentReporting, deps=[415] (137 pending tasks, PriorityHint=LOW, isCritical=false)
06-18 07:18:32.004  4099  4167 W AppInitScheduler|Schedule: Schedule 416:StartupQPLReplayer, deps=[415] (138 pending tasks, PriorityHint=LOW, isCritical=false)
06-18 07:18:32.004  4099  4167 W AppInitScheduler|Schedule: Schedule 417:StartupQPLTransitToMatureStage, deps=[416] (139 pending tasks, PriorityHint=LOW, isCritical=false)
06-18 07:18:32.004  4099  4167 W AppInitScheduler|Schedule: Schedule 450:VideoMetaCasper, deps=[414, 415] (140 pending tasks, PriorityHint=LOW, isCritical=false)
06-18 07:18:32.008  3158  3360 I avrcp   : system/profile/avrcp/connection_handler.cc:605 SendMessage: SendMessage to handle=0x0
06-18 07:18:32.021  4099  4167 W OnApplicationInitInvoker: Ignored missing AppInit dependency: 172:GatekeeperStoreInitializer
06-18 07:18:32.021  4099  4167 W OnApplicationInitInvoker: Ignored missing AppInit dependency: 254:MessengerMCPPluginInitializer
06-18 07:18:32.021  4099  4167 W AppInitScheduler|Run:   Finished RunOnApplicationInit in 114ms
06-18 07:18:32.021  4099  4167 W AppInitScheduler|Run: Running FixieEarlyBroadcastExecutor [*], order=53, priorityHint=CRITICAL_PATH 
06-18 07:18:32.022  4099  4161 W AppInitScheduler|Run:   Finished PreloadStartupLightSharedPreferenceUsages in 386ms
06-18 07:18:32.022  4099  4161 W AppInitScheduler|Run: Running FbSharedPreferenceInitializerAsync, order=58, priorityHint=VERY_HIGH 
06-18 07:18:32.035  3158  3360 I avrcp   : system/profile/avrcp/connection_handler.cc:605 SendMessage: SendMessage to handle=0x0
06-18 07:18:32.039  3158  3230 I BluetoothAdapterProperties: getBondedDevices: length=2
06-18 07:18:32.042  4099  4159 W AppInitScheduler|Run:   Finished ZeroABTestStaticBootstrap in 48ms
06-18 07:18:32.043  3158  3230 I bt_btif_dm: system/btif/src/btif_dm.cc:880 btif_dm_get_connection_state: Acl is not connected to peer:xx:xx:xx:xx:d7:8d
06-18 07:18:32.044  4099  4159 W AppInitScheduler|Run: Running PreloadStartupLightSharedPreferenceUsagesAppInit, order=59, priorityHint=VERY_HIGH 
06-18 07:18:32.045  3158  3230 I bt_btif_dm: system/btif/src/btif_dm.cc:880 btif_dm_get_connection_state: Acl is not connected to peer:xx:xx:xx:xx:d7:8d
06-18 07:18:32.050  4099  4167 W AppInitScheduler|Run:   Finished FixieEarlyBroadcastExecutor in 29ms
06-18 07:18:32.050  4099  4184 W AppInitScheduler|Run:   Finished InitAppModuleFallbackLoader in 57ms
06-18 07:18:32.050  4099  4167 W AppInitScheduler|Run: Running ZeroV2GateEarlyInit, order=60, priorityHint=VERY_HIGH 
06-18 07:18:32.051  4099  4167 W AppInitScheduler|Run:   Finished ZeroV2GateEarlyInit in 0ms
06-18 07:18:32.051  4099  4167 W AppInitScheduler|Run: Running EarliestPossibleColdStartClassPreloadStarter, order=61, priorityHint=HIGH 
06-18 07:18:32.052  4099  4165 W AppInitScheduler|Schedule: Shutting down, all work scheduled.
06-18 07:18:32.052  4099  4165 W AppInitScheduler|Schedule: java.lang.RuntimeException
06-18 07:18:32.052  4099  4165 W AppInitScheduler|Schedule: 	at X.0kb.A04(:5)
06-18 07:18:32.052  4099  4165 W AppInitScheduler|Schedule: 	at com.facebook.katana.app.FacebookApplicationImpl.A00(Unknown Source:55)
06-18 07:18:32.052  4099  4165 W AppInitScheduler|Schedule: 	at X.0hk.run(:9)
06-18 07:18:32.055  4099  4165 W AppInitScheduler|Schedule: Shut down called with 135 pending tasks
06-18 07:18:32.060  4099  4167 W EarliestPossibleColdStartClassPreloadStarter: Class preload op code: 0
06-18 07:18:32.067  4099  4184 W AppInitScheduler|Run: Running AddProcessNameToErrorReport, order=64, priorityHint=NORMAL 
06-18 07:18:32.068  4099  4184 W AppInitScheduler|Run:   Finished AddProcessNameToErrorReport in 2ms
06-18 07:18:32.068  4099  4184 W AppInitScheduler|Run: Running FixieActivityManagerHook, order=80, priorityHint=NORMAL 
06-18 07:18:32.068  1438  1805 I GH.ConnLoggerV2: connectivity state updated: false
06-18 07:18:32.070  4099  4185 W AppInitScheduler|Run:   Finished FbSharedPreferenceInitializer in 135ms
06-18 07:18:32.070  4099  4185 W AppInitScheduler|Schedule:   Executing 241:LogController
06-18 07:18:32.070  4099  4185 W AppInitScheduler|Schedule:   Executing 456:WhitehatOverlayInitializer
06-18 07:18:32.070  4099  4185 W AppInitScheduler|Run: Running FixieLimitNativeStackSize, order=81, priorityHint=NORMAL 
06-18 07:18:32.071  4099  4185 W AppInitScheduler|Run:   Finished FixieLimitNativeStackSize in 0ms
06-18 07:18:32.071  4099  4185 W AppInitScheduler|Run: Running InitAppChoreographer, order=83, priorityHint=NORMAL 
06-18 07:18:32.110  4099  4159 W AppInitScheduler|Run:   Finished PreloadStartupLightSharedPreferenceUsagesAppInit in 66ms
06-18 07:18:32.110  4099  4159 W AppInitScheduler|Run: Running HandleAppComponentsForPreTosBuild, order=85, priorityHint=NORMAL 
06-18 07:18:32.136  4099  4158 D nativeloader: Load /data/data/com.facebook.katana/lib-compressed/libcoldstart.so using class loader ns clns-9 (caller=/data/app/~~fr09-kafjaMKdS4fMYUYLQ==/com.facebook.katana-D83042GRT5d1FrzQk6s0-w==/base.apk): ok
06-18 07:18:32.146  7492  7902 I bauth_FPBAuthService: pcf : 0x1012, 0 ,2 ,0 ,0 ,0 ,2, 5.0.0.25
06-18 07:18:32.146  7492  7902 I bauth_FPBAuthService: thread id : 2, preenroll_flag : 0, nd cnt : 1, cso : 0, et : 0
06-18 07:18:32.146  7492  7902 I bauth_FPBAuthService: FPBAuthService, 11438
06-18 07:18:32.150  4099  4158 W AppInitScheduler|Run:   Finished LoadLibColdStart in 277ms
06-18 07:18:32.151  4099  4158 W AppInitScheduler|Schedule:   Executing 418:StaticGraphServiceFactoryInitializer
06-18 07:18:32.151  4099  4158 W AppInitScheduler|Schedule:   Executing 154:FbMCPPluginInitializer
06-18 07:18:32.153  4099  4158 W AppInitScheduler|Run: Running StaticGraphServiceFactoryInitializer [*], order=54, priorityHint=CRITICAL_PATH 
06-18 07:18:32.172  2451  2451 E SlowAppComponent: 0ms: KeepWarmReceiver instantiating…
06-18 07:18:32.172  2451  2451 E SlowAppComponent: Main thread was blocked for 187ms in the background starting with KeepWarmReceiver
06-18 07:18:32.174  7935  8705 E AppOps  : attributionTag  not declared in manifest of com.maxmpz.equalizer
06-18 07:18:32.179  4099  4181 W AppInitScheduler|Run:   Finished InitAuthentication in 227ms
06-18 07:18:32.180  4099  4181 W AppInitScheduler|Schedule:   Executing 414:StartupDestinationAppInit
06-18 07:18:32.180  4099  4181 W AppInitScheduler|Schedule:   Executing 264:MobileConfigAdminIdInit
06-18 07:18:32.180  4099  4181 W AppInitScheduler|Schedule:   Executing 266:MobileConfigInit
06-18 07:18:32.181  4099  4181 W AppInitScheduler|Schedule:   Executing 134:EagerInitFBTigonLight
06-18 07:18:32.181  7935  9021 I AS.AudioService: AudioHardening background playback would be muted for com.maxmpz.equalizer (10659), level: full
06-18 07:18:32.181  4099  4181 W AppInitScheduler|Run: Running StartupDestinationAppInit [*], order=27, priorityHint=CRITICAL_PATH 
06-18 07:18:32.423  4099  4099 I auditd  : type=1400 audit(0.0:14732): avc:  denied  { execmod } for  comm=4173796E635461736B202331 path="/data/app/~~fr09-kafjaMKdS4fMYUYLQ==/com.facebook.katana-D83042GRT5d1FrzQk6s0-w==/oat/arm64/base.odex" dev="sda28" ino=121315 scontext=u:r:untrusted_app:s0:c113,c258,c512,c768 tcontext=u:object_r:dalvikcache_data_file:s0 tclass=file permissive=0 app=com.facebook.katana
06-18 07:18:32.181  4099  4181 W AppInitScheduler|Run:   Finished StartupDestinationAppInit in 0ms
06-18 07:18:32.181  4099  4181 W AppInitScheduler|Run: Running MobileConfigAdminIdInit [*], order=28, priorityHint=VERY_HIGH 
06-18 07:18:32.182  3724  3953 E AudioFlinger: no wake lock to update, but system ready!
06-18 07:18:32.185  3724  3953 D EffectChain: setVolume_l sessionId 0 volume controller effect Dynamics Processing set (16777216, 16777216), ret (16777216, 16777216)
06-18 07:18:32.197  4099  4159 W AppInitScheduler|Run:   Finished HandleAppComponentsForPreTosBuild in 71ms
06-18 07:18:32.205  4099  4157 W AppInitScheduler|Run:   Finished MobileConfigSessionlessInit in 244ms
06-18 07:18:32.205  4099  4157 W AppInitScheduler|Schedule:   Executing 131:E2EForceMobileConfigSessionlessFetch
06-18 07:18:32.205  4099  4157 W AppInitScheduler|Schedule:   Executing 380:PrivacyUiiDetectionLogger
06-18 07:18:32.205  4099  4157 W AppInitScheduler|Run: Running E2EForceMobileConfigSessionlessFetch [*], order=35, priorityHint=NORMAL 
06-18 07:18:32.205  4099  4157 W AppInitScheduler|Run:   Finished E2EForceMobileConfigSessionlessFetch in 1ms
06-18 07:18:32.206  4099  4157 W AppInitScheduler|Run: Running PrivacyUiiDetectionLogger [*], order=46, priorityHint=LOW 
06-18 07:18:32.214  4099  4159 W AppInitScheduler|Run: Running MobileConfigInit [*], order=29, priorityHint=VERY_HIGH 
06-18 07:18:32.230  4099  4157 W AppInitScheduler|Run:   Finished PrivacyUiiDetectionLogger in 24ms
06-18 07:18:32.230  4099  4157 W AppInitScheduler|Run: Running EagerInitFBTigonLight [*], order=49, priorityHint=CRITICAL_PATH 
06-18 07:18:32.230  4099  4157 W AppInitScheduler|Run:   Finished EagerInitFBTigonLight in 0ms
06-18 07:18:32.230  4099  4157 W AppInitScheduler|Run: Running FbMCPPluginInitializer, order=75, priorityHint=NORMAL 
06-18 07:18:32.234  4099  4181 W AppInitScheduler|Run:   Finished MobileConfigAdminIdInit in 53ms
06-18 07:18:32.234  4099  4181 W AppInitScheduler|Schedule:   Executing 139:EarlyFetchStartupDestinationAppInit
06-18 07:18:32.234  4099  4181 W AppInitScheduler|Schedule:   Executing 455:WarmVolumeCache
06-18 07:18:32.234  4099  4181 W AppInitScheduler|Schedule:   Executing 171:FriendlyFeedPrefetchOnFirstForegroundWarmStart
06-18 07:18:32.234  4099  4159 W AppInitScheduler|Run:   Finished MobileConfigInit in 21ms
06-18 07:18:32.235  4099  4159 W AppInitScheduler|Schedule:   Executing 130:E2EForceMobileConfigFetch
06-18 07:18:32.235  4099  4159 W AppInitScheduler|Schedule:   Executing 160:FdidInitSync
06-18 07:18:32.235  4099  4159 W AppInitScheduler|Schedule:   Executing 246:MaybeUnblockComponentsEarly
06-18 07:18:32.235  4099  4159 W AppInitScheduler|Schedule:   Executing 113:CheckUnstableContentProvider
06-18 07:18:32.235  4099  4159 W AppInitScheduler|Schedule:   Executing 2:AnalyticsInit
06-18 07:18:32.235  4099  4159 W AppInitScheduler|Schedule:   Executing 129:DownloadedFbResources
06-18 07:18:32.235  4099  4159 W AppInitScheduler|Schedule:   Executing 165:FixieNoSync
06-18 07:18:32.235  4099  4159 W AppInitScheduler|Schedule:   Executing 184:INeedInitForSharedPrefsListenerRegister
06-18 07:18:32.235  4099  4159 W AppInitScheduler|Schedule:   Executing 201:InitFury
06-18 07:18:32.235  4099  4159 W AppInitScheduler|Schedule:   Executing 202:InitHelium
06-18 07:18:32.235  4099  4159 W AppInitScheduler|Schedule:   Executing 208:InitMemoryDumpHandler
06-18 07:18:32.235  4099  4159 W AppInitScheduler|Schedule:   Executing 240:LocationRequestDetector
06-18 07:18:32.235  4099  4159 W AppInitScheduler|Schedule:   Executing 365:PreloadNativeLibrariesVif
06-18 07:18:32.235  4099  4159 W AppInitScheduler|Schedule:   Executing 421:TabBadgeFetchAppInit
06-18 07:18:32.235  4099  4159 W AppInitScheduler|Schedule:   Executing 453:WarmFacebookEmojiFont
06-18 07:18:32.235  4099  4159 W AppInitScheduler|Schedule:   Executing 350:PreloadCreatorsHomeToHUnit
06-18 07:18:32.235  4099  4159 W AppInitScheduler|Schedule:   Executing 400:ScreenOnFeedPrefetch
06-18 07:18:32.238  4099  4158 W AppInitScheduler|Run:   Finished StaticGraphServiceFactoryInitializer in 86ms
06-18 07:18:32.241  4099  4158 W AppInitScheduler|Run: Running EarlyFetchStartupDestinationAppInit [*], order=52, priorityHint=CRITICAL_PATH 
06-18 07:18:32.241  4099  4158 W AppInitScheduler|Run:   Finished EarlyFetchStartupDestinationAppInit in 1ms
06-18 07:18:32.241  4099  4158 W AppInitScheduler|Run: Running MaybeUnblockComponentsEarly [*], order=56, priorityHint=CRITICAL_PATH 
06-18 07:18:32.242  4099  4181 W AppInitScheduler|Run: Running E2EForceMobileConfigFetch [*], order=34, priorityHint=NORMAL 
06-18 07:18:32.242  4099  4181 W AppInitScheduler|Run:   Finished E2EForceMobileConfigFetch in 0ms
06-18 07:18:32.242  4099  4159 W AppInitScheduler|Run: Running FdidInitSync [*], order=39, priorityHint=NORMAL 
06-18 07:18:32.242  4099  4181 W AppInitScheduler|Schedule:   Executing 395:RunEarlyInitForActivity
06-18 07:18:32.245  4099  4181 W AppInitScheduler|Run: Running RunEarlyInitForActivity [*], order=36, priorityHint=CRITICAL_PATH 
06-18 07:18:32.248  3158  3360 I bluetooth: system/bta/ag/bta_ag_rfc.cc:363 bta_ag_rfc_do_close: p_scb->conn_handle: 0x0005
06-18 07:18:32.248  3158  3360 I bluetooth: system/stack/rfcomm/rfc_port_fsm.cc:462 rfc_port_sm_opened: RFC_PORT_EVENT_CLOSE bd_addr:ff:ff:ff:ff:ff:ff, port_handle:5 dlci:6 scn:3
06-18 07:18:32.248  3158  3360 I bluetooth: system/bta/ag/bta_ag_sco.cc:747 bta_ag_sco_event: device:xx:xx:xx:xx:70:8c index:0xffff state:BTA_AG_SCO_LISTEN_ST[0x01] event:BTA_AG_SCO_SHUTDOWN_E[6]
06-18 07:18:32.248  3158  3360 W bluetooth: system/bta/ag/bta_ag_sco.cc:1269 bta_ag_sco_event: SCO_state_change: [BTA_AG_SCO_LISTEN_ST(0x01)]->[BTA_AG_SCO_SHUTDOWN_ST(0x00)] after event [BTA_AG_SCO_SHUTDOWN_E(0x06)]
06-18 07:18:32.248  7935  8705 V PowerManagerService: FrozenStateChangeCallback was already unregistered
06-18 07:18:32.250  4099  4181 W AppInitScheduler|Run:   Finished RunEarlyInitForActivity in 6ms
06-18 07:18:32.250  4099  4181 W AppInitScheduler|Run: Running CheckUnstableContentProvider, order=57, priorityHint=VERY_HIGH 
06-18 07:18:32.251  4099  4158 W AppInitScheduler|Run:   Finished MaybeUnblockComponentsEarly in 10ms
06-18 07:18:32.252  4099  4158 W AppInitScheduler|Run: Running WarmVolumeCache, order=63, priorityHint=HIGH 
06-18 07:18:32.252  4099  4158 W AppInitScheduler|Run:   Finished WarmVolumeCache in 1ms
06-18 07:18:32.253  4099  4158 W AppInitScheduler|Run: Running AnalyticsInit, order=65, priorityHint=NORMAL 
06-18 07:18:32.257  3158  3360 I bluetooth: system/stack/rfcomm/rfc_port_fsm.cc:83 rfc_port_sm_execute: bd_addr:ff:ff:ff:ff:ff:ff, handle:5, state:RFC_STATE_DISC_WAIT_UA, event:RFC_PORT_EVENT_UA
06-18 07:18:32.257  3158  3360 W bluetooth: system/stack/rfcomm/rfc_port_fsm.cc:578 rfc_port_sm_disc_wait_ua: RFC_EVENT_DM|RFC_EVENT_UA[1], port_handle:5
06-18 07:18:32.259  3158  3360 I rfcomm  : system/stack/rfcomm/port_rfc.cc:1106 port_rfc_closed: RFCOMM connection closed, port_handle=5, state=3, reason=Closed[19], UUID=0x111f, bd_addr=ff:ff:ff:ff:ff:ff, is_server=true
06-18 07:18:32.260  3158  3360 W rfcomm_port_utils: system/stack/rfcomm/port_utils.cc:289 port_find_mcb: not found, bd_addr:ff:ff:ff:ff:ff:ff
06-18 07:18:32.260  3158  3528 I BluetoothHeadsetServiceJni: android/app/jni/com_android_bluetooth_hfp.cpp:92 ConnectionStateCallback: 4 for xx:xx:xx:xx:70:8c
06-18 07:18:32.260  3158  3360 I bt_port_api: system/stack/rfcomm/port_api.cc:224 RFCOMM_CreateConnectionWithSecurity: bd_addr=ff:ff:ff:ff:ff:ff, scn=2, is_server=true, mtu=256, uuid=0x1112, dlci=4, signal_state=0xb, p_port=0x7bb390acb8
06-18 07:18:32.260  3158  3360 I bluetooth: system/bta/ag/bta_ag_sco.cc:747 bta_ag_sco_event: device:00:00:00:00:00:00 index:0xffff state:BTA_AG_SCO_SHUTDOWN_ST[0x00] event:BTA_AG_SCO_SHUTDOWN_E[6]
06-18 07:18:32.260  3158  3360 W bluetooth: system/bta/ag/bta_ag_sco.cc:761 bta_ag_sco_event: BTA_AG_SCO_SHUTDOWN_ST: Ignoring event BTA_AG_SCO_SHUTDOWN_E[6]
06-18 07:18:32.260  3158  3360 I bluetooth-a2dp: system/bta/av/bta_av_main.cc:913 bta_av_sco_chg_cback: status=BTA_SYS_SCO_CLOSE, num_links=0
06-18 07:18:32.261  3158  3528 I BluetoothHeadsetServiceJni: android/app/jni/com_android_bluetooth_hfp.cpp:92 ConnectionStateCallback: 0 for xx:xx:xx:xx:70:8c
06-18 07:18:32.262  7407  8625 D BufferPoolAccessor2.0: evictor expired: 1, evicted: 0
06-18 07:18:32.263  3158  3558 W HeadsetStateMachine: Connecting: currentDevice=XX:XX:XX:XX:70:8C, msg=Disconnecting
06-18 07:18:32.263  3158  3558 W HeadsetStateMachine: Connecting: currentDevice=XX:XX:XX:XX:70:8C, msg=Disconnected
06-18 07:18:32.264  3158  3558 I HeadsetStateMachine: updateAgIndicatorEnableState, no change in indicator state null
06-18 07:18:32.264  3158  3558 I HeadsetService: updateInbandRinging(): Device=XX:XX:XX:XX:70:8C ActiveDevice=null enabled=false connected=false Update all=false
06-18 07:18:32.273  7935  7935 I Telecom : BluetoothStateReceiver: HFP device 04:21:44:F7:70:8C changed state to 0: BSR.oR@B+U
06-18 07:18:32.274  8928  9423 I LocalBluetoothProfileManager: Failed to connect HEADSET device
06-18 07:18:32.275  8928  9423 W CachedBluetoothDevice: onProfileStateChanged(): Failed to connect profile
06-18 07:18:32.276  3158  3272 I BluetoothAdapterService: getActiveDevices: A2dp device: XX:XX:XX:XX:70:8C
06-18 07:18:32.277  1438  1438 I GH.WifiBluetoothRcvr: Connection action: android.bluetooth.headset.profile.action.CONNECTION_STATE_CHANGED, device XX:XX:XX:XX:70:8C
06-18 07:18:32.277  3158  3230 I BluetoothAdapterService: getActiveDevices: Headset device: null
06-18 07:18:32.423  4099  4099 W com.facebook.katana: type=1400 audit(0.0:14732): avc:  denied  { execmod } for  comm=4173796E635461736B202331 path="/data/app/~~fr09-kafjaMKdS4fMYUYLQ==/com.facebook.katana-D83042GRT5d1FrzQk6s0-w==/oat/arm64/base.odex" dev="sda28" ino=121315 scontext=u:r:untrusted_app:s0:c113,c258,c512,c768 tcontext=u:object_r:dalvikcache_data_file:s0 tclass=file permissive=0 app=com.facebook.katana
06-18 07:18:32.279 11029  5593 V BinderSender: Uid 10482 already starts
06-18 07:18:32.279 10985 12287 V BinderSender: Uid 10482 already starts
06-18 07:18:32.279  3158  3272 I BluetoothAdapterService: getActiveDevices: Hearing Aid devices: Left[null] - Right[null]
06-18 07:18:32.280  7935  9153 I Telecom : CallAudioRouteController: Message received: BT_DEVICE_REMOVED=11, arg1=5: BSR.oR->CARC.pM_BT_DEVICE_REMOVED@B+U
06-18 07:18:32.281  9384  9384 I NearbyDiscovery: (REDACTED) onProfileConnectionStateChange: action=%s, prevState=%s, state=%s, %s
06-18 07:18:32.282  9384  9384 I NearbyFastPair: (REDACTED) NearbyDeviceManager: profile %d disconnected, update lastDeviceDisconnectTimeMs %d
06-18 07:18:32.284 10442 29405 I eupc    : (REDACTED) HDM. appOpsListener %s %s
06-18 07:18:32.284 10442 29405 I eupc    : (REDACTED) HDM. Ignoring irrelevant audio permission changes for package %s
06-18 07:18:32.288  1438  1438 I GH.WifiBluetoothRcvr: Wireless projection is available on this phone.
06-18 07:18:32.296  4099  4159 W AppInitScheduler|Run:   Finished FdidInitSync in 54ms
06-18 07:18:32.300  4099  4159 W AppInitScheduler|Run: Running DownloadedFbResources, order=72, priorityHint=NORMAL 
06-18 07:18:32.301 10442 10442 I acpk    : (REDACTED) onAudioRouteChange called in DeviceLifecycleManagerDelegate, current state is: %s
06-18 07:18:32.301 10442 10442 I acpk    : (REDACTED) onAudioRouteChange: Route: %s; isBluetooth: %b; isUsb: %b; isLocal: %b;
06-18 07:18:32.306  9384  2672 I Nearby  : (REDACTED) is blocked device type %s, isAuto=%s, isIot=%s, isLatchsky=%s, isChinaWearable=%s, isTv=%s, isWearable=%s (supportWearOs=%s), isChromeOsDevice=%s (supportChromeOs=%s)
06-18 07:18:32.307  1438  1438 I GH.WifiBluetoothRcvr: Processing connection state change for XX:XX:XX:XX:70:8C. Action android.bluetooth.headset.profile.action.CONNECTION_STATE_CHANGED has state 0
06-18 07:18:32.324 31495  3302 I Nearby  : (REDACTED) is blocked device type %s, isAuto=%s, isIot=%s, isLatchsky=%s, isChinaWearable=%s, isTv=%s, isWearable=%s (supportWearOs=%s), isChromeOsDevice=%s (supportChromeOs=%s)
06-18 07:18:32.328  4099  4158 W AppInitScheduler|Run:   Finished AnalyticsInit in 75ms
06-18 07:18:32.328  4099  4158 W AppInitScheduler|Run: Running FixieNoSync, order=82, priorityHint=NORMAL 
06-18 07:18:32.344  7935  8503 D BackgroundInstallControlService: Package event received: 0
06-18 07:18:32.347  4099  4181 W AppInitScheduler|Run:   Finished CheckUnstableContentProvider in 97ms
06-18 07:18:32.347  4099  4181 W AppInitScheduler|Run: Running INeedInitForEventBusRegister, order=87, priorityHint=NORMAL 
06-18 07:18:32.356  9384  9384 I NearbyDiscovery: (REDACTED) DiscoveryService onStartCommand action: %s
06-18 07:18:32.356  9384  9384 I NearbyDiscovery: (REDACTED) FastPair: HfpDevice disconnected, %s
06-18 07:18:32.356  9384  9384 I NearbyDiscovery: (REDACTED) onProfileConnectionStateChange: action=%s, prevState=%s, state=%s, %s
06-18 07:18:32.360  9384 28394 I NearbyFastPair: (REDACTED) FastPair, isTelephonyCallActive, callState=%s
06-18 07:18:32.361  9384  2672 I Nearby  : (REDACTED) is blocked device type %s, isAuto=%s, isIot=%s, isLatchsky=%s, isChinaWearable=%s, isTv=%s, isWearable=%s (supportWearOs=%s), isChromeOsDevice=%s (supportChromeOs=%s)
06-18 07:18:32.361  7935 12215 V PowerManagerService: FrozenStateChangeCallback was already unregistered
06-18 07:18:32.365  9384 28394 I NearbyFastPair: (REDACTED) FastPair, isVoiceCallActive usage:%s, player state:%s, uid:%d
06-18 07:18:32.365  9384 28394 I NearbyFastPair: (REDACTED) FastPair, isVoiceCallActive usage:%s, player state:%s, uid:%d
06-18 07:18:32.365  9384 28394 I NearbyFastPair: (REDACTED) FastPair, isVoiceCallActive usage:%s, player state:%s, uid:%d
06-18 07:18:32.365  9384 28394 I NearbyFastPair: (REDACTED) FastPair, isVoiceCallActive usage:%s, player state:%s, uid:%d
06-18 07:18:32.365  9384 28394 I NearbyFastPair: (REDACTED) FastPair, isVoiceCallActive usage:%s, player state:%s, uid:%d
06-18 07:18:32.365  9384 28394 I NearbyFastPair: (REDACTED) FastPair, isVoiceCallActive usage:%s, player state:%s, uid:%d
06-18 07:18:32.365  9384 28394 I NearbyFastPair: (REDACTED) FastPair, isVoiceCallActive usage:%s, player state:%s, uid:%d
06-18 07:18:32.365  9384 28394 I NearbyFastPair: (REDACTED) FastPair, isVoiceCallActive usage:%s, player state:%s, uid:%d
06-18 07:18:32.367 24230 24447 D BufferPoolAccessor2.0: evictor expired: 1, evicted: 0
06-18 07:18:32.372  9384  9384 I NearbyDiscovery: (REDACTED) DiscoveryService onStartCommand action: %s
06-18 07:18:32.373  9384  9384 I NearbyDiscovery: (REDACTED) FastPair: HfpDevice disconnected, %s
06-18 07:18:32.374  9384  9384 I NearbyDiscovery: (REDACTED) onProfileConnectionStateChange: action=%s, prevState=%s, state=%s, %s
06-18 07:18:32.376  9384 28394 I NearbyFastPair: (REDACTED) FastPair, isTelephonyCallActive, callState=%s
06-18 07:18:32.377  9384 28394 I NearbyFastPair: (REDACTED) FastPair, isVoiceCallActive usage:%s, player state:%s, uid:%d
06-18 07:18:32.377  9384 28394 I NearbyFastPair: (REDACTED) FastPair, isVoiceCallActive usage:%s, player state:%s, uid:%d
06-18 07:18:32.377  9384 28394 I NearbyFastPair: (REDACTED) FastPair, isVoiceCallActive usage:%s, player state:%s, uid:%d
06-18 07:18:32.377  9384 28394 I NearbyFastPair: (REDACTED) FastPair, isVoiceCallActive usage:%s, player state:%s, uid:%d
06-18 07:18:32.377  9384 28394 I NearbyFastPair: (REDACTED) FastPair, isVoiceCallActive usage:%s, player state:%s, uid:%d
06-18 07:18:32.377  9384 28394 I NearbyFastPair: (REDACTED) FastPair, isVoiceCallActive usage:%s, player state:%s, uid:%d
06-18 07:18:32.377  9384 28394 I NearbyFastPair: (REDACTED) FastPair, isVoiceCallActive usage:%s, player state:%s, uid:%d
06-18 07:18:32.377  9384 28394 I NearbyFastPair: (REDACTED) FastPair, isVoiceCallActive usage:%s, player state:%s, uid:%d
06-18 07:18:32.400  7935  9056 V PowerManagerService: FrozenStateChangeCallback was already unregistered
06-18 07:18:32.405  4099  4157 W AppInitScheduler|Run:   Finished FbMCPPluginInitializer in 174ms
06-18 07:18:32.405  4099  4157 W AppInitScheduler|Run: Running INeedInitForSharedPrefsListenerRegister, order=88, priorityHint=NORMAL 
06-18 07:18:32.428  4099  4162 E MprotectOptimization: Failed to make 0x7bb0195000 (180224 bytes) executable for 7bb0195000-7bb01c3000 r--p 01f5c000 103:0c 121315                        /data/app/~~fr09-kafjaMKdS4fMYUYLQ==/com.facebook.katana-D83042GRT5d1FrzQk6s0-w==/oat/arm64/base.odex
06-18 07:18:32.441  4099  4162 W MlockOptimization: mlock2 0x7bb0231000 72398848 failed for 7bb0231000-7bb8c48000 rw-p 00000000 103:0c 121316                        /data/app/~~fr09-kafjaMKdS4fMYUYLQ==/com.facebook.katana-D83042GRT5d1FrzQk6s0-w==/oat/arm64/base.vdex, falling back to mlock
06-18 07:18:32.441  4099  4162 E MlockOptimization: mlock 0x7bb0231000 72398848 failed for 7bb0231000-7bb8c48000 rw-p 00000000 103:0c 121316                        /data/app/~~fr09-kafjaMKdS4fMYUYLQ==/com.facebook.katana-D83042GRT5d1FrzQk6s0-w==/oat/arm64/base.vdex
06-18 07:18:32.443  4099  4162 W OptimizationRunner: Optimization plan executed but processed 0 bytes
06-18 07:18:32.443  4099  4162 W ExperimentConfigurator: onAppInit completed: 1 configs executed
06-18 07:18:32.448  4099  4184 E facebook.katana: No implementation found for int com.facebook.soloader.MergedSoMapping$Invoke_JNI_OnLoad.libelfconfig_so() (tried Java_com_facebook_soloader_MergedSoMapping_00024Invoke_1JNI_1OnLoad_libelfconfig_1so and Java_com_facebook_soloader_MergedSoMapping_00024Invoke_1JNI_1OnLoad_libelfconfig_1so__) - is the library loaded, e.g. System.loadLibrary?
06-18 07:18:32.450  4099  4158 W AppInitScheduler|Run:   Finished FixieNoSync in 122ms
06-18 07:18:32.450  4099  4158 W AppInitScheduler|Run: Running InitAndroidX, order=89, priorityHint=NORMAL 
06-18 07:18:32.463 31495  3312 I Nearby  : (REDACTED) is blocked device type %s, isAuto=%s, isIot=%s, isLatchsky=%s, isChinaWearable=%s, isTv=%s, isWearable=%s (supportWearOs=%s), isChromeOsDevice=%s (supportChromeOs=%s)
06-18 07:18:32.478  4099  4158 W AppInitScheduler|Run:   Finished InitAndroidX in 28ms
06-18 07:18:32.478  4099  4158 W AppInitScheduler|Run: Running InitFury, order=91, priorityHint=NORMAL 
06-18 07:18:32.486 19192 19192 I auditd  : type=1400 audit(0.0:14733): avc:  denied  { search } for  comm="DefaultDispatch" name="power_supply" dev="sysfs" ino=25819 scontext=u:r:untrusted_app:s0:c115,c258,c512,c768 tcontext=u:object_r:sysfs_battery:s0 tclass=dir permissive=0 app=com.franco.kernel
06-18 07:18:32.486 19192 19192 W DefaultDispatch: type=1400 audit(0.0:14733): avc:  denied  { search } for  name="power_supply" dev="sysfs" ino=25819 scontext=u:r:untrusted_app:s0:c115,c258,c512,c768 tcontext=u:object_r:sysfs_battery:s0 tclass=dir permissive=0 app=com.franco.kernel
06-18 07:18:32.486 19192 19192 I auditd  : type=1400 audit(0.0:14734): avc:  denied  { search } for  comm="DefaultDispatch" name="power_supply" dev="sysfs" ino=25819 scontext=u:r:untrusted_app:s0:c115,c258,c512,c768 tcontext=u:object_r:sysfs_battery:s0 tclass=dir permissive=0 app=com.franco.kernel
06-18 07:18:32.486 19192 19192 W DefaultDispatch: type=1400 audit(0.0:14734): avc:  denied  { search } for  name="power_supply" dev="sysfs" ino=25819 scontext=u:r:untrusted_app:s0:c115,c258,c512,c768 tcontext=u:object_r:sysfs_battery:s0 tclass=dir permissive=0 app=com.franco.kernel
06-18 07:18:32.486 19192 19192 I auditd  : type=1400 audit(0.0:14735): avc:  denied  { search } for  comm="DefaultDispatch" name="power_supply" dev="sysfs" ino=25819 scontext=u:r:untrusted_app:s0:c115,c258,c512,c768 tcontext=u:object_r:sysfs_battery:s0 tclass=dir permissive=0 app=com.franco.kernel
06-18 07:18:32.486 19192 19192 W DefaultDispatch: type=1400 audit(0.0:14735): avc:  denied  { search } for  name="power_supply" dev="sysfs" ino=25819 scontext=u:r:untrusted_app:s0:c115,c258,c512,c768 tcontext=u:object_r:sysfs_battery:s0 tclass=dir permissive=0 app=com.franco.kernel
06-18 07:18:32.499  3158  3528 W BluetoothRemoteDevices: Address type mismatch for XX:XX:XX:XX:B2:D5, new type: 1
06-18 07:18:32.500  4099  4181 W AppInitScheduler|Run:   Finished INeedInitForEventBusRegister in 153ms
06-18 07:18:32.500  4099  4181 W AppInitScheduler|Run: Running InitHelium, order=92, priorityHint=NORMAL 
06-18 07:18:32.510  9384  2527 I NearbyDiscovery: (REDACTED) BloomFilterAdvManager: Detected bloom filter but too far away, ignoring. %sm, %s
06-18 07:18:32.524  3747  4195 I BTAudioHalStream: out_write: state=STANDBY first time bytes=15360
06-18 07:18:32.524  3747  4195 I BTAudioHalStream: out_resume: low_latency=0, out->is_low_latency_=0, out->bt_dev_->support_low_latency_=0
06-18 07:18:32.524  3747  4195 I BTAudioHalDeviceProxyAIDL: Start: session_type=A2DP_SOFTWARE_ENCODING_DATAPATH, cookie=0x100, state=STANDBY, mono=false request
06-18 07:18:32.524  3158  3232 I BTAudioA2dpAIDL: system/audio_hal_interface/aidl/a2dp/a2dp_encoding_aidl.cc:151 StartRequest: 
06-18 07:18:32.525  3158  3232 I bluetooth: system/stack/btm/btm_iso_impl.h:337 get_number_of_active_iso: Current number of active_iso is 0
06-18 07:18:32.525  3158  3232 I bluetooth-a2dp: system/btif/src/btif_av.cc:3786 btif_av_stream_started_ready: active_peer=xx:xx:xx:xx:70:8c state=2 flags=0x0(None) ready=false
06-18 07:18:32.525  3158  3232 I bluetooth-a2dp: system/btif/src/btif_av.cc:3759 btif_av_stream_ready: active_peer=xx:xx:xx:xx:70:8c state=2 flags=0x0(None)
06-18 07:18:32.525  3158  3232 I bluetooth-a2dp: system/btif/src/btif_av.cc:3706 btif_av_stream_start_with_latency: peer=xx:xx:xx:xx:70:8c use_latency_mode=false
06-18 07:18:32.525  3158  3360 I bluetooth-a2dp: system/btif/src/btif_av.cc:3104 btif_av_handle_event: peer=xx:xx:xx:xx:70:8c handle=0x0 event=BTIF_AV_START_STREAM_REQ_EVT(0x1c)
06-18 07:18:32.526  3158  3360 I bluetooth-a2dp: system/btif/src/btif_av.cc:2245 ProcessEvent: state=Opened peer=xx:xx:xx:xx:70:8c event=BTIF_AV_START_STREAM_REQ_EVT(0x1c) flags=0x0(None) active_peer=true
06-18 07:18:32.526  3158  3360 I bluetooth-a2dp: system/btif/src/btif_av.cc:2264 ProcessEvent: Peer xx:xx:xx:xx:70:8c : event=BTIF_AV_START_STREAM_REQ_EVT(0x1c) flags=0x0(None)
06-18 07:18:32.526  3158  3360 I bluetooth-a2dp: system/btif/src/btif_av.cc:2269 ProcessEvent: Stream use_latency_mode=false
06-18 07:18:32.526  3158  3360 I bluetooth-a2dp: system/bta/av/bta_av_api.cc:238 BTA_AvStart: Starting audio/video stream data transfer bta_handle:65, use_latency_mode:false
06-18 07:18:32.526  3158  3360 I bluetooth-a2dp: system/bta/av/bta_av_aact.cc:1828 bta_av_do_start: A2dp stream start peer:xx:xx:xx:xx:70:8c sco_occupied:false av_role:0x1 started:false wait:0x0
06-18 07:18:32.526  3158  3360 I bluetooth-a2dp: system/stack/avdt/avdt_api.cc:559 AVDT_StartReq: num_handles=1
06-18 07:18:32.526  3158  3360 I bt_l2cap: system/stack/l2cap/l2c_api.cc:1009 L2CA_UseLatencyMode: BDA: xx:xx:xx:xx:70:8c, use_latency_mode: false
06-18 07:18:32.526  3158  3360 I bluetooth-a2dp: system/bta/av/bta_av_aact.cc:1890 bta_av_do_start: peer xx:xx:xx:xx:70:8c start requested: sco_occupied:false role:0x11 started:false wait:0x0
06-18 07:18:32.527  3158  3360 E bt_btu_hcif: system/stack/btu/btu_hcif.cc:969 btu_hcif_hdl_command_complete: Command complete for opcode:0x80d should not be handled here
06-18 07:18:32.529  3158  3528 I BluetoothAdapterService: getActiveDevices: A2dp device: XX:XX:XX:XX:70:8C
06-18 07:18:32.569  4099  4181 W AppInitScheduler|Run:   Finished InitHelium in 70ms
06-18 07:18:32.570  4099  4181 W AppInitScheduler|Run: Running InitLogging, order=94, priorityHint=NORMAL 
06-18 07:18:32.627  3158  3360 I bluetooth-a2dp: system/bta/av/bta_av_aact.cc:2242 bta_av_start_ok: peer xx:xx:xx:xx:70:8c bta_handle:0x41 wait:0x0 role:0x11 local_tsep:0
06-18 07:18:32.627  3158  3360 I bluetooth: system/bta/dm/bta_dm_pm.cc:905 bta_dm_pm_ssr: Found connected service:BTA_ID_AV app_id:0 peer:xx:xx:xx:xx:70:8c spec_name:sniff_capable
06-18 07:18:32.627  3158  3360 I bluetooth: system/bta/dm/bta_dm_pm.cc:905 bta_dm_pm_ssr: Found connected service:BTA_ID_JV app_id:1 peer:xx:xx:xx:xx:70:8c spec_name:sniff_capable
06-18 07:18:32.627  3158  3360 I bt_btm_pm: system/stack/acl/btm_pm.cc:326 BTM_SetSsrParams: Set sniff subrating state:immediate:active[0] max_latency:0x04b0 min_remote_timeout:0x0002 min_local_timeout:0x0002
06-18 07:18:32.628  3158  3360 I l2c_utils: system/stack/l2cap/l2c_utils.cc:2306 l2cu_set_acl_priority_latency_brcm: Set ACL priority: High Priority Mode
06-18 07:18:32.629  3158  3360 I bluetooth-a2dp: system/btif/src/btif_av.cc:3104 btif_av_handle_event: peer=00:00:00:00:00:00 handle=0x41 event=BTA_AV_START_EVT(0x4)
06-18 07:18:32.629  3158  3360 I bluetooth-a2dp: system/btif/src/btif_av.cc:2245 ProcessEvent: state=Opened peer=xx:xx:xx:xx:70:8c event=BTA_AV_START_EVT(0x4) flags=0x4(PENDING_START) active_peer=true
06-18 07:18:32.629  3158  3360 I bluetooth-a2dp: system/btif/src/btif_av.cc:2282 ProcessEvent: Peer xx:xx:xx:xx:70:8c : event=BTA_AV_START_EVT(0x4) status=0 suspending=false initiator=true flags=0x4(PENDING_START)
06-18 07:18:32.629  3158  3360 I bluetooth-a2dp: system/btif/src/btif_av.cc:2304 ProcessEvent: Peer should suspend: false
06-18 07:18:32.629  3158  3360 I bluetooth-a2dp: system/btif/src/btif_a2dp.cc:55 btif_a2dp_on_started: ## ON A2DP STARTED ## peer xx:xx:xx:xx:70:8c p_av_start:0x7c7413b500
06-18 07:18:32.629  3158  3360 I bluetooth-a2dp: system/btif/src/btif_a2dp.cc:69 btif_a2dp_on_started: peer xx:xx:xx:xx:70:8c status:0 suspending:false initiator:true
06-18 07:18:32.629  3158  3360 I bluetooth-a2dp: system/btif/src/btif_a2dp_source.cc:692 btif_a2dp_source_start_audio_req: state=STATE_RUNNING
06-18 07:18:32.631  3158  3360 I BTAudioA2dpAIDL: system/audio_hal_interface/aidl/a2dp/a2dp_encoding_aidl.cc:475 ack_stream_started: result=0
06-18 07:18:32.633  3747  3773 I BTAudioProviderStub: streamStarted - SessionType=A2DP_SOFTWARE_ENCODING_DATAPATH, status=SUCCESS
06-18 07:18:32.633  3747  3773 I BTAudioSessionAidl: ReportControlStatus - status=SUCCESS for SessionType=A2DP_SOFTWARE_ENCODING_DATAPATH, bluetooth_audio=0x0100 started
06-18 07:18:32.633  3747  3773 I BTAudioHalDeviceProxyAIDL: control_result_cb: session_type=A2DP_SOFTWARE_ENCODING_DATAPATH, cookie=0x100, previous_state=STARTING, status=SUCCESS
06-18 07:18:32.633  3158  3360 I bluetooth-a2dp: system/btif/src/btif_av.cc:2237 OnExit: state=Opened peer=xx:xx:xx:xx:70:8c
06-18 07:18:32.633  3158  3360 I bluetooth-a2dp: system/btif/src/btif_av.cc:2485 OnEnter: state=Started peer=xx:xx:xx:xx:70:8c
06-18 07:18:32.634  3158  3360 I bluetooth-a2dp: system/btif/src/btif_a2dp_sink.cc:615 btif_a2dp_sink_set_rx_flush: enable=false
06-18 07:18:32.634  3158  3360 I bluetooth-a2dp: system/btif/src/btif_av.cc:2913 btif_report_audio_state: peer=xx:xx:xx:xx:70:8c state=2
06-18 07:18:32.634  3158  3360 I bluetooth-a2dp: system/btif/src/btif_av.cc:4055 btif_av_set_audio_delay: peer=xx:xx:xx:xx:70:8c delay=1500
06-18 07:18:32.634  3158  3360 I bluetooth-a2dp: system/btif/src/btif_a2dp_source.cc:845 btif_a2dp_source_audio_tx_start_event: is_streaming=false state=STATE_RUNNING
06-18 07:18:32.634  3158  3360 I bluetooth-a2dp: system/btif/src/btif_a2dp_source.cc:864 btif_a2dp_source_audio_tx_start_event: starting media encoder timer with interval 20ms
06-18 07:18:32.634  3158  3360 I bluetooth-a2dp: system/stack/a2dp/a2dp_vendor_ldac_encoder.cc:330 a2dp_vendor_ldac_feeding_reset: PCM bytes per tick 15360
06-18 07:18:32.634  3158  3528 I bluetooth-a2dp: android/app/jni/com_android_bluetooth_a2dp.cpp:118 bta2dp_audio_state_callback: xx:xx:xx:xx:70:8c: state: BTAV_AUDIO_STATE_STARTED(0x2)
06-18 07:18:32.634  3158  3528 I bluetooth-a2dp: android/app/jni/com_android_bluetooth_a2dp.cpp:234 bta2dp_audio_delay_reported_callback: bd_addr=xx:xx:xx:xx:70:8c delay=1500
06-18 07:18:32.635  3158  3158 I A2dpStateMachine: Connected: started playing: XX:XX:XX:XX:70:8C
06-18 07:18:32.633  3747  4195 I BTAudioHalDeviceProxyAIDL: Start: session_type=A2DP_SOFTWARE_ENCODING_DATAPATH, cookie=0x100, state=STARTED, mono=false done
06-18 07:18:32.637  3158  3360 E bt_btu_hcif: system/stack/btu/btu_hcif.cc:969 btu_hcif_hdl_command_complete: Command complete for opcode:0x811 should not be handled here
06-18 07:18:32.656  3724  3953 W AudioFlinger: write blocked for 470 msecs, 1 delayed writes, thread 37
06-18 07:18:32.657  3724  3953 D EffectChain: setVolume_l sessionId 40281 volume controller effect Volume set (1395475, 1395475), ret (16777216, 16777216)
06-18 07:18:32.657  3158  3553 W BTAudioClientAIDL: system/audio_hal_interface/aidl/a2dp/client_interface_aidl.cc:487 ReadAudioDataExact: FMQ buffer size exceeds frame size : 1024 >= 1024, this is unexpected
06-18 07:18:32.685  3158  3553 W BTAudioClientAIDL: system/audio_hal_interface/aidl/a2dp/client_interface_aidl.cc:552 ReadAudioData: read underflow: buffer=0 expected=1024
06-18 07:18:32.685  3158  3553 W bluetooth-a2dp: system/btif/src/btif_a2dp_source.cc:965 btif_a2dp_source_read_callback: UNDERFLOW: ONLY READ 0 BYTES OUT OF 1024
06-18 07:18:32.685  3158  3553 W bluetooth-a2dp: system/stack/a2dp/a2dp_vendor_ldac_encoder.cc:474 a2dp_ldac_encode_frames: underflow 15
06-18 07:18:32.703  3158  3553 W BTAudioClientAIDL: system/audio_hal_interface/aidl/a2dp/client_interface_aidl.cc:552 ReadAudioData: read underflow: buffer=0 expected=1024
06-18 07:18:32.703  3158  3553 W bluetooth-a2dp: system/btif/src/btif_a2dp_source.cc:965 btif_a2dp_source_read_callback: UNDERFLOW: ONLY READ 0 BYTES OUT OF 1024
06-18 07:18:32.703  3158  3553 W bluetooth-a2dp: system/stack/a2dp/a2dp_vendor_ldac_encoder.cc:474 a2dp_ldac_encode_frames: underflow 29
06-18 07:18:32.724  3158  3553 W BTAudioClientAIDL: system/audio_hal_interface/aidl/a2dp/client_interface_aidl.cc:552 ReadAudioData: read underflow: buffer=0 expected=1024
06-18 07:18:32.724  3158  3553 W bluetooth-a2dp: system/btif/src/btif_a2dp_source.cc:965 btif_a2dp_source_read_callback: UNDERFLOW: ONLY READ 0 BYTES OUT OF 1024
06-18 07:18:32.724  3158  3553 W bluetooth-a2dp: system/stack/a2dp/a2dp_vendor_ldac_encoder.cc:474 a2dp_ldac_encode_frames: underflow 44
06-18 07:18:32.743  3158  3553 W BTAudioClientAIDL: system/audio_hal_interface/aidl/a2dp/client_interface_aidl.cc:552 ReadAudioData: read underflow: buffer=0 expected=1024
06-18 07:18:32.743  3158  3553 W bluetooth-a2dp: system/btif/src/btif_a2dp_source.cc:965 btif_a2dp_source_read_callback: UNDERFLOW: ONLY READ 0 BYTES OUT OF 1024
06-18 07:18:32.743  3158  3553 W bluetooth-a2dp: system/stack/a2dp/a2dp_vendor_ldac_encoder.cc:474 a2dp_ldac_encode_frames: underflow 59
06-18 07:18:32.763  3158  3553 W BTAudioClientAIDL: system/audio_hal_interface/aidl/a2dp/client_interface_aidl.cc:552 ReadAudioData: read underflow: buffer=0 expected=1024
06-18 07:18:32.764  3158  3553 W bluetooth-a2dp: system/btif/src/btif_a2dp_source.cc:965 btif_a2dp_source_read_callback: UNDERFLOW: ONLY READ 0 BYTES OUT OF 1024
06-18 07:18:32.764  3158  3553 W bluetooth-a2dp: system/stack/a2dp/a2dp_vendor_ldac_encoder.cc:474 a2dp_ldac_encode_frames: underflow 74
06-18 07:18:32.784  3158  3553 W BTAudioClientAIDL: system/audio_hal_interface/aidl/a2dp/client_interface_aidl.cc:552 ReadAudioData: read underflow: buffer=0 expected=1024
