06-18 07:18:31.241  3158  3360 I bluetooth: system/bta/dm/bta_dm_pm.cc:905 bta_dm_pm_ssr: Found connected service:BTA_ID_JV app_id:1 peer:xx:xx:xx:xx:70:8c spec_name:sniff_capable
06-18 07:18:31.241  3158  3360 I bt_btm_pm: system/stack/acl/btm_pm.cc:326 BTM_SetSsrParams: Set sniff subrating state:immediate:active[0] max_latency:0x04b0 min_remote_timeout:0x0002 min_local_timeout:0x0002
06-18 07:18:31.241  3592  4094 I BluetoothSocket: connect(), socket connected. mPort=7
06-18 07:18:31.242  3592  4094 D SocketMetrics: No metrics for connection type 1
06-18 07:18:31.243  3158  3360 E bt_btu_hcif: system/stack/btu/btu_hcif.cc:969 btu_hcif_hdl_command_complete: Command complete for opcode:0x811 should not be handled here
06-18 07:18:31.251  7935  8045 I commit_sys_config_file: [jobs,5]
06-18 07:18:31.320 24412 24686 W PSRouter: ==handleRouteChanged DETECTED from=speaker to=bt (old)curDevice=1 newDevice=2 (new)currentDeviceName=SRS-XB33 previousDeviceName=null selectedRoute=RouteInfo{ name=SRS-XB33, description=Bluetooth audio, status=null, category=RouteCategory{ name=System types=ROUTE_TYPE_LIVE_AUDIO ROUTE_TYPE_LIVE_VIDEO  groupable=false }, supportedTypes=ROUTE_TYPE_LIVE_AUDIO , presentationDisplay=null } selectedRoute2=MediaRoute2Info{ id=com.android.server.media/.SystemMediaRoute2Provider:DEFAULT_ROUTE, name=SRS-XB33, type=BLUETOOTH_A2DP, routingTypes=REMOTE, isSystem=true, features=[android.media.route.feature.LIVE_AUDIO, android.media.route.feature.LOCAL_PLAYBACK], iconUri=null, description=null, connectionState=2, clientPackageName=null, volume(current=13, max=25, handling=VARIABLE(1)), address=04:21:44:F7:70:8C, deduplicationIds=, providerId=com.android.server.media/.SystemMediaRoute2Provider, isVisibilityRestricted=false, allowedPackages=, alsoAllowPrivilegedPackages=false, mRequiredPermissions=(), suitabilityStatus=0 }
06-18 07:18:31.320 24412 24686 W PlayerCommandsHistory: PeqCoreImpl onRoutingChanged newDevice=bt oldDevice=speaker
06-18 07:18:31.339  4099  4099 I Zygote  : Process 4099 created for com.facebook.katana
06-18 07:18:31.339  4099  4099 I facebook.katana: Using CollectorTypeCC GC.
06-18 07:18:31.348  4099  4099 W libbinder.BackendUnifiedServiceManager: Thread Pool max thread count is 0. Cannot cache binder as linkToDeath cannot be implemented. serviceName: activity
06-18 07:18:31.349  7935  8705 D VectorZygiskBridge: onTransact: action=GET_BINDER, callerUid=10625
06-18 07:18:31.346  6544  6544 I auditd  : type=1400 audit(0.0:14709): avc:  denied  { read } for  comm="android.hardwar" name="type" dev="sysfs" ino=39073 scontext=u:r:hal_health_default:s0 tcontext=u:object_r:sysfs:s0 tclass=file permissive=0
06-18 07:18:31.346  6544  6544 W android.hardwar: type=1400 audit(0.0:14709): avc:  denied  { read } for  name="type" dev="sysfs" ino=39073 scontext=u:r:hal_health_default:s0 tcontext=u:object_r:sysfs:s0 tclass=file permissive=0
06-18 07:18:31.346  6544  6544 I auditd  : type=1400 audit(0.0:14710): avc:  denied  { read } for  comm="android.hardwar" name="type" dev="sysfs" ino=39103 scontext=u:r:hal_health_default:s0 tcontext=u:object_r:sysfs:s0 tclass=file permissive=0
06-18 07:18:31.346  6544  6544 W android.hardwar: type=1400 audit(0.0:14710): avc:  denied  { read } for  name="type" dev="sysfs" ino=39103 scontext=u:r:hal_health_default:s0 tcontext=u:object_r:sysfs:s0 tclass=file permissive=0
06-18 07:18:31.346  6544  6544 I auditd  : type=1400 audit(0.0:14711): avc:  denied  { read } for  comm="android.hardwar" name="type" dev="sysfs" ino=39172 scontext=u:r:hal_health_default:s0 tcontext=u:object_r:sysfs:s0 tclass=file permissive=0
06-18 07:18:31.346  6544  6544 W android.hardwar: type=1400 audit(0.0:14711): avc:  denied  { read } for  name="type" dev="sysfs" ino=39172 scontext=u:r:hal_health_default:s0 tcontext=u:object_r:sysfs:s0 tclass=file permissive=0
06-18 07:18:31.346  6544  6544 I auditd  : type=1400 audit(0.0:14712): avc:  denied  { read } for  comm="android.hardwar" name="type" dev="sysfs" ino=39126 scontext=u:r:hal_health_default:s0 tcontext=u:object_r:sysfs:s0 tclass=file permissive=0
06-18 07:18:31.346  6544  6544 W android.hardwar: type=1400 audit(0.0:14712): avc:  denied  { read } for  name="type" dev="sysfs" ino=39126 scontext=u:r:hal_health_default:s0 tcontext=u:object_r:sysfs:s0 tclass=file permissive=0
06-18 07:18:31.356  6544  6544 I auditd  : type=1400 audit(0.0:14713): avc:  denied  { read } for  comm="android.hardwar" name="type" dev="sysfs" ino=39073 scontext=u:r:hal_health_default:s0 tcontext=u:object_r:sysfs:s0 tclass=file permissive=0
06-18 07:18:31.356  6544  6544 W android.hardwar: type=1400 audit(0.0:14713): avc:  denied  { read } for  name="type" dev="sysfs" ino=39073 scontext=u:r:hal_health_default:s0 tcontext=u:object_r:sysfs:s0 tclass=file permissive=0
06-18 07:18:31.356  6544  6544 I auditd  : type=1400 audit(0.0:14714): avc:  denied  { read } for  comm="android.hardwar" name="type" dev="sysfs" ino=39103 scontext=u:r:hal_health_default:s0 tcontext=u:object_r:sysfs:s0 tclass=file permissive=0
06-18 07:18:31.356  6544  6544 W android.hardwar: type=1400 audit(0.0:14714): avc:  denied  { read } for  name="type" dev="sysfs" ino=39103 scontext=u:r:hal_health_default:s0 tcontext=u:object_r:sysfs:s0 tclass=file permissive=0
06-18 07:18:31.369  4099  4099 D nativeloader: Load libframework-connectivity-tiramisu-jni.so using APEX ns com_android_tethering for caller /apex/com.android.tethering/javalib/framework-connectivity-t.jar: ok
06-18 07:18:31.383  3747  3787 I EffectsFactory: EffectCreate() create_effect
06-18 07:18:31.384  7935  9021 I am_proc_bound: [0,4099,com.facebook.katana]
06-18 07:18:31.387 10985 11122 V BinderSender: Uid 10625 starts
06-18 07:18:31.388 11029 11715 V BinderSender: Uid 10625 starts
06-18 07:18:31.404  4099  4099 D ApplicationLoaders: Returning zygote-cached class loader: /system/framework/org.apache.http.legacy.jar
06-18 07:18:31.404  4099  4099 D ApplicationLoaders: Returning zygote-cached class loader: /system_ext/framework/androidx.window.extensions.jar
06-18 07:18:31.404  4099  4099 D ApplicationLoaders: Returning zygote-cached class loader: /system_ext/framework/androidx.window.sidecar.jar
06-18 07:18:31.407  3747  3949 I EffectsFactory: EffectCreate() create_effect
06-18 07:18:31.407  3747  3949 E EffectDP: DP_reset(0xe8a80da0): null DynamicsProcessing
06-18 07:18:31.408  3747  3787 E EffectDP: DP_reset(0xe8a80da0): null DynamicsProcessing
06-18 07:18:31.408  3747  3787 E EffectDP: DP_reset(0xe8a80da0): null DynamicsProcessing
06-18 07:18:31.409  3747  3787 E EffectDP: DP_reset(0xe8a80da0): null DynamicsProcessing
06-18 07:18:31.409  3747  3787 E EffectDP: DP_command EFFECT_CMD_SET_VOLUME invalid channel 0
06-18 07:18:31.457  7935  8705 D FileUtils: Rounded bytes from 5912977408 to 8000000000
06-18 07:18:31.496  3158  3360 W bluetooth-a2dp: system/bta/av/bta_av_aact.cc:2997 bta_av_open_rc: Using the new AVRCP Profile
06-18 07:18:31.496  3158  3360 I bluetooth: system/btif/avrcp/avrcp_service.cc:508 ConnectDevice: address=xx:xx:xx:xx:70:8c
06-18 07:18:31.496  3158  3360 I avrcp   : system/profile/avrcp/connection_handler.cc:129 ConnectDevice: Attempting to connect to device xx:xx:xx:xx:70:8c
06-18 07:18:31.496  3158  3360 W avrcp   : system/profile/avrcp/connection_handler.cc:133 ConnectDevice: Already connected to device with address xx:xx:xx:xx:70:8c
06-18 07:18:31.507  4099  4099 W facebook.katana: Failed to find entry 'classes.dex': Entry not found
06-18 07:18:31.510  4099  4099 W facebook.katana: Failed to find entry 'classes.dex': Entry not found
06-18 07:18:31.511  4099  4099 W facebook.katana: Failed to find entry 'classes.dex': Entry not found
06-18 07:18:31.513  4099  4099 W facebook.katana: Failed to find entry 'classes.dex': Entry not found
06-18 07:18:31.514  4099  4099 W facebook.katana: Failed to find entry 'classes.dex': Entry not found
06-18 07:18:31.515  4099  4099 W facebook.katana: Failed to find entry 'classes.dex': Entry not found
06-18 07:18:31.516  4099  4099 W facebook.katana: Failed to find entry 'classes.dex': Entry not found
06-18 07:18:31.517  4099  4099 W facebook.katana: Failed to find entry 'classes.dex': Entry not found
06-18 07:18:31.518  4099  4099 W facebook.katana: Failed to find entry 'classes.dex': Entry not found
06-18 07:18:31.520  4099  4099 W facebook.katana: Failed to find entry 'classes.dex': Entry not found
06-18 07:18:31.521  4099  4099 W facebook.katana: Failed to find entry 'classes.dex': Entry not found
06-18 07:18:31.522  4099  4099 W facebook.katana: Failed to find entry 'classes.dex': Entry not found
06-18 07:18:31.523  4099  4099 W facebook.katana: Failed to find entry 'classes.dex': Entry not found
06-18 07:18:31.524  4099  4099 W facebook.katana: Failed to find entry 'classes.dex': Entry not found
06-18 07:18:31.525  4099  4099 W facebook.katana: Failed to find entry 'classes.dex': Entry not found
06-18 07:18:31.527  4099  4099 D nativeloader: Configuring clns-9 for other apk /data/app/~~fr09-kafjaMKdS4fMYUYLQ==/com.facebook.katana-D83042GRT5d1FrzQk6s0-w==/base.apk:/data/app/~~fr09-kafjaMKdS4fMYUYLQ==/com.facebook.katana-D83042GRT5d1FrzQk6s0-w==/split_executorch.apk:/data/app/~~fr09-kafjaMKdS4fMYUYLQ==/com.facebook.katana-D83042GRT5d1FrzQk6s0-w==/split_heliumcore.apk:/data/app/~~fr09-kafjaMKdS4fMYUYLQ==/com.facebook.katana-D83042GRT5d1FrzQk6s0-w==/split_heliumiab.apk:/data/app/~~fr09-kafjaMKdS4fMYUYLQ==/com.facebook.katana-D83042GRT5d1FrzQk6s0-w==/split_maplibre.apk:/data/app/~~fr09-kafjaMKdS4fMYUYLQ==/com.facebook.katana-D83042GRT5d1FrzQk6s0-w==/split_papaya.apk:/data/app/~~fr09-kafjaMKdS4fMYUYLQ==/com.facebook.katana-D83042GRT5d1FrzQk6s0-w==/split_papayaanalyticstorch.apk:/data/app/~~fr09-kafjaMKdS4fMYUYLQ==/com.facebook.katana-D83042GRT5d1FrzQk6s0-w==/split_papayatorch.apk:/data/app/~~fr09-kafjaMKdS4fMYUYLQ==/com.facebook.katana-D83042GRT5d1FrzQk6s0-w==/split_pytorch.apk:/data/app/~~fr09-kafjaMKdS4fMYUYLQ==/com.facebook.katana-D83042GRT5d1FrzQk
06-18 07:18:31.558  4099  4099 W ReflectionClassLoader:  Successfully install ReflectionClassLoader as parent!
06-18 07:18:31.586  4099  4099 V GraphicsEnvironment: Currently set values for:
06-18 07:18:31.586  4099  4099 V GraphicsEnvironment:   angle_gl_driver_selection_pkgs=[com.android.angle, com.google.android.apps.tachyon]
06-18 07:18:31.586  4099  4099 V GraphicsEnvironment:   angle_gl_driver_selection_values=[angle, native]
06-18 07:18:31.586  4099  4099 V GraphicsEnvironment: com.facebook.katana is not listed in per-application setting
06-18 07:18:31.587  4099  4099 V GraphicsEnvironment: ANGLE allowlist from config: com.dreamgames.royalmatch com.dts.freefiremax com.dxx.firenow com.gramgames.mergedragons com.ludo.king com.mojang.minecraftpe com.my.defense com.nintendo.zaka com.os.airforce com.playrix.fishdomdd.gplay io.teslatech.callbreak jp.konami.prospia net.peakgames.toonblast com.yottagames.gameofmafia com.Sunborn.SnqxExilium.Glo com.haoplay.game.and.exilium com.rockstargames.gtasa com.h73.jhqyna com.sega.CrazyTaxiplayhaven en.haoplay.and.rm com.netease.g108na
06-18 07:18:31.587  4099  4099 V GraphicsEnvironment: No special selections for ANGLE, returning default driver choice
06-18 07:18:31.587  4099  4099 V GraphicsEnvironment: Neither updatable production driver nor prerelease driver is supported.
06-18 07:18:31.592  4099  4099 E FeatureFlagsImplExport: android.os.flagging.AconfigStorageReadException: ERROR_PACKAGE_NOT_FOUND: package com.android.org.conscrypt.net.flags cannot be found on the device
06-18 07:18:31.607  4099  4099 W AppComponentFactory: Instantiating Application
06-18 07:18:31.609  4099  4099 W InitStatus: Providers blocked (180089577)
06-18 07:18:31.609  4099  4099 W InitStatus: Services blocked (255826798)
06-18 07:18:31.609  4099  4099 W InitStatus: BroadcastReceivers blocked (75817487)
06-18 07:18:31.619  4099  4099 W CrashLoopRemedyLog: unable to delete remedy log, instaCrash: false
06-18 07:18:31.619  4099  4099 W CrashLoopRemedyLog: unable to delete remedy log, instaCrash: true
06-18 07:18:31.623  4099  4099 E ashmem  : Pinning is deprecated since Android Q. Please use trim or other methods.
06-18 07:18:31.624  4099  4154 W InitStatus: Blocking Provider (180089577)
06-18 07:18:31.625  4099  4099 D DesktopExperienceFlags: Toggle override initialized to: false
06-18 07:18:31.630  4099  4153 W AppInitScheduler|Schedule: Schedule 392:ReliabilityInitConfigureErrorReportingOnProcess, deps=null (0 pending tasks, PriorityHint=VERY_HIGH, isCritical=true)
06-18 07:18:31.630  4099  4153 W AppInitScheduler|Schedule:   Executing 392:ReliabilityInitConfigureErrorReportingOnProcess
06-18 07:18:31.631  4099  4153 W AppInitScheduler|Schedule: Schedule 222:InitSharedLibraries, deps=null (1 pending tasks, PriorityHint=NORMAL, isCritical=true)
06-18 07:18:31.631  4099  4153 W AppInitScheduler|Schedule:   Executing 222:InitSharedLibraries
06-18 07:18:31.631  4099  4155 W AppInitScheduler|Run: DeadlockMonitor active...
06-18 07:18:31.632  4099  4153 W AppInitScheduler|Schedule: Schedule 238:LoadLibDexLoad, deps=[222, 392] (2 pending tasks, PriorityHint=NORMAL, isCritical=true)
06-18 07:18:31.632  4099  4153 W AppInitScheduler|Schedule: Schedule 408:SetupFbGlog, deps=[238] (3 pending tasks, PriorityHint=NORMAL, isCritical=true)
06-18 07:18:31.632  4099  4153 W AppInitScheduler|Schedule: Schedule 124:DisableRuntimeVerification, deps=[408] (4 pending tasks, PriorityHint=NORMAL, isCritical=true)
06-18 07:18:31.632  4099  4153 W AppInitScheduler|Schedule: Schedule 173:GeneratePerfStats, deps=[222] (5 pending tasks, PriorityHint=NORMAL, isCritical=true)
06-18 07:18:31.632  4099  4153 W AppInitScheduler|Schedule: Schedule 204:InitLacrimaEarlyNative, deps=[124] (6 pending tasks, PriorityHint=NORMAL, isCritical=true)
06-18 07:18:31.632  4099  4153 W AppInitScheduler|Schedule: Schedule 236:LoadDexes, deps=[124] (7 pending tasks, PriorityHint=NORMAL, isCritical=true)
06-18 07:18:31.632  4099  4153 W AppInitScheduler|Schedule: Schedule 230:IsolatedLongtailAppInit, deps=[236] (8 pending tasks, PriorityHint=NORMAL, isCritical=true)
06-18 07:18:31.632  4099  4153 W AppInitScheduler|Schedule: Schedule 245:MaybeTraceColdStart, deps=[124] (9 pending tasks, PriorityHint=NORMAL, isCritical=true)
06-18 07:18:31.632  4099  4153 W AppInitScheduler|Schedule: Schedule 239:LoadVoltronModules, deps=[204, 230, 245] (10 pending tasks, PriorityHint=NORMAL, isCritical=true)
06-18 07:18:31.632  4099  4153 W AppInitScheduler|Schedule: Schedule 119:CreateApplicationImpl, deps=[173, 239] (11 pending tasks, PriorityHint=CRITICAL_PATH, isCritical=true)
06-18 07:18:31.632  4099  4153 W AppInitScheduler|Schedule: Schedule 229:InitUltralight, deps=[239] (12 pending tasks, PriorityHint=CRITICAL_PATH, isCritical=true)
06-18 07:18:31.632  4099  4153 W AppInitScheduler|Schedule: Schedule 396:RunOnApplicationInit, deps=[239] (13 pending tasks, PriorityHint=CRITICAL_PATH, isCritical=true)
06-18 07:18:31.632  4099  4153 W AppInitScheduler|Schedule: Schedule 0:AddMainDexStoreInfoToReliabilityLogging, deps=[236] (14 pending tasks, PriorityHint=NORMAL, isCritical=false)
06-18 07:18:31.632  4099  4153 W AppInitScheduler|Schedule: Schedule 151:Fadvise, deps=[408] (15 pending tasks, PriorityHint=NORMAL, isCritical=false)
06-18 07:18:31.632  4099  4153 W AppInitScheduler|Schedule: Schedule 192:InitClassTracing, deps=[408] (16 pending tasks, PriorityHint=NORMAL, isCritical=false)
06-18 07:18:31.632  4099  4153 W AppInitScheduler|Schedule: Schedule 193:InitCrashLoopMitigation, deps=[238] (17 pending tasks, PriorityHint=NORMAL, isCritical=false)
06-18 07:18:31.633  4099  4153 W AppInitScheduler|Schedule: Schedule 195:InitDeadResourceDetection, deps=[238] (18 pending tasks, PriorityHint=NORMAL, isCritical=false)
06-18 07:18:31.633  4099  4153 W AppInitScheduler|Schedule: Schedule 209:InitMemoryTracer, deps=[192] (19 pending tasks, PriorityHint=NORMAL, isCritical=false)
06-18 07:18:31.633  4099  4157 W AppInitScheduler|Run: Running ReliabilityInitConfigureErrorReportingOnProcess [*], order=0, priorityHint=VERY_HIGH 
06-18 07:18:31.633  4099  4158 W AppInitScheduler|Run: Running InitSharedLibraries [*], order=1, priorityHint=NORMAL 
06-18 07:18:31.633  4099  4153 W AppInitScheduler|Schedule: Schedule 211:InitMultiProcessTracker, deps=null (20 pending tasks, PriorityHint=NORMAL, isCritical=false)
06-18 07:18:31.633  4099  4153 W AppInitScheduler|Schedule:   Executing 211:InitMultiProcessTracker
06-18 07:18:31.634  4099  4153 W AppInitScheduler|Schedule: Schedule 212:InitOxygenCrashReporter, deps=[222] (21 pending tasks, PriorityHint=NORMAL, isCritical=false)
06-18 07:18:31.634  4099  4153 W AppInitScheduler|Schedule: Schedule 237:LoadLibColdStart, deps=[204, 245] (22 pending tasks, PriorityHint=NORMAL, isCritical=true)
06-18 07:18:31.634  4099  4153 W AppInitScheduler|Schedule: Schedule 271:MprotectCode, deps=[236] (23 pending tasks, PriorityHint=NORMAL, isCritical=false)
06-18 07:18:31.634  4099  4153 W AppInitScheduler|Schedule: Schedule 369:PreloadStartupLightSharedPreferenceUsages, deps=null (24 pending tasks, PriorityHint=NORMAL, isCritical=false)
06-18 07:18:31.634  4099  4153 W AppInitScheduler|Schedule:   Executing 369:PreloadStartupLightSharedPreferenceUsages
06-18 07:18:31.634  4099  4153 W OnProcessInitInvoker: Ignored missing AppInit dependency: 161:FixArtDebugging
06-18 07:18:31.635  4099  4157 W lacrima : FbErrorReportingConfig.earlyInit
06-18 07:18:31.635  4099  4159 W AppInitScheduler|Run: Running InitMultiProcessTracker, order=20, priorityHint=NORMAL 
06-18 07:18:31.635  4099  4161 W AppInitScheduler|Run: Running PreloadStartupLightSharedPreferenceUsages, order=24, priorityHint=NORMAL 
06-18 07:18:31.636  4099  4159 W AppInitScheduler|Run:   Finished InitMultiProcessTracker in 0ms
06-18 07:18:31.637  4099  4162 W FileBasedMultiProcessTracker: <default>: Initializing FileBasedMultiProcessTracking using /data/user/0/com.facebook.katana/app_multiprocess_tracking
06-18 07:18:31.637  4099  4162 W FileBasedMultiProcessTracker: <default>: Creating file to track 4099
06-18 07:18:31.640  4099  4162 W FileBasedMultiProcessTracker: <default>: FileBasedMultiProcessTracker ready!
06-18 07:18:31.641  4099  4158 W SoLoader: Initializing SoLoader: 2
06-18 07:18:31.646 11029 11715 V BinderSender: Uid 10625 already starts
06-18 07:18:31.646 10985 12287 V BinderSender: Uid 10625 already starts
06-18 07:18:31.655  4099  4158 W BackupSoSource: adding backup source from split: ExtractFromZipSoSource[/data/app/~~fr09-kafjaMKdS4fMYUYLQ==/com.facebook.katana-D83042GRT5d1FrzQk6s0-w==/split_heliumcore.apk]
06-18 07:18:31.657  4099  4158 W BackupSoSource: adding backup source from split: ExtractFromZipSoSource[/data/app/~~fr09-kafjaMKdS4fMYUYLQ==/com.facebook.katana-D83042GRT5d1FrzQk6s0-w==/split_heliumiab.apk]
06-18 07:18:31.663  4099  4164 W FileBasedMultiProcessTracker: <default>: Observed removed PID: 15570
06-18 07:18:31.670  4099  4158 W SoLoader: SoLoader initialized: 2
06-18 07:18:31.670  4099  4158 W FbSoLoader: Setting up native deps, useAssetManager=false
06-18 07:18:31.675  4099  4145 W InitStatus: Blocking Provider (180089577)
06-18 07:18:31.713  4099  4158 W FbSoLoader: Will use precomputed native lib dependencies file
06-18 07:18:31.715  4099  4099 E SlowAppComponent: 0ms: FacebookApplication instantiating…
06-18 07:18:31.717  4099  4158 W SoLoader: Prepending SoSource lib-compressed: SuperpackSoSource[root = /data/data/com.facebook.katana/lib-compressed flags = 1 split = dynamic split:base compressedPath = assets/lib/libs.spo identity = base]
06-18 07:18:31.721  4099  4099 W BackgroundStartupDetector: coldStartMode=DEFINITELY_BACKGROUND
06-18 07:18:31.722  4099  4158 W FbSoLoader: Initialized FBSoLoader
06-18 07:18:31.723  4099  4158 W AppInitScheduler|Run:   Finished InitSharedLibraries in 91ms
06-18 07:18:31.724  4099  4158 W AppInitScheduler|Schedule:   Executing 173:GeneratePerfStats
06-18 07:18:31.724  4099  4158 W AppInitScheduler|Schedule:   Executing 212:InitOxygenCrashReporter
06-18 07:18:31.728  4099  4167 W AppInitScheduler|Run: Running GeneratePerfStats [*], order=5, priorityHint=NORMAL 
06-18 07:18:31.729  4099  4099 W BackgroundStartupDetector: bgMode=BACKGROUND
06-18 07:18:31.729  4099  4099 E SlowAppComponent: -2ms: FirebaseInitCustomProvider instantiating…
06-18 07:18:31.729  4099  4099 E SlowAppComponent: -3ms: SecureMessagingKeyContentProvider instantiating…
06-18 07:18:31.729  4099  4099 E SlowAppComponent: -3ms: LastUsedTimestampProvider instantiating…
06-18 07:18:31.729  4099  4099 E SlowAppComponent: -3ms: FirstPartyUserValuesLiteProvider instantiating…
06-18 07:18:31.729  4099  4099 E SlowAppComponent: -3ms: FbContactsContentProvider instantiating…
06-18 07:18:31.730  4099  4099 E SlowAppComponent: -3ms: FileProvider instantiating…
06-18 07:18:31.730  4099  4099 E SlowAppComponent: -3ms: FirstPartyUserValuesProvider instantiating…
06-18 07:18:31.730  4099  4099 E SlowAppComponent: -3ms: MessagesDbContentProvider instantiating…
06-18 07:18:31.730  4099  4099 E SlowAppComponent: -3ms: UsdidValuesProvider instantiating…
06-18 07:18:31.730  4099  4099 E SlowAppComponent: -3ms: InstallReferrerProvider instantiating…
06-18 07:18:31.730  4099  4099 E SlowAppComponent: -3ms: AppManagerSsoProvider instantiating…
06-18 07:18:31.730  4099  4099 E SlowAppComponent: -3ms: ThreadsDbPropertiesContentProvider instantiating…
06-18 07:18:31.730  4099  4099 E SlowAppComponent: -4ms: ClientMessagePushDedupInfoProvider instantiating…
06-18 07:18:31.730  4099  4099 E SlowAppComponent: -4ms: PlatformProviderBase instantiating…
06-18 07:18:31.731  4099  4099 E SlowAppComponent: -4ms: DeferredDeeplinkProvider instantiating…
06-18 07:18:31.731  4099  4099 E SlowAppComponent: -4ms: ContactsConnectionsProvider instantiating…
06-18 07:18:31.731  4099  4099 E SlowAppComponent: -4ms: FeO2InAppContentProvider instantiating…
06-18 07:18:31.731  4099  4099 E SlowAppComponent: -4ms: UserValuesProvider instantiating…
06-18 07:18:31.731  4099  4099 E SlowAppComponent: -4ms: SecureFileProvider instantiating…
06-18 07:18:31.732  3158  3528 W BluetoothRemoteDevices: Address type mismatch for XX:XX:XX:XX:B2:D5, new type: 1
06-18 07:18:31.733  4099  4169 W AppInitScheduler|Run: Running InitOxygenCrashReporter, order=21, priorityHint=NORMAL 
06-18 07:18:31.734  4099  4099 E SlowAppComponent: 0ms: InitializationProvider instantiating…
06-18 07:18:31.734  4099  4169 W AppInitScheduler|Run:   Finished InitOxygenCrashReporter in 2ms
06-18 07:18:31.734  4099  4099 E SlowAppComponent: -1ms: PhotosProvider instantiating…
06-18 07:18:31.734  9384  2527 I NearbyDiscovery: (REDACTED) BloomFilterAdvManager: Detected bloom filter but too far away, ignoring. %sm, %s
06-18 07:18:31.734  4099  4099 E SlowAppComponent: -1ms: AttributionIdProvider instantiating…
06-18 07:18:31.734  4099  4099 E SlowAppComponent: -1ms: QuickExperimentContentProvider instantiating…
06-18 07:18:31.734  4099  4099 E SlowAppComponent: -1ms: TamAttachmentProvider instantiating…
06-18 07:18:31.734  4099  4099 E SlowAppComponent: -2ms: CacheProvider instantiating…
06-18 07:18:31.738  4099  4167 W AppInitScheduler|Run:   Finished GeneratePerfStats in 10ms
06-18 07:18:31.741  4099  4157 W AppStateLoggerNative: AppStateLoggerNative.initializeNativeCrashReporting not called.
06-18 07:18:31.741  4099  4157 W MemProcWatermarkReader: [AI] Failed to open zoneinfo file
06-18 07:18:31.742  4099  4099 E SlowAppComponent: Main thread was blocked for 103ms in the foreground starting with FacebookApplication
06-18 07:18:31.742  4099  4157 W lacrima : Start JavaAppDeathCrashDetector... X.0w1
06-18 07:18:31.747  4099  4157 W lacrima : Sending pending reports
06-18 07:18:31.749  4099  4157 W AppInitScheduler|Run:   Finished ReliabilityInitConfigureErrorReportingOnProcess in 116ms
06-18 07:18:31.749  4099  4157 W AppInitScheduler|Schedule:   Executing 238:LoadLibDexLoad
06-18 07:18:31.752  4099  4181 W AppInitScheduler|Run: Running LoadLibDexLoad [*], order=2, priorityHint=NORMAL 
06-18 07:18:31.765  4099  4171 W libc    : Access denied finding property "ro.hardware.chipname"
06-18 07:18:31.775  4099  4181 D nativeloader: Load /data/app/~~fr09-kafjaMKdS4fMYUYLQ==/com.facebook.katana-D83042GRT5d1FrzQk6s0-w==/lib/arm64/libbreakpad.so using class loader ns clns-9 (caller=/data/app/~~fr09-kafjaMKdS4fMYUYLQ==/com.facebook.katana-D83042GRT5d1FrzQk6s0-w==/base.apk): ok
06-18 07:18:31.782  4099  4181 D nativeloader: Load /data/data/com.facebook.katana/lib-compressed/libdexload.so using class loader ns clns-9 (caller=/data/app/~~fr09-kafjaMKdS4fMYUYLQ==/com.facebook.katana-D83042GRT5d1FrzQk6s0-w==/base.apk): ok
06-18 07:18:31.784  4099  4181 W AppInitScheduler|Run:   Finished LoadLibDexLoad in 32ms
06-18 07:18:31.784  4099  4181 W AppInitScheduler|Schedule:   Executing 408:SetupFbGlog
06-18 07:18:31.784  4099  4181 W AppInitScheduler|Schedule:   Executing 193:InitCrashLoopMitigation
06-18 07:18:31.784  4099  4181 W AppInitScheduler|Schedule:   Executing 195:InitDeadResourceDetection
06-18 07:18:31.785  4099  4159 W AppInitScheduler|Run: Running InitDeadResourceDetection, order=18, priorityHint=NORMAL 
06-18 07:18:31.785  4099  4159 W AppInitScheduler|Run:   Finished InitDeadResourceDetection in 0ms
06-18 07:18:31.787  4099  4185 W AppInitScheduler|Run: Running InitCrashLoopMitigation, order=17, priorityHint=NORMAL 
06-18 07:18:31.790  4099  4184 W AppInitScheduler|Run: Running SetupFbGlog [*], order=3, priorityHint=NORMAL 
06-18 07:18:31.794  4099  4184 W AppInitScheduler|Run:   Finished SetupFbGlog in 4ms
06-18 07:18:31.794  4099  4184 W AppInitScheduler|Schedule:   Executing 124:DisableRuntimeVerification
06-18 07:18:31.794  4099  4184 W AppInitScheduler|Schedule:   Executing 151:Fadvise
06-18 07:18:31.794  4099  4184 W AppInitScheduler|Schedule:   Executing 192:InitClassTracing
06-18 07:18:31.795  4099  4184 W AppInitScheduler|Run: Running Fadvise, order=15, priorityHint=NORMAL 
06-18 07:18:31.796  4099  4158 W AppInitScheduler|Run: Running DisableRuntimeVerification [*], order=4, priorityHint=NORMAL 
06-18 07:18:31.797  4099  4169 W AppInitScheduler|Run: Running InitClassTracing, order=16, priorityHint=NORMAL 
06-18 07:18:31.798  4099  4185 W DexLibLoader: integrateWithLibSigChain: integrating
06-18 07:18:31.799  4099  4185 W runtime-internals: sigaction64 succeeded
06-18 07:18:31.802  4099  4169 W AppInitScheduler|Run:   Finished InitClassTracing in 5ms
06-18 07:18:31.802  4099  4169 W AppInitScheduler|Schedule:   Executing 209:InitMemoryTracer
06-18 07:18:31.802  4099  4169 W AppInitScheduler|Run: Running InitMemoryTracer, order=19, priorityHint=NORMAL 
06-18 07:18:31.803  4099  4169 W AppInitScheduler|Run:   Finished InitMemoryTracer in 0ms
06-18 07:18:31.809  7935  8315 I netstats_mobile_sample: [0,0,0,0,0,0,0,0,1781738313012]
06-18 07:18:31.809  4099  4158 V v9p     : Not disabled
06-18 07:18:31.810  7935  8315 I netstats_wifi_sample: [1113968468,47772037,872906,226324,1113055542,45035377,869408,218599,1781738313012]
06-18 07:18:31.811  4099  4185 D runtime-internals: SuspendAndroid11: Found all symbols
06-18 07:18:31.811  4099  4185 D runtime-internals: SuspendAndroid11: Suspending threads.
06-18 07:18:31.812  4099  4185 D runtime-internals: SuspendAndroid11: Resuming threads.
06-18 07:18:31.812  4099  4185 V runtime-internals: hooked signal using trap ()
06-18 07:18:31.812  4099  4185 V runtime-internals: hooked sigaction using trap ()
06-18 07:18:31.813  4099  4185 I runtime-internals: integrateWithCrashLog crashlog: /data/user/0/com.facebook.katana/crash_log, insta_crashlog: /data/user/0/com.facebook.katana/insta_crash_log
06-18 07:18:31.813  4099  4158 I rtvip   : done
06-18 07:18:31.813  4099  4158 W AppInitScheduler|Run:   Finished DisableRuntimeVerification in 17ms
06-18 07:18:31.813  4099  4158 W AppInitScheduler|Schedule:   Executing 204:InitLacrimaEarlyNative
06-18 07:18:31.814  4099  4158 W AppInitScheduler|Schedule:   Executing 236:LoadDexes
06-18 07:18:31.814  4099  4158 W AppInitScheduler|Schedule:   Executing 245:MaybeTraceColdStart
06-18 07:18:31.815  4099  4158 W AppInitScheduler|Run: Running LoadDexes [*], order=7, priorityHint=NORMAL 
06-18 07:18:31.817  4099  4158 W DexTricksAppInit: Skipping dex loading.
06-18 07:18:31.817  4099  4158 W DexTricksAppInit: MultiDexClassLoaderLight: false
06-18 07:18:31.817  4099  4158 W DexTricksAppInit: ReflectionClassLoader: true
06-18 07:18:31.817  4099  4158 W DexTricksAppInit: isVanillaClassLoaderRequested: false
06-18 07:18:31.817  4099  4158 W AppInitScheduler|Run:   Finished LoadDexes in 3ms
06-18 07:18:31.817  4099  4158 W AppInitScheduler|Schedule:   Executing 230:IsolatedLongtailAppInit
06-18 07:18:31.817  4099  4158 W AppInitScheduler|Schedule:   Executing 0:AddMainDexStoreInfoToReliabilityLogging
06-18 07:18:31.817  4099  4158 W AppInitScheduler|Schedule:   Executing 271:MprotectCode
06-18 07:18:31.818  4099  4159 W AppInitScheduler|Run: Running InitLacrimaEarlyNative [*], order=6, priorityHint=NORMAL 
06-18 07:18:31.818  4099  4185 I runtime-internals: installed sigmux crash handler for crash log
06-18 07:18:31.818  4099  4185 W AppInitScheduler|Run:   Finished InitCrashLoopMitigation in 31ms
06-18 07:18:31.818  4099  4185 W AppInitScheduler|Run: Running AddMainDexStoreInfoToReliabilityLogging, order=14, priorityHint=NORMAL 
06-18 07:18:31.818  4099  4185 W AppInitScheduler|Run:   Finished AddMainDexStoreInfoToReliabilityLogging in 0ms
06-18 07:18:31.819  4099  4185 W AppInitScheduler|Run: Running MprotectCode, order=23, priorityHint=NORMAL 
06-18 07:18:31.819  4099  4181 W AppInitScheduler|Run: Running MaybeTraceColdStart [*], order=9, priorityHint=NORMAL 
06-18 07:18:31.820  4099  4184 W AppInitScheduler|Run:   Finished Fadvise in 25ms
06-18 07:18:31.820  4099  4167 W AppInitScheduler|Run: Running IsolatedLongtailAppInit [*], order=8, priorityHint=NORMAL 
06-18 07:18:31.820  4099  4167 W AppInitScheduler|Run:   Finished IsolatedLongtailAppInit in 1ms
06-18 07:18:31.825  4099  4185 W AppInitScheduler|Run:   Finished MprotectCode in 6ms
06-18 07:18:31.825  4099  4162 W ExperimentConfigurator: Initializing experiment with config: [{"matcher":"base.odex,base.vdex","op":0},{"matcher":".vdex","op":2,"p_start":0,"p_size":50,"bg_undo":true,"redo_bg":true,"lm_undo":true}]
06-18 07:18:31.827  4099  4162 W ExperimentConfigurator: Experiment initialized: 2 configs ready
06-18 07:18:31.827  4099  4162 W ForegroundStateHandler: Registered as GlobalAppState foreground listener
06-18 07:18:31.827  4099  4162 W ExperimentConfigurator: Using GlobalAppState listener for foreground/background events (exclusive)
06-18 07:18:31.853  4099  4181 W Profilo/TraceControl: Loom client config id: -7844826232076204940
06-18 07:18:31.853  4099  4181 W AppInitScheduler|Run:   Finished MaybeTraceColdStart in 34ms
06-18 07:18:31.857  4099  4159 W lacrima : The minidump file is empty!
06-18 07:18:31.859  4099  4159 W lacrima : Start AnrAppDeathDetector... X.01z
06-18 07:18:31.870  4099  4159 W AppInitScheduler|Run:   Finished InitLacrimaEarlyNative in 52ms
06-18 07:18:31.870  4099  4159 W AppInitScheduler|Schedule:   Executing 239:LoadVoltronModules
06-18 07:18:31.870  4099  4159 W AppInitScheduler|Schedule:   Executing 237:LoadLibColdStart
06-18 07:18:31.870  4099  4159 W AppInitScheduler|Run: Running LoadVoltronModules [*], order=10, priorityHint=NORMAL 
06-18 07:18:31.873  4099  4158 W AppInitScheduler|Run: Running LoadLibColdStart [*], order=22, priorityHint=NORMAL 
06-18 07:18:31.896  4099  4159 W AppInitScheduler|Run:   Finished LoadVoltronModules in 25ms
06-18 07:18:31.896  4099  4159 W AppInitScheduler|Schedule:   Executing 119:CreateApplicationImpl
06-18 07:18:31.896  4099  4159 W AppInitScheduler|Schedule:   Executing 229:InitUltralight
06-18 07:18:31.896  4099  4159 W AppInitScheduler|Schedule:   Executing 396:RunOnApplicationInit
06-18 07:18:31.904  4099  4159 W AppInitScheduler|Run: Running InitUltralight [*], order=12, priorityHint=CRITICAL_PATH 
06-18 07:18:31.904  4099  4184 W AppInitScheduler|Run: Running CreateApplicationImpl [*], order=11, priorityHint=CRITICAL_PATH 
06-18 07:18:31.907  4099  4167 W AppInitScheduler|Run: Running RunOnApplicationInit [*], order=13, priorityHint=CRITICAL_PATH 
06-18 07:18:31.928  4099  4158 D nativeloader: Load /data/app/~~fr09-kafjaMKdS4fMYUYLQ==/com.facebook.katana-D83042GRT5d1FrzQk6s0-w==/lib/arm64/libfbunwindstack.so using class loader ns clns-9 (caller=/data/app/~~fr09-kafjaMKdS4fMYUYLQ==/com.facebook.katana-D83042GRT5d1FrzQk6s0-w==/base.apk): ok
06-18 07:18:31.934  4099  4167 W AppInitScheduler|Schedule: Schedule 157:FbSharedPreferenceInitializer, deps=null (5 pending tasks, PriorityHint=VERY_HIGH, isCritical=true)
06-18 07:18:31.934  4099  4167 W AppInitScheduler|Schedule:   Executing 157:FbSharedPreferenceInitializer
06-18 07:18:31.935  4099  4185 W AppInitScheduler|Run: Running FbSharedPreferenceInitializer [*], order=25, priorityHint=VERY_HIGH 
06-18 07:18:31.936  4099  4184 W AppInitScheduler|Run:   Finished CreateApplicationImpl in 32ms
06-18 07:18:31.940  4099  4167 W AppInitScheduler|Schedule: Schedule 189:InitAuthentication, deps=null (5 pending tasks, PriorityHint=NORMAL, isCritical=true)
06-18 07:18:31.940  4099  4167 W AppInitScheduler|Schedule:   Executing 189:InitAuthentication
06-18 07:18:31.940  4099  4167 W AppInitScheduler|Schedule: Schedule 414:StartupDestinationAppInit, deps=[157, 189, 229] (6 pending tasks, PriorityHint=CRITICAL_PATH, isCritical=true)
06-18 07:18:31.949  4099  4167 W AppInitScheduler|Schedule: Schedule 264:MobileConfigAdminIdInit, deps=[189] (7 pending tasks, PriorityHint=VERY_HIGH, isCritical=true)
06-18 07:18:31.949  4099  4167 W AppInitScheduler|Schedule: Schedule 266:MobileConfigInit, deps=[189] (8 pending tasks, PriorityHint=VERY_HIGH, isCritical=true)
06-18 07:18:31.949  4099  4167 W AppInitScheduler|Schedule: Schedule 269:MobileConfigSessionlessInit, deps=null (9 pending tasks, PriorityHint=VERY_HIGH, isCritical=true)
06-18 07:18:31.949  4099  4167 W AppInitScheduler|Schedule:   Executing 269:MobileConfigSessionlessInit
06-18 07:18:31.951  4099  4167 W AppInitScheduler|Schedule: Schedule 198:InitExecutors, deps=null (10 pending tasks, PriorityHint=NORMAL, isCritical=true)
06-18 07:18:31.951  4099  4167 W AppInitScheduler|Schedule:   Executing 198:InitExecutors
06-18 07:18:31.951  4099  4167 W AppInitScheduler|Schedule: Schedule 415:StartupQPLInit, deps=[198, 264, 266, 269] (11 pending tasks, PriorityHint=VERY_HIGH, isCritical=true)
06-18 07:18:31.951  4099  4181 W AppInitScheduler|Run: Running InitAuthentication [*], order=26, priorityHint=NORMAL 
06-18 07:18:31.954  3724  3831 D NativePermissionController: checkPermission: missing 1 for 10659
06-18 07:18:31.954  3724  3831 D NativePermissionController: checkPermission: missing 3 for 10659
06-18 07:18:31.954  3724  3831 D NativePermissionController: checkPermission: missing 5 for 10659
06-18 07:18:31.955  3724  3831 W AudioFlinger: createTrack_l(): mismatch between requested flags (00000008) and output flags (00000000)
06-18 07:18:31.956  3724  3831 D AudioFlinger: Client defaulted notificationFrames to 5302 for frameCount 10604
06-18 07:18:31.956  3724  3831 I AF::PthrPatchRecord: creating track with enforcement level 0
06-18 07:18:31.956  4099  4167 W AppInitScheduler|Schedule: Schedule 354:PreloadFeedFullCacheLoad, deps=[414, 415] (12 pending tasks, PriorityHint=CRITICAL_PATH, isCritical=true)
06-18 07:18:31.961  4099  4157 W AppInitScheduler|Run: Running MobileConfigSessionlessInit [*], order=30, priorityHint=VERY_HIGH 
06-18 07:18:31.961  4099  4169 W AppInitScheduler|Run: Running InitExecutors [*], order=31, priorityHint=NORMAL 
06-18 07:18:31.972  3747  3789 I EffectsFactory: EffectCreate() create_effect
06-18 07:18:31.974  4099  4167 W AppInitScheduler|Schedule: Schedule 130:E2EForceMobileConfigFetch, deps=[266] (13 pending tasks, PriorityHint=NORMAL, isCritical=true)
06-18 07:18:31.974  4099  4167 W AppInitScheduler|Schedule: Schedule 131:E2EForceMobileConfigSessionlessFetch, deps=[269] (14 pending tasks, PriorityHint=NORMAL, isCritical=true)
06-18 07:18:31.974  4099  4167 W AppInitScheduler|Schedule: Schedule 395:RunEarlyInitForActivity, deps=[130, 131, 264, 414] (15 pending tasks, PriorityHint=CRITICAL_PATH, isCritical=true)
06-18 07:18:31.983  3724  3831 I APM::AudioPolicyEngine: getDevicesForStrategyInt no device found for strategy 8
06-18 07:18:31.984  4099  4167 W AppInitScheduler|Schedule: Schedule 420:StringResourcesDelegate, deps=[157, 198] (16 pending tasks, PriorityHint=HIGH, isCritical=true)
06-18 07:18:31.985  4099  4167 W AppInitScheduler|Schedule: Schedule 3:AnalyticsLoggerInit, deps=[198, 264, 266, 269] (17 pending tasks, PriorityHint=NORMAL, isCritical=true)
06-18 07:18:31.985  4099  4167 W AppInitScheduler|Schedule: Schedule 160:FdidInitSync, deps=[266] (18 pending tasks, PriorityHint=NORMAL, isCritical=true)
06-18 07:18:31.985  4099  4167 W AppInitScheduler|Schedule: Schedule 188:InitAppModuleFallbackLoader, deps=null (19 pending tasks, PriorityHint=NORMAL, isCritical=true)
06-18 07:18:31.985  4099  4167 W AppInitScheduler|Schedule:   Executing 188:InitAppModuleFallbackLoader
06-18 07:18:31.985  4099  4167 W AppInitScheduler|Schedule: Schedule 397:RunPerfMarkers, deps=[198, 245] (20 pending tasks, PriorityHint=NORMAL, isCritical=true)
06-18 07:18:31.985  4099  4167 W AppInitScheduler|Schedule: Schedule 218:InitPushLiteSdk, deps=[3, 397] (21 pending tasks, PriorityHint=NORMAL, isCritical=true)
06-18 07:18:31.985  4099  4167 W AppInitScheduler|Schedule: Schedule 235:LithoConfiguration, deps=[157, 198, 264, 266] (22 pending tasks, PriorityHint=NORMAL, isCritical=true)
06-18 07:18:31.985  4099  4167 W AppInitScheduler|Schedule: Schedule 379:PreloadWordmark, deps=[3] (23 pending tasks, PriorityHint=NORMAL, isCritical=true)
06-18 07:18:31.985  4099  4167 W AppInitScheduler|Schedule: Schedule 136:EagerInitImagePipeline, deps=[3] (24 pending tasks, PriorityHint=LOW, isCritical=true)
06-18 07:18:31.985  4099  4167 W AppInitScheduler|Schedule: Schedule 380:PrivacyUiiDetectionLogger, deps=[269] (25 pending tasks, PriorityHint=LOW, isCritical=true)
06-18 07:18:31.985  4099  4167 W AppInitScheduler|Schedule: Schedule 451:WaitForUIDependenciesInitializer, deps=[136, 160, 188, 218, 235, 354, 379, 380, 395, 420] (26 pending tasks, PriorityHint=CRITICAL_PATH, isCritical=true)
06-18 07:18:31.985  4099  4167 W AppInitScheduler|Schedule: Schedule 125:DismissSplashScreens, deps=[451] (27 pending tasks, PriorityHint=CRITICAL_PATH, isCritical=true)
06-18 07:18:31.985  4099  4167 W AppInitScheduler|Schedule: Schedule 134:EagerInitFBTigonLight, deps=[189, 237] (28 pending tasks, PriorityHint=CRITICAL_PATH, isCritical=true)
06-18 07:18:31.985  4099  4167 W AppInitScheduler|Schedule: Schedule 457:ZeroABTestStaticBootstrap, deps=null (29 pending tasks, PriorityHint=NORMAL, isCritical=true)
06-18 07:18:31.985  4099  4167 W AppInitScheduler|Schedule:   Executing 457:ZeroABTestStaticBootstrap
06-18 07:18:31.986  4099  4167 W AppInitScheduler|Schedule: Schedule 133:EagerInitFBTigon, deps=[134, 198, 269, 457] (30 pending tasks, PriorityHint=CRITICAL_PATH, isCritical=true)
06-18 07:18:31.986  4099  4167 W AppInitScheduler|Schedule: Schedule 139:EarlyFetchStartupDestinationAppInit, deps=[264, 414] (31 pending tasks, PriorityHint=CRITICAL_PATH, isCritical=true)
06-18 07:18:31.986  4099  4167 W AppInitScheduler|Schedule: Schedule 163:FixieEarlyBroadcastExecutor, deps=null (32 pending tasks, PriorityHint=CRITICAL_PATH, isCritical=true)
06-18 07:18:31.986  4099  4167 W AppInitScheduler|Schedule:   Executing 163:FixieEarlyBroadcastExecutor
06-18 07:18:31.986  4099  4167 W AppInitScheduler|Schedule: Schedule 418:StaticGraphServiceFactoryInitializer, deps=[237] (33 pending tasks, PriorityHint=CRITICAL_PATH, isCritical=true)
06-18 07:18:31.986  4099  4167 W AppInitScheduler|Schedule: Schedule 178:GraphServiceEagerInit, deps=[133, 418] (34 pending tasks, PriorityHint=CRITICAL_PATH, isCritical=true)
06-18 07:18:31.986  4099  4167 W AppInitScheduler|Schedule: Schedule 246:MaybeUnblockComponentsEarly, deps=[264, 266, 269] (35 pending tasks, PriorityHint=CRITICAL_PATH, isCritical=true)
06-18 07:18:31.986  4099  4167 W AppInitScheduler|Schedule: Schedule 113:CheckUnstableContentProvider, deps=[266] (36 pending tasks, PriorityHint=VERY_HIGH, isCritical=false)
06-18 07:18:31.986  4099  4167 W AppInitScheduler|Schedule: Schedule 158:FbSharedPreferenceInitializerAsync, deps=null (37 pending tasks, PriorityHint=VERY_HIGH, isCritical=false)
06-18 07:18:31.986  4099  4167 W AppInitScheduler|Schedule:   Executing 158:FbSharedPreferenceInitializerAsync
06-18 07:18:31.986  4099  4167 W AppInitScheduler|Schedule: Schedule 370:PreloadStartupLightSharedPreferenceUsagesAppInit, deps=null (38 pending tasks, PriorityHint=VERY_HIGH, isCritical=false)
06-18 07:18:31.986  4099  4167 W AppInitScheduler|Schedule:   Executing 370:PreloadStartupLightSharedPreferenceUsagesAppInit
06-18 07:18:31.986  4099  4167 W AppInitScheduler|Schedule: Schedule 459:ZeroV2GateEarlyInit, deps=null (39 pending tasks, PriorityHint=VERY_HIGH, isCritical=false)
06-18 07:18:31.986  4099  4167 W AppInitScheduler|Schedule:   Executing 459:ZeroV2GateEarlyInit
06-18 07:18:31.986  4099  4167 W AppInitScheduler|Schedule: Schedule 137:EarliestPossibleColdStartClassPreloadStarter, deps=null (40 pending tasks, PriorityHint=HIGH, isCritical=false)
06-18 07:18:31.986  4099  4167 W AppInitScheduler|Schedule:   Executing 137:EarliestPossibleColdStartClassPreloadStarter
06-18 07:18:31.986  4099  4167 W AppInitScheduler|Schedule: Schedule 357:PreloadFeedRequestHighPriority, deps=[414, 415] (41 pending tasks, PriorityHint=HIGH, isCritical=false)
06-18 07:18:31.986  4099  4167 W AppInitScheduler|Schedule: Schedule 455:WarmVolumeCache, deps=[157, 264] (42 pending tasks, PriorityHint=HIGH, isCritical=false)
06-18 07:18:31.986  4099  4167 W AppInitScheduler|Schedule: Schedule 1:AddProcessNameToErrorReport, deps=null (43 pending tasks, PriorityHint=NORMAL, isCritical=false)
06-18 07:18:31.986  4099  4167 W AppInitScheduler|Schedule:   Executing 1:AddProcessNameToErrorReport
06-18 07:18:31.986  4099  4167 W AppInitScheduler|Schedule: Schedule 2:AnalyticsInit, deps=[266] (44 pending tasks, PriorityHint=NORMAL, isCritical=false)
06-18 07:18:31.986  4099  4167 W AppInitScheduler|Schedule: Schedule 4:AnalyticsLoggerPostInitReplay, deps=[3] (45 pending tasks, PriorityHint=NORMAL, isCritical=false)
06-18 07:18:31.986  4099  4167 W AppInitScheduler|Schedule: Schedule 103:BloksInitializer, deps=[3] (46 pending tasks, PriorityHint=NORMAL, isCritical=false)
06-18 07:18:31.986  4099  4167 W AppInitScheduler|Schedule: Schedule 114:ClientCacheEdgeManagerInitializer, deps=[198, 264, 266, 414] (47 pending tasks, PriorityHint=NORMAL, isCritical=false)
06-18 07:18:31.986  4099  4167 W AppInitScheduler|Schedule: Schedule 115:ClientCacheEdgeManagerInitializerUserScoped, deps=[198, 266, 414] (48 pending tasks, PriorityHint=NORMAL, isCritical=false)
06-18 07:18:31.986  4099  4167 W AppInitScheduler|Schedule: Schedule 117:ComposerSavedSessionStoreInitializer, deps=[157, 189, 198] (49 pending tasks, PriorityHint=NORMAL, isCritical=false)
06-18 07:18:31.987  4099  4167 W AppInitScheduler|Schedule: Schedule 122:DgwEarlySyncInitializer, deps=[198, 237, 264, 266, 269, 457] (50 pending tasks, PriorityHint=NORMAL, isCritical=false)
06-18 07:18:31.987  4099  4167 W AppInitScheduler|Schedule: Schedule 129:DownloadedFbResources, deps=[266, 269] (51 pending tasks, PriorityHint=NORMAL, isCritical=false)
06-18 07:18:31.987  4099  4167 W AppInitScheduler|Schedule: Schedule 150:ErrorReporterSecondaryInit, deps=[157, 189, 198] (52 pending tasks, PriorityHint=NORMAL, isCritical=false)
06-18 07:18:31.987  4099  4167 W AppInitScheduler|Schedule: Schedule 152:Fb4aReactEagerInitHotMCUnpacker, deps=[157, 198, 266] (53 pending tasks, PriorityHint=NORMAL, isCritical=false)
06-18 07:18:31.987  4099  4167 W AppInitScheduler|Schedule: Schedule 154:FbMCPPluginInitializer, deps=[157, 237] (54 pending tasks, PriorityHint=NORMAL, isCritical=false)
06-18 07:18:31.987  4099  4167 W AppInitScheduler|Schedule: Schedule 155:FbMsysImmediateInitializer, deps=[3, 154] (55 pending tasks, PriorityHint=NORMAL, isCritical=false)
06-18 07:18:31.987  4099  4167 W AppInitScheduler|Schedule: Schedule 156:FbMsysPostBootstrapListenerRegistrarOnAppInit, deps=[198, 266, 269] (56 pending tasks, PriorityHint=NORMAL, isCritical=false)
06-18 07:18:31.987  4099  4159 W AppInitScheduler|Run:   Finished InitUltralight in 83ms
06-18 07:18:31.987  4099  4167 W AppInitScheduler|Schedule: Schedule 339:NotifyAppStateManagerOnCreateComplete, deps=[198, 266] (56 pending tasks, PriorityHint=NORMAL, isCritical=false)
06-18 07:18:31.987  4099  4167 W AppInitScheduler|Schedule: Schedule 159:FbSharedUIQREnvironment, deps=[157, 339] (57 pending tasks, PriorityHint=NORMAL, isCritical=false)
06-18 07:18:31.987  4099  4167 W AppInitScheduler|Schedule: Schedule 162:FixieActivityManagerHook, deps=null (58 pending tasks, PriorityHint=NORMAL, isCritical=false)
06-18 07:18:31.987  4099  4167 W AppInitScheduler|Schedule:   Executing 162:FixieActivityManagerHook
06-18 07:18:31.987  4099  4167 W AppInitScheduler|Schedule: Schedule 164:FixieLimitNativeStackSize, deps=null (59 pending tasks, PriorityHint=NORMAL, isCritical=false)
06-18 07:18:31.987  4099  4167 W AppInitScheduler|Schedule:   Executing 164:FixieLimitNativeStackSize
06-18 07:18:31.987  4099  4167 W AppInitScheduler|Schedule: Schedule 165:FixieNoSync, deps=[266] (60 pending tasks, PriorityHint=NORMAL, isCritical=false)
06-18 07:18:31.987  4099  4167 W AppInitScheduler|Schedule: Schedule 186:InitAppChoreographer, deps=null (61 pending tasks, PriorityHint=NORMAL, isCritical=false)
06-18 07:18:31.987  4099  4167 W AppInitScheduler|Schedule:   Executing 186:InitAppChoreographer
06-18 07:18:31.987  4099  4167 W AppInitScheduler|Schedule: Schedule 166:FixieScheduleIdleWork, deps=[186, 451] (62 pending tasks, PriorityHint=NORMAL, isCritical=false)
06-18 07:18:31.987  4099  4167 W AppInitScheduler|Schedule: Schedule 179:HandleAppComponentsForPreTosBuild, deps=null (63 pending tasks, PriorityHint=NORMAL, isCritical=false)
06-18 07:18:31.987  4099  4167 W AppInitScheduler|Schedule:   Executing 179:HandleAppComponentsForPreTosBuild
06-18 07:18:31.987  4099  4167 W AppInitScheduler|Schedule: Schedule 181:INeedInitForBroadcastReceiverRegister, deps=[415] (64 pending tasks, PriorityHint=NORMAL, isCritical=false)
06-18 07:18:31.987  4099  4167 W AppInitScheduler|Schedule: Schedule 182:INeedInitForEventBusRegister, deps=null (65 pending tasks, PriorityHint=NORMAL, isCritical=false)
06-18 07:18:31.987  4099  4167 W AppInitScheduler|Schedule:   Executing 182:INeedInitForEventBusRegister
06-18 07:18:31.987  4099  4167 W AppInitScheduler|Schedule: Schedule 184:INeedInitForSharedPrefsListenerRegister, deps=[264, 266, 269] (66 pending tasks, PriorityHint=NORMAL, isCritical=false)
06-18 07:18:31.987  4099  4167 W AppInitScheduler|Schedule: Schedule 185:InitAndroidX, deps=[236] (67 pending tasks, PriorityHint=NORMAL, isCritical=false)
06-18 07:18:31.987  4099  4167 W AppInitScheduler|Schedule:   Executing 185:InitAndroidX
06-18 07:18:31.988  4099  4167 W AppInitScheduler|Schedule: Schedule 200:InitFeedVpvSeenStore, deps=[157, 415] (68 pending tasks, PriorityHint=NORMAL, isCritical=false)
06-18 07:18:31.988  4099  4167 W AppInitScheduler|Schedule: Schedule 201:InitFury, deps=[266] (69 pending tasks, PriorityHint=NORMAL, isCritical=false)
06-18 07:18:31.988  4099  4167 W AppInitScheduler|Schedule: Schedule 202:InitHelium, deps=[266] (70 pending tasks, PriorityHint=NORMAL, isCritical=false)
06-18 07:18:31.988  4099  4167 W AppInitScheduler|Schedule: Schedule 205:InitLacrimaLaterInit, deps=[198, 204] (71 pending tasks, PriorityHint=NORMAL, isCritical=false)
06-18 07:18:31.988  4099  4167 W AppInitScheduler|Schedule: Schedule 206:InitLogging, deps=null (72 pending tasks, PriorityHint=NORMAL, isCritical=false)
06-18 07:18:31.988  4099  4167 W AppInitScheduler|Schedule:   Executing 206:InitLogging
06-18 07:18:31.988  4099  4167 W AppInitScheduler|Schedule: Schedule 207:InitMallocHooks, deps=null (73 pending tasks, PriorityHint=NORMAL, isCritical=false)
06-18 07:18:31.988  4099  4167 W AppInitScheduler|Schedule:   Executing 207:InitMallocHooks
06-18 07:18:31.988 11029 11715 V BinderSender: Uid 10637 already starts
06-18 07:18:31.988  4099  4167 W AppInitScheduler|Schedule: Schedule 208:InitMemoryDumpHandler, deps=[266] (74 pending tasks, PriorityHint=NORMAL, isCritical=false)
06-18 07:18:31.988  4099  4167 W AppInitScheduler|Schedule: Schedule 217:InitPushabilityCheck, deps=[178, 218] (75 pending tasks, PriorityHint=NORMAL, isCritical=false)
06-18 07:18:31.988  4099  4167 W AppInitScheduler|Schedule: Schedule 458:ZeroLibraryInitializer, deps=[3, 133, 157, 415, 459] (76 pending tasks, PriorityHint=NORMAL, isCritical=false)
06-18 07:18:31.988 11029 11715 V BinderSender: Uid 10625 already starts
06-18 07:18:31.988  4099  4167 W AppInitScheduler|Schedule: Schedule 219:InitReliableMedia, deps=[397, 458] (77 pending tasks, PriorityHint=NORMAL, isCritical=false)
06-18 07:18:31.988  4099  4167 W AppInitScheduler|Schedule: Schedule 225:InitSurfaces, deps=[198] (78 pending tasks, PriorityHint=NORMAL, isCritical=false)
06-18 07:18:31.988  4099  4167 W AppInitScheduler|Schedule: Schedule 226:InitSystrace, deps=null (79 pending tasks, PriorityHint=NORMAL, isCritical=false)
06-18 07:18:31.988  4099  4167 W AppInitScheduler|Schedule:   Executing 226:InitSystrace
06-18 07:18:31.988  4099  4167 W AppInitScheduler|Schedule: Schedule 228:InitTrafficNTS, deps=[133, 264, 266] (80 pending tasks, PriorityHint=NORMAL, isCritical=false)
06-18 07:18:31.988  4099  4167 W AppInitScheduler|Schedule: Schedule 232:LanguageSwitcherCommonExInit, deps=[159] (81 pending tasks, PriorityHint=NORMAL, isCritical=false)
